2026-03-14 20:22:10.595 18930-20657 IC705-Blue...pConnector com.bh6aap.ic705Cter                 D  【CIV指令】命令代码: 0x00
2026-03-14 20:22:10.595 18930-20657 IC705-Blue...pConnector com.bh6aap.ic705Cter                 D  【CIV指令】数据长度: 5 字节
2026-03-14 20:22:10.595 18930-20657 IC705-Blue...pConnector com.bh6aap.ic705Cter                 D  【CIV指令】数据内容: 0090844501
2026-03-14 20:22:10.595 18930-20657 IC705-Blue...pConnector com.bh6aap.ic705Cter                 I  【CIV指令】这是一个广播指令
2026-03-14 20:22:10.595 18930-20657 IC705-Blue...pConnector com.bh6aap.ic705Cter                 I  【CIV指令】指令来自IC-705电台
2026-03-14 20:22:10.595 18930-20657 IC705-Blue...ionManager com.bh6aap.ic705Cter                 D  【蓝牙连接】收到CIV指令: FEFE00A4000090844501FD
2026-03-14 20:22:10.596 18930-20657 IC705-CivController     com.bh6aap.ic705Cter                 I  【CIV解码】VFO A频率广播 | 源: IC-705 -> 目标: 广播 | 数据: FEFE00A4000090844501FD
2026-03-14 20:22:10.596 18930-20657 IC705-CivController     com.bh6aap.ic705Cter                 I  【CIV解码】VFO A频率更新: 145.849000MHz
2026-03-14 20:22:10.596 18930-20657 IC705-Blue...pConnector com.bh6aap.ic705Cter                 I  【蓝牙SPP】提取CIV指令，长度: 11 字节
2026-03-14 20:22:10.596 18930-20657 IC705-Blue...pConnector com.bh6aap.ic705Cter                 D  【蓝牙SPP】提取的CIV指令: FEFE00A4000070844501FD
2026-03-14 20:22:10.596 18930-20657 IC705-Blue...pConnector com.bh6aap.ic705Cter                 I  【CIV指令】处理CIV指令
2026-03-14 20:22:10.596 18930-20657 IC705-Blue...pConnector com.bh6aap.ic705Cter                 D  【CIV指令】目标地址: 0x00
2026-03-14 20:22:10.596 18930-20657 IC705-Blue...pConnector com.bh6aap.ic705Cter                 D  【CIV指令】源地址: 0xA4
2026-03-14 20:22:10.596 18930-20657 IC705-Blue...pConnector com.bh6aap.ic705Cter                 D  【CIV指令】命令代码: 0x00
2026-03-14 20:22:10.596 18930-20657 IC705-Blue...pConnector com.bh6aap.ic705Cter                 D  【CIV指令】数据长度: 5 字节
2026-03-14 20:22:10.597 18930-20657 IC705-Blue...pConnector com.bh6aap.ic705Cter                 D  【CIV指令】数据内容: 0070844501
2026-03-14 20:22:10.597 18930-20657 IC705-Blue...pConnector com.bh6aap.ic705Cter                 I  【CIV指令】这是一个广播指令
2026-03-14 20:22:10.597 18930-20657 IC705-Blue...pConnector com.bh6aap.ic705Cter                 I  【CIV指令】指令来自IC-705电台
2026-03-14 20:22:10.597 18930-20657 IC705-Blue...ionManager com.bh6aap.ic705Cter                 D  【蓝牙连接】收到CIV指令: FEFE00A4000070844501FD
2026-03-14 20:22:10.597 18930-20657 IC705-CivController     com.bh6aap.ic705Cter                 I  【CIV解码】VFO A频率广播 | 源: IC-705 -> 目标: 广播 | 数据: FEFE00A4000070844501FD
2026-03-14 20:22:10.597 18930-20657 IC705-CivController     com.bh6aap.ic705Cter                 I  【CIV解码】VFO A频率更新: 145.847000MHz
2026-03-14 20:22:10.598 18930-20657 IC705-Blue...pConnector com.bh6aap.ic705Cter                 I  【蓝牙SPP】提取CIV指令，长度: 11 字节
2026-03-14 20:22:10.598 18930-20657 IC705-Blue...pConnector com.bh6aap.ic705Cter                 D  【蓝牙SPP】提取的CIV指令: FEFE00A4000050844501FD
2026-03-14 20:22:10.598 18930-20657 IC705-Blue...pConnector com.bh6aap.ic705Cter                 I  【CIV指令】处理CIV指令
2026-03-14 20:22:10.598 18930-20657 IC705-Blue...pConnector com.bh6aap.ic705Cter                 D  【CIV指令】目标地址: 0x00
2026-03-14 20:22:10.598 18930-20657 IC705-Blue...pConnector com.bh6aap.ic705Cter                 D  【CIV指令】源地址: 0xA4
2026-03-14 20:22:10.598 18930-20657 IC705-Blue...pConnector com.bh6aap.ic705Cter                 D  【CIV指令】命令代码: 0x00
2026-03-14 20:22:10.598 18930-20657 IC705-Blue...pConnector com.bh6aap.ic705Cter                 D  【CIV指令】数据长度: 5 字节
2026-03-14 20:22:10.598 18930-20657 IC705-Blue...pConnector com.bh6aap.ic705Cter                 D  【CIV指令】数据内容: 0050844501
2026-03-14 20:22:10.598 18930-20657 IC705-Blue...pConnector com.bh6aap.ic705Cter                 I  【CIV指令】这是一个广播指令
2026-03-14 20:22:10.598 18930-20657 IC705-Blue...pConnector com.bh6aap.ic705Cter                 I  【CIV指令】指令来自IC-705电台
2026-03-14 20:22:10.598 18930-20657 IC705-Blue...ionManager com.bh6aap.ic705Cter                 D  【蓝牙连接】收到CIV指令: FEFE00A4000050844501FD
2026-03-14 20:22:10.599 18930-20657 IC705-CivController     com.bh6aap.ic705Cter                 I  【CIV解码】VFO A频率广播 | 源: IC-705 -> 目标: 广播 | 数据: FEFE00A4000050844501FD
2026-03-14 20:22:10.599 18930-20657 IC705-CivController     com.bh6aap.ic705Cter                 I  【CIV解码】VFO A频率更新: 145.845000MHz
2026-03-14 20:22:10.599 18930-20657 IC705-Blue...pConnector com.bh6aap.ic705Cter                 I  【蓝牙SPP】提取CIV指令，长度: 11 字节
2026-03-14 20:22:10.599 18930-20657 IC705-Blue...pConnector com.bh6aap.ic705Cter                 D  【蓝牙SPP】提取的CIV指令: FEFE00A4000040844501FD
2026-03-14 20:22:10.599 18930-20657 IC705-Blue...pConnector com.bh6aap.ic705Cter                 I  【CIV指令】处理CIV指令
2026-03-14 20:22:10.599 18930-20657 IC705-Blue...pConnector com.bh6aap.ic705Cter                 D  【CIV指令】目标地址: 0x00
2026-03-14 20:22:10.599 18930-20657 IC705-Blue...pConnector com.bh6aap.ic705Cter                 D  【CIV指令】源地址: 0xA4
2026-03-14 20:22:10.600 18930-20657 IC705-Blue...pConnector com.bh6aap.ic705Cter                 D  【CIV指令】命令代码: 0x00
2026-03-14 20:22:10.600 18930-20657 IC705-Blue...pConnector com.bh6aap.ic705Cter                 D  【CIV指令】数据长度: 5 字节
2026-03-14 20:22:10.600 18930-20657 IC705-Blue...pConnector com.bh6aap.ic705Cter                 D  【CIV指令】数据内容: 0040844501
2026-03-14 20:22:10.600 18930-20657 IC705-Blue...pConnector com.bh6aap.ic705Cter                 I  【CIV指令】这是一个广播指令
2026-03-14 20:22:10.600 18930-20657 IC705-Blue...pConnector com.bh6aap.ic705Cter                 I  【CIV指令】指令来自IC-705电台
2026-03-14 20:22:10.600 18930-20657 IC705-Blue...ionManager com.bh6aap.ic705Cter                 D  【蓝牙连接】收到CIV指令: FEFE00A4000040844501FD
2026-03-14 20:22:10.600 18930-20657 IC705-CivController     com.bh6aap.ic705Cter                 I  【CIV解码】VFO A频率广播 | 源: IC-705 -> 目标: 广播 | 数据: FEFE00A4000040844501FD
2026-03-14 20:22:10.601 18930-20657 IC705-CivController     com.bh6aap.ic705Cter                 I  【CIV解码】VFO A频率更新: 145.844000MHz
2026-03-14 20:22:10.605 18930-18930 IC705-Freq...lAvoidance com.bh6aap.ic705Cter                 I  检测到频率变化 2000Hz，启动避让
2026-03-14 20:22:10.605 18930-18930 IC705-Freq...lAvoidance com.bh6aap.ic705Cter                 I  【避让开始】暂停自动跟踪，等待用户调整完成...
2026-03-14 20:22:10.605 18930-18930 IC705-Sate...Controller com.bh6aap.ic705Cter                 I  【避让回调】用户开始调整频率，暂停自动跟踪
2026-03-14 20:22:10.609 18930-18930 IC705-Freq...lAvoidance com.bh6aap.ic705Cter                 I  检测到频率变化 3000Hz，启动避让
2026-03-14 20:22:10.711 18930-18930 IC705-Freq...lAvoidance com.bh6aap.ic705Cter                 I  【避让结束】恢复自动控制，用户频率: 145.844000 MHz
2026-03-14 20:22:10.712 18930-18930 IC705-Sate...Controller com.bh6aap.ic705Cter                 I  【避让回调】用户调整完成，恢复自动跟踪，新基准: 145.844 MHz
2026-03-14 20:22:10.713 18930-18930 IC705-Sate...Controller com.bh6aap.ic705Cter                 I  【用户调整】从地面频率反推卫星频率 - 地面下行: 145.844MHz, 卫星下行: 145.84149619566983MHz, 卫星上行: 435.1335038043302MHz, 地面上行: 435.1260334397258MHz
2026-03-14 20:22:10.713 18930-18930 IC705-CivController     com.bh6aap.ic705Cter                 I  【CIV】设置 VFO A 频率: 145.844 MHz
2026-03-14 20:22:10.714 18930-18930 IC705-CivController     com.bh6aap.ic705Cter                 I  【CIV】发送指令 0x25 并等待响应
2026-03-14 20:22:10.714 18930-19072 IC705-Blue...pConnector com.bh6aap.ic705Cter                 D  【蓝牙SPP】发送数据: FEFEA4E025000040844501FD
2026-03-14 20:22:10.715 18930-19072 IC705-Blue...pConnector com.bh6aap.ic705Cter                 D  【蓝牙SPP】数据发送成功
2026-03-14 20:22:10.724 18930-19352 IC705-PredictiveDoppler com.bh6aap.ic705Cter                 D  多普勒预测: 当前=2504Hz, 变化率=1Hz/s, 预测=2504Hz (提前300ms)
2026-03-14 20:22:10.765 18930-20657 IC705-Blue...pConnector com.bh6aap.ic705Cter                 D  【蓝牙SPP】读取到 6 字节数据
2026-03-14 20:22:10.765 18930-20657 IC705-Blue...pConnector com.bh6aap.ic705Cter                 I  【蓝牙SPP】收到数据，长度: 6 字节
2026-03-14 20:22:10.766 18930-20657 IC705-Blue...pConnector com.bh6aap.ic705Cter                 D  【蓝牙SPP】接收到的数据: FEFEE0A4FBFD
2026-03-14 20:22:10.766 18930-20657 IC705-Blue...ionManager com.bh6aap.ic705Cter                 D  【蓝牙连接】收到数据: FEFEE0A4FBFD
2026-03-14 20:22:10.766 18930-20657 IC705-Blue...pConnector com.bh6aap.ic705Cter                 I  【蓝牙SPP】提取CIV指令，长度: 6 字节
2026-03-14 20:22:10.767 18930-20657 IC705-Blue...pConnector com.bh6aap.ic705Cter                 D  【蓝牙SPP】提取的CIV指令: FEFEE0A4FBFD
2026-03-14 20:22:10.767 18930-20657 IC705-Blue...pConnector com.bh6aap.ic705Cter                 I  【CIV指令】处理CIV指令
2026-03-14 20:22:10.767 18930-20657 IC705-Blue...pConnector com.bh6aap.ic705Cter                 D  【CIV指令】目标地址: 0xE0
2026-03-14 20:22:10.767 18930-20657 IC705-Blue...pConnector com.bh6aap.ic705Cter                 D  【CIV指令】源地址: 0xA4
2026-03-14 20:22:10.768 18930-20657 IC705-Blue...pConnector com.bh6aap.ic705Cter                 D  【CIV指令】命令代码: 0xFB
2026-03-14 20:22:10.768 18930-20657 IC705-Blue...pConnector com.bh6aap.ic705Cter                 I  【CIV指令】指令来自IC-705电台
2026-03-14 20:22:10.768 18930-20657 IC705-Blue...ionManager com.bh6aap.ic705Cter                 D  【蓝牙连接】收到CIV指令: FEFEE0A4FBFD
2026-03-14 20:22:10.769 18930-20657 IC705-CivController     com.bh6aap.ic705Cter                 I  【CIV解码】成功响应 | 源: IC-705 -> 目标: 控制器 | 数据: FEFEE0A4FBFD
2026-03-14 20:22:10.769 18930-18930 IC705-CivController     com.bh6aap.ic705Cter                 I  【CIV】收到响应
2026-03-14 20:22:10.770 18930-18930 IC705-CivController     com.bh6aap.ic705Cter                 I  【CIV】设置 VFO B 频率: 435.126033 MHz
2026-03-14 20:22:10.770 18930-18930 IC705-CivController     com.bh6aap.ic705Cter                 I  【CIV】发送指令 0x25 并等待响应
2026-03-14 20:22:10.771 18930-19352 IC705-Blue...pConnector com.bh6aap.ic705Cter                 D  【蓝牙SPP】发送数据: FEFEA4E025013360123504FD
2026-03-14 20:22:10.771 18930-19352 IC705-Blue...pConnector com.bh6aap.ic705Cter                 D  【蓝牙SPP】数据发送成功
2026-03-14 20:22:10.830 18930-20657 IC705-Blue...pConnector com.bh6aap.ic705Cter                 D  【蓝牙SPP】读取到 6 字节数据
2026-03-14 20:22:10.831 18930-20657 IC705-Blue...pConnector com.bh6aap.ic705Cter                 I  【蓝牙SPP】收到数据，长度: 6 字节
2026-03-14 20:22:10.831 18930-20657 IC705-Blue...pConnector com.bh6aap.ic705Cter                 D  【蓝牙SPP】接收到的数据: FEFEE0A4FBFD
2026-03-14 20:22:10.831 18930-20657 IC705-Blue...ionManager com.bh6aap.ic705Cter                 D  【蓝牙连接】收到数据: FEFEE0A4FBFD
2026-03-14 20:22:10.831 18930-20657 IC705-Blue...pConnector com.bh6aap.ic705Cter                 I  【蓝牙SPP】提取CIV指令，长度: 6 字节
2026-03-14 20:22:10.831 18930-20657 IC705-Blue...pConnector com.bh6aap.ic705Cter                 D  【蓝牙SPP】提取的CIV指令: FEFEE0A4FBFD
2026-03-14 20:22:10.831 18930-20657 IC705-Blue...pConnector com.bh6aap.ic705Cter                 I  【CIV指令】处理CIV指令
2026-03-14 20:22:10.831 18930-20657 IC705-Blue...pConnector com.bh6aap.ic705Cter                 D  【CIV指令】目标地址: 0xE0
2026-03-14 20:22:10.832 18930-20657 IC705-Blue...pConnector com.bh6aap.ic705Cter                 D  【CIV指令】源地址: 0xA4
2026-03-14 20:22:10.832 18930-20657 IC705-Blue...pConnector com.bh6aap.ic705Cter                 D  【CIV指令】命令代码: 0xFB
2026-03-14 20:22:10.832 18930-20657 IC705-Blue...pConnector com.bh6aap.ic705Cter                 I  【CIV指令】指令来自IC-705电台
2026-03-14 20:22:10.832 18930-20657 IC705-Blue...ionManager com.bh6aap.ic705Cter                 D  【蓝牙连接】收到CIV指令: FEFEE0A4FBFD
2026-03-14 20:22:10.832 18930-20657 IC705-CivController     com.bh6aap.ic705Cter                 I  【CIV解码】成功响应 | 源: IC-705 -> 目标: 控制器 | 数据: FEFEE0A4FBFD
2026-03-14 20:22:10.834 18930-18930 IC705-CivController     com.bh6aap.ic705Cter                 I  【CIV】收到响应
2026-03-14 20:22:11.239 18930-19352 IC705-PredictiveDoppler com.bh6aap.ic705Cter                 D  多普勒预测: 当前=2505Hz, 变化率=1Hz/s, 预测=2505Hz (提前300ms)
2026-03-14 20:22:11.297 18930-18930 IC705-CivController     com.bh6aap.ic705Cter                 I  【CIV】设置 VFO A 频率: 145.844001 MHz
2026-03-14 20:22:11.298 18930-18930 IC705-CivController     com.bh6aap.ic705Cter                 I  【CIV】发送指令 0x25 并等待响应
2026-03-14 20:22:11.298 18930-19352 IC705-Blue...pConnector com.bh6aap.ic705Cter                 D  【蓝牙SPP】发送数据: FEFEA4E025000140844501FD
2026-03-14 20:22:11.299 18930-19352 IC705-Blue...pConnector com.bh6aap.ic705Cter                 D  【蓝牙SPP】数据发送成功
2026-03-14 20:22:11.335 18930-20657 IC705-Blue...pConnector com.bh6aap.ic705Cter                 D  【蓝牙SPP】读取到 6 字节数据
2026-03-14 20:22:11.335 18930-20657 IC705-Blue...pConnector com.bh6aap.ic705Cter                 I  【蓝牙SPP】收到数据，长度: 6 字节
2026-03-14 20:22:11.335 18930-20657 IC705-Blue...pConnector com.bh6aap.ic705Cter                 D  【蓝牙SPP】接收到的数据: FEFEE0A4FBFD
2026-03-14 20:22:11.336 18930-20657 IC705-Blue...ionManager com.bh6aap.ic705Cter                 D  【蓝牙连接】收到数据: FEFEE0A4FBFD
2026-03-14 20:22:11.336 18930-20657 IC705-Blue...pConnector com.bh6aap.ic705Cter                 I  【蓝牙SPP】提取CIV指令，长度: 6 字节
2026-03-14 20:22:11.336 18930-20657 IC705-Blue...pConnector com.bh6aap.ic705Cter                 D  【蓝牙SPP】提取的CIV指令: FEFEE0A4FBFD
2026-03-14 20:22:11.336 18930-20657 IC705-Blue...pConnector com.bh6aap.ic705Cter                 I  【CIV指令】处理CIV指令
2026-03-14 20:22:11.337 18930-20657 IC705-Blue...pConnector com.bh6aap.ic705Cter                 D  【CIV指令】目标地址: 0xE0
2026-03-14 20:22:11.337 18930-20657 IC705-Blue...pConnector com.bh6aap.ic705Cter                 D  【CIV指令】源地址: 0xA4
2026-03-14 20:22:11.337 18930-20657 IC705-Blue...pConnector com.bh6aap.ic705Cter                 D  【CIV指令】命令代码: 0xFB
2026-03-14 20:22:11.337 18930-20657 IC705-Blue...pConnector com.bh6aap.ic705Cter                 I  【CIV指令】指令来自IC-705电台
2026-03-14 20:22:11.338 18930-20657 IC705-Blue...ionManager com.bh6aap.ic705Cter                 D  【蓝牙连接】收到CIV指令: FEFEE0A4FBFD
2026-03-14 20:22:11.338 18930-20657 IC705-CivController     com.bh6aap.ic705Cter                 I  【CIV解码】成功响应 | 源: IC-705 -> 目标: 控制器 | 数据: FEFEE0A4FBFD
2026-03-14 20:22:11.339 18930-18930 IC705-CivController     com.bh6aap.ic705Cter                 I  【CIV】收到响应
2026-03-14 20:22:11.339 18930-18930 IC705-CivController     com.bh6aap.ic705Cter                 I  【CIV】设置 VFO B 频率: 435.126029 MHz
2026-03-14 20:22:11.339 18930-18930 IC705-CivController     com.bh6aap.ic705Cter                 I  【CIV】发送指令 0x25 并等待响应
2026-03-14 20:22:11.340 18930-19352 IC705-Blue...pConnector com.bh6aap.ic705Cter                 D  【蓝牙SPP】发送数据: FEFEA4E025012960123504FD
2026-03-14 20:22:11.341 18930-19352 IC705-Blue...pConnector com.bh6aap.ic705Cter                 D  【蓝牙SPP】数据发送成功
2026-03-14 20:22:11.359 18930-20657 IC705-Blue...pConnector com.bh6aap.ic705Cter                 D  【蓝牙SPP】读取到 6 字节数据
2026-03-14 20:22:11.359 18930-20657 IC705-Blue...pConnector com.bh6aap.ic705Cter                 I  【蓝牙SPP】收到数据，长度: 6 字节
2026-03-14 20:22:11.360 18930-20657 IC705-Blue...pConnector com.bh6aap.ic705Cter                 D  【蓝牙SPP】接收到的数据: FEFEE0A4FBFD
2026-03-14 20:22:11.360 18930-20657 IC705-Blue...ionManager com.bh6aap.ic705Cter                 D  【蓝牙连接】收到数据: FEFEE0A4FBFD
2026-03-14 20:22:11.360 18930-20657 IC705-Blue...pConnector com.bh6aap.ic705Cter                 I  【蓝牙SPP】提取CIV指令，长度: 6 字节
2026-03-14 20:22:11.361 18930-20657 IC705-Blue...pConnector com.bh6aap.ic705Cter                 D  【蓝牙SPP】提取的CIV指令: FEFEE0A4FBFD
2026-03-14 20:22:11.361 18930-20657 IC705-Blue...pConnector com.bh6aap.ic705Cter                 I  【CIV指令】处理CIV指令
2026-03-14 20:22:11.361 18930-20657 IC705-Blue...pConnector com.bh6aap.ic705Cter                 D  【CIV指令】目标地址: 0xE0
2026-03-14 20:22:11.362 18930-20657 IC705-Blue...pConnector com.bh6aap.ic705Cter                 D  【CIV指令】源地址: 0xA4
2026-03-14 20:22:11.362 18930-20657 IC705-Blue...pConnector com.bh6aap.ic705Cter                 D  【CIV指令】命令代码: 0xFB
2026-03-14 20:22:11.362 18930-20657 IC705-Blue...pConnector com.bh6aap.ic705Cter                 I  【CIV指令】指令来自IC-705电台
2026-03-14 20:22:11.362 18930-20657 IC705-Blue...ionManager com.bh6aap.ic705Cter                 D  【蓝牙连接】收到CIV指令: FEFEE0A4FBFD
2026-03-14 20:22:11.363 18930-20657 IC705-CivController     com.bh6aap.ic705Cter                 I  【CIV解码】成功响应 | 源: IC-705 -> 目标: 控制器 | 数据: FEFEE0A4FBFD
2026-03-14 20:22:11.364 18930-18930 IC705-CivController     com.bh6aap.ic705Cter                 I  【CIV】收到响应
2026-03-14 20:22:11.756 18930-19352 IC705-PredictiveDoppler com.bh6aap.ic705Cter                 D  多普勒预测: 当前=2505Hz, 变化率=1Hz/s, 预测=2506Hz (提前300ms)
2026-03-14 20:22:12.101 18930-18930 MIUIInput               com.bh6aap.ic705Cter                 I  [MotionEvent] ViewRootImpl windowName 'com.bh6aap.ic705Cter/com.bh6aap.ic705Cter.SatelliteTrackingActivity', { action=ACTION_DOWN, id[0]=0, pointerCount=1, eventTime=108621427, downTime=108621427, phoneEventTime=20:22:12.077 } moveCount:0
2026-03-14 20:22:12.101 18930-18930 VRI[Satell...gActivity] com.bh6aap.ic705Cter                 D  getMiuiFreeformStackInfo mTmpFrames.miuiFreeFormStackInfo: null
2026-03-14 20:22:12.185 18930-18930 MIUIInput               com.bh6aap.ic705Cter                 I  [MotionEvent] ViewRootImpl windowName 'com.bh6aap.ic705Cter/com.bh6aap.ic705Cter.SatelliteTrackingActivity', { action=ACTION_UP, id[0]=0, pointerCount=1, eventTime=108621528, downTime=108621427, phoneEventTime=20:22:12.178 } moveCount:1
2026-03-14 20:22:12.187 18930-18930 IC705-Sate...Controller com.bh6aap.ic705Cter                 I  设置自定义模式: true
2026-03-14 20:22:12.213 18930-18930 IC705-Sate...Controller com.bh6aap.ic705Cter                 I  数据库中没有预设，使用转发器默认频率 - 上行: 435.1 MHz, 下行: 145.855 MHz
2026-03-14 20:22:12.213 18930-18930 IC705-Sate...Controller com.bh6aap.ic705Cter                 I  自定义模式基准频率初始化 - 卫星下行: 145.855 MHz, 卫星上行: 435.1 MHz, 地面下行: 145.8575062324609 MHz, 地面上行: 435.0925236588136 MHz
2026-03-14 20:22:12.213 18930-18930 IC705-Sate...Controller com.bh6aap.ic705Cter                 I  自定义模式重新计算 - 卫星下行: 145.855 MHz, 卫星上行: 435.1 MHz, 地面下行: 145.8575062324609 MHz, 地面上行: 435.0925236588136 MHz
2026-03-14 20:22:12.213 18930-18930 IC705-CivController     com.bh6aap.ic705Cter                 I  【CIV】设置 VFO A 频率: 145.857506 MHz
2026-03-14 20:22:12.214 18930-18930 IC705-CivController     com.bh6aap.ic705Cter                 I  【CIV】发送指令 0x25 并等待响应
2026-03-14 20:22:12.214 18930-19352 IC705-Blue...pConnector com.bh6aap.ic705Cter                 D  【蓝牙SPP】发送数据: FEFEA4E025000675854501FD
2026-03-14 20:22:12.214 18930-19352 IC705-Blue...pConnector com.bh6aap.ic705Cter                 D  【蓝牙SPP】数据发送成功
2026-03-14 20:22:12.257 18930-20657 IC705-Blue...pConnector com.bh6aap.ic705Cter                 D  【蓝牙SPP】读取到 6 字节数据
2026-03-14 20:22:12.257 18930-20657 IC705-Blue...pConnector com.bh6aap.ic705Cter                 I  【蓝牙SPP】收到数据，长度: 6 字节
2026-03-14 20:22:12.257 18930-20657 IC705-Blue...pConnector com.bh6aap.ic705Cter                 D  【蓝牙SPP】接收到的数据: FEFEE0A4FBFD
2026-03-14 20:22:12.257 18930-20657 IC705-Blue...ionManager com.bh6aap.ic705Cter                 D  【蓝牙连接】收到数据: FEFEE0A4FBFD
2026-03-14 20:22:12.258 18930-20657 IC705-Blue...pConnector com.bh6aap.ic705Cter                 I  【蓝牙SPP】提取CIV指令，长度: 6 字节
2026-03-14 20:22:12.258 18930-20657 IC705-Blue...pConnector com.bh6aap.ic705Cter                 D  【蓝牙SPP】提取的CIV指令: FEFEE0A4FBFD
2026-03-14 20:22:12.258 18930-20657 IC705-Blue...pConnector com.bh6aap.ic705Cter                 I  【CIV指令】处理CIV指令
2026-03-14 20:22:12.258 18930-20657 IC705-Blue...pConnector com.bh6aap.ic705Cter                 D  【CIV指令】目标地址: 0xE0
2026-03-14 20:22:12.259 18930-20657 IC705-Blue...pConnector com.bh6aap.ic705Cter                 D  【CIV指令】源地址: 0xA4
2026-03-14 20:22:12.259 18930-20657 IC705-Blue...pConnector com.bh6aap.ic705Cter                 D  【CIV指令】命令代码: 0xFB
2026-03-14 20:22:12.259 18930-20657 IC705-Blue...pConnector com.bh6aap.ic705Cter                 I  【CIV指令】指令来自IC-705电台
2026-03-14 20:22:12.259 18930-20657 IC705-Blue...ionManager com.bh6aap.ic705Cter                 D  【蓝牙连接】收到CIV指令: FEFEE0A4FBFD
2026-03-14 20:22:12.259 18930-20657 IC705-CivController     com.bh6aap.ic705Cter                 I  【CIV解码】成功响应 | 源: IC-705 -> 目标: 控制器 | 数据: FEFEE0A4FBFD
2026-03-14 20:22:12.260 18930-18930 IC705-CivController     com.bh6aap.ic705Cter                 I  【CIV】收到响应
2026-03-14 20:22:12.260 18930-18930 IC705-CivController     com.bh6aap.ic705Cter                 I  【CIV】设置 VFO B 频率: 435.092524 MHz
2026-03-14 20:22:12.260 18930-18930 IC705-CivController     com.bh6aap.ic705Cter                 I  【CIV】发送指令 0x25 并等待响应
2026-03-14 20:22:12.261 18930-19072 IC705-Blue...pConnector com.bh6aap.ic705Cter                 D  【蓝牙SPP】发送数据: FEFEA4E025012425093504FD
2026-03-14 20:22:12.261 18930-19072 IC705-Blue...pConnector com.bh6aap.ic705Cter                 D  【蓝牙SPP】数据发送成功
2026-03-14 20:22:12.265 18930-19352 IC705-PredictiveDoppler com.bh6aap.ic705Cter                 D  多普勒预测: 当前=2506Hz, 变化率=1Hz/s, 预测=2506Hz (提前300ms)
2026-03-14 20:22:12.290 18930-20657 IC705-Blue...pConnector com.bh6aap.ic705Cter                 D  【蓝牙SPP】读取到 6 字节数据
2026-03-14 20:22:12.290 18930-20657 IC705-Blue...pConnector com.bh6aap.ic705Cter                 I  【蓝牙SPP】收到数据，长度: 6 字节
2026-03-14 20:22:12.290 18930-20657 IC705-Blue...pConnector com.bh6aap.ic705Cter                 D  【蓝牙SPP】接收到的数据: FEFEE0A4FBFD
2026-03-14 20:22:12.291 18930-20657 IC705-Blue...ionManager com.bh6aap.ic705Cter                 D  【蓝牙连接】收到数据: FEFEE0A4FBFD
2026-03-14 20:22:12.291 18930-20657 IC705-Blue...pConnector com.bh6aap.ic705Cter                 I  【蓝牙SPP】提取CIV指令，长度: 6 字节
2026-03-14 20:22:12.291 18930-20657 IC705-Blue...pConnector com.bh6aap.ic705Cter                 D  【蓝牙SPP】提取的CIV指令: FEFEE0A4FBFD
2026-03-14 20:22:12.291 18930-20657 IC705-Blue...pConnector com.bh6aap.ic705Cter                 I  【CIV指令】处理CIV指令
2026-03-14 20:22:12.291 18930-20657 IC705-Blue...pConnector com.bh6aap.ic705Cter                 D  【CIV指令】目标地址: 0xE0
2026-03-14 20:22:12.291 18930-20657 IC705-Blue...pConnector com.bh6aap.ic705Cter                 D  【CIV指令】源地址: 0xA4
2026-03-14 20:22:12.291 18930-20657 IC705-Blue...pConnector com.bh6aap.ic705Cter                 D  【CIV指令】命令代码: 0xFB
2026-03-14 20:22:12.291 18930-20657 IC705-Blue...pConnector com.bh6aap.ic705Cter                 I  【CIV指令】指令来自IC-705电台
2026-03-14 20:22:12.291 18930-20657 IC705-Blue...ionManager com.bh6aap.ic705Cter                 D  【蓝牙连接】收到CIV指令: FEFEE0A4FBFD
2026-03-14 20:22:12.292 18930-20657 IC705-CivController     com.bh6aap.ic705Cter                 I  【CIV解码】成功响应 | 源: IC-705 -> 目标: 控制器 | 数据: FEFEE0A4FBFD
2026-03-14 20:22:12.292 18930-18930 IC705-CivController     com.bh6aap.ic705Cter                 I  【CIV】收到响应
2026-03-14 20:22:12.322 18930-18930 IC705-CivController     com.bh6aap.ic705Cter                 I  【CIV】设置 VFO A 频率: 145.857507 MHz
2026-03-14 20:22:12.322 18930-18930 IC705-CivController     com.bh6aap.ic705Cter                 I  【CIV】发送指令 0x25 并等待响应
2026-03-14 20:22:12.324 18930-19352 IC705-Blue...pConnector com.bh6aap.ic705Cter                 D  【蓝牙SPP】发送数据: FEFEA4E025000775854501FD
2026-03-14 20:22:12.324 18930-19352 IC705-Blue...pConnector com.bh6aap.ic705Cter                 D  【蓝牙SPP】数据发送成功
2026-03-14 20:22:12.343 18930-20657 IC705-Blue...pConnector com.bh6aap.ic705Cter                 D  【蓝牙SPP】读取到 6 字节数据
2026-03-14 20:22:12.343 18930-20657 IC705-Blue...pConnector com.bh6aap.ic705Cter                 I  【蓝牙SPP】收到数据，长度: 6 字节
2026-03-14 20:22:12.344 18930-20657 IC705-Blue...pConnector com.bh6aap.ic705Cter                 D  【蓝牙SPP】接收到的数据: FEFEE0A4FBFD
2026-03-14 20:22:12.344 18930-20657 IC705-Blue...ionManager com.bh6aap.ic705Cter                 D  【蓝牙连接】收到数据: FEFEE0A4FBFD
2026-03-14 20:22:12.344 18930-20657 IC705-Blue...pConnector com.bh6aap.ic705Cter                 I  【蓝牙SPP】提取CIV指令，长度: 6 字节
2026-03-14 20:22:12.344 18930-20657 IC705-Blue...pConnector com.bh6aap.ic705Cter                 D  【蓝牙SPP】提取的CIV指令: FEFEE0A4FBFD
2026-03-14 20:22:12.344 18930-20657 IC705-Blue...pConnector com.bh6aap.ic705Cter                 I  【CIV指令】处理CIV指令
2026-03-14 20:22:12.344 18930-20657 IC705-Blue...pConnector com.bh6aap.ic705Cter                 D  【CIV指令】目标地址: 0xE0
2026-03-14 20:22:12.344 18930-20657 IC705-Blue...pConnector com.bh6aap.ic705Cter                 D  【CIV指令】源地址: 0xA4
2026-03-14 20:22:12.344 18930-20657 IC705-Blue...pConnector com.bh6aap.ic705Cter                 D  【CIV指令】命令代码: 0xFB
2026-03-14 20:22:12.344 18930-20657 IC705-Blue...pConnector com.bh6aap.ic705Cter                 I  【CIV指令】指令来自IC-705电台
2026-03-14 20:22:12.344 18930-20657 IC705-Blue...ionManager com.bh6aap.ic705Cter                 D  【蓝牙连接】收到CIV指令: FEFEE0A4FBFD
2026-03-14 20:22:12.345 18930-20657 IC705-CivController     com.bh6aap.ic705Cter                 I  【CIV解码】成功响应 | 源: IC-705 -> 目标: 控制器 | 数据: FEFEE0A4FBFD
2026-03-14 20:22:12.351 18930-18930 IC705-CivController     com.bh6aap.ic705Cter                 I  【CIV】收到响应
2026-03-14 20:22:12.351 18930-18930 IC705-CivController     com.bh6aap.ic705Cter                 I  【CIV】设置 VFO B 频率: 435.092521 MHz
2026-03-14 20:22:12.351 18930-18930 IC705-CivController     com.bh6aap.ic705Cter                 I  【CIV】发送指令 0x25 并等待响应
2026-03-14 20:22:12.352 18930-19352 IC705-Blue...pConnector com.bh6aap.ic705Cter                 D  【蓝牙SPP】发送数据: FEFEA4E025012125093504FD
2026-03-14 20:22:12.352 18930-19352 IC705-Blue...pConnector com.bh6aap.ic705Cter                 D  【蓝牙SPP】数据发送成功
2026-03-14 20:22:12.376 18930-20657 IC705-Blue...pConnector com.bh6aap.ic705Cter                 D  【蓝牙SPP】读取到 6 字节数据
2026-03-14 20:22:12.377 18930-20657 IC705-Blue...pConnector com.bh6aap.ic705Cter                 I  【蓝牙SPP】收到数据，长度: 6 字节
2026-03-14 20:22:12.377 18930-20657 IC705-Blue...pConnector com.bh6aap.ic705Cter                 D  【蓝牙SPP】接收到的数据: FEFEE0A4FBFD
2026-03-14 20:22:12.377 18930-20657 IC705-Blue...ionManager com.bh6aap.ic705Cter                 D  【蓝牙连接】收到数据: FEFEE0A4FBFD
2026-03-14 20:22:12.377 18930-20657 IC705-Blue...pConnector com.bh6aap.ic705Cter                 I  【蓝牙SPP】提取CIV指令，长度: 6 字节
2026-03-14 20:22:12.377 18930-20657 IC705-Blue...pConnector com.bh6aap.ic705Cter                 D  【蓝牙SPP】提取的CIV指令: FEFEE0A4FBFD
2026-03-14 20:22:12.377 18930-20657 IC705-Blue...pConnector com.bh6aap.ic705Cter                 I  【CIV指令】处理CIV指令
2026-03-14 20:22:12.377 18930-20657 IC705-Blue...pConnector com.bh6aap.ic705Cter                 D  【CIV指令】目标地址: 0xE0
2026-03-14 20:22:12.377 18930-20657 IC705-Blue...pConnector com.bh6aap.ic705Cter                 D  【CIV指令】源地址: 0xA4
2026-03-14 20:22:12.377 18930-20657 IC705-Blue...pConnector com.bh6aap.ic705Cter                 D  【CIV指令】命令代码: 0xFB
2026-03-14 20:22:12.377 18930-20657 IC705-Blue...pConnector com.bh6aap.ic705Cter                 I  【CIV指令】指令来自IC-705电台
2026-03-14 20:22:12.377 18930-20657 IC705-Blue...ionManager com.bh6aap.ic705Cter                 D  【蓝牙连接】收到CIV指令: FEFEE0A4FBFD
2026-03-14 20:22:12.378 18930-20657 IC705-CivController     com.bh6aap.ic705Cter                 I  【CIV解码】成功响应 | 源: IC-705 -> 目标: 控制器 | 数据: FEFEE0A4FBFD
2026-03-14 20:22:12.378 18930-18930 IC705-CivController     com.bh6aap.ic705Cter                 I  【CIV】收到响应
2026-03-14 20:22:12.792 18930-19352 IC705-PredictiveDoppler com.bh6aap.ic705Cter                 D  多普勒预测: 当前=2507Hz, 变化率=1Hz/s, 预测=2507Hz (提前300ms)
2026-03-14 20:22:13.319 18930-19352 IC705-PredictiveDoppler com.bh6aap.ic705Cter                 D  多普勒预测: 当前=2508Hz, 变化率=1Hz/s, 预测=2508Hz (提前300ms)
2026-03-14 20:22:13.418 18930-18930 IC705-CivController     com.bh6aap.ic705Cter                 I  【CIV】设置 VFO A 频率: 145.857508 MHz
2026-03-14 20:22:13.418 18930-18930 IC705-CivController     com.bh6aap.ic705Cter                 I  【CIV】发送指令 0x25 并等待响应
2026-03-14 20:22:13.419 18930-19352 IC705-Blue...pConnector com.bh6aap.ic705Cter                 D  【蓝牙SPP】发送数据: FEFEA4E025000875854501FD
2026-03-14 20:22:13.419 18930-19352 IC705-Blue...pConnector com.bh6aap.ic705Cter                 D  【蓝牙SPP】数据发送成功
2026-03-14 20:22:13.454 18930-20657 IC705-Blue...pConnector com.bh6aap.ic705Cter                 D  【蓝牙SPP】读取到 6 字节数据
2026-03-14 20:22:13.455 18930-20657 IC705-Blue...pConnector com.bh6aap.ic705Cter                 I  【蓝牙SPP】收到数据，长度: 6 字节
2026-03-14 20:22:13.455 18930-20657 IC705-Blue...pConnector com.bh6aap.ic705Cter                 D  【蓝牙SPP】接收到的数据: FEFEE0A4FBFD
2026-03-14 20:22:13.455 18930-20657 IC705-Blue...ionManager com.bh6aap.ic705Cter                 D  【蓝牙连接】收到数据: FEFEE0A4FBFD
2026-03-14 20:22:13.456 18930-20657 IC705-Blue...pConnector com.bh6aap.ic705Cter                 I  【蓝牙SPP】提取CIV指令，长度: 6 字节
2026-03-14 20:22:13.456 18930-20657 IC705-Blue...pConnector com.bh6aap.ic705Cter                 D  【蓝牙SPP】提取的CIV指令: FEFEE0A4FBFD
2026-03-14 20:22:13.456 18930-20657 IC705-Blue...pConnector com.bh6aap.ic705Cter                 I  【CIV指令】处理CIV指令
2026-03-14 20:22:13.456 18930-20657 IC705-Blue...pConnector com.bh6aap.ic705Cter                 D  【CIV指令】目标地址: 0xE0
2026-03-14 20:22:13.457 18930-20657 IC705-Blue...pConnector com.bh6aap.ic705Cter                 D  【CIV指令】源地址: 0xA4
2026-03-14 20:22:13.457 18930-20657 IC705-Blue...pConnector com.bh6aap.ic705Cter                 D  【CIV指令】命令代码: 0xFB
2026-03-14 20:22:13.457 18930-20657 IC705-Blue...pConnector com.bh6aap.ic705Cter                 I  【CIV指令】指令来自IC-705电台
2026-03-14 20:22:13.457 18930-20657 IC705-Blue...ionManager com.bh6aap.ic705Cter                 D  【蓝牙连接】收到CIV指令: FEFEE0A4FBFD
2026-03-14 20:22:13.458 18930-20657 IC705-CivController     com.bh6aap.ic705Cter                 I  【CIV解码】成功响应 | 源: IC-705 -> 目标: 控制器 | 数据: FEFEE0A4FBFD
2026-03-14 20:22:13.476 18930-18930 IC705-CivController     com.bh6aap.ic705Cter                 I  【CIV】收到响应
2026-03-14 20:22:13.476 18930-18930 IC705-CivController     com.bh6aap.ic705Cter                 I  【CIV】设置 VFO B 频率: 435.092517 MHz
2026-03-14 20:22:13.476 18930-18930 IC705-CivController     com.bh6aap.ic705Cter                 I  【CIV】发送指令 0x25 并等待响应
2026-03-14 20:22:13.477 18930-19352 IC705-Blue...pConnector com.bh6aap.ic705Cter                 D  【蓝牙SPP】发送数据: FEFEA4E025011725093504FD
2026-03-14 20:22:13.477 18930-19352 IC705-Blue...pConnector com.bh6aap.ic705Cter                 D  【蓝牙SPP】数据发送成功
2026-03-14 20:22:13.510 18930-20657 IC705-Blue...pConnector com.bh6aap.ic705Cter                 D  【蓝牙SPP】读取到 6 字节数据
2026-03-14 20:22:13.510 18930-20657 IC705-Blue...pConnector com.bh6aap.ic705Cter                 I  【蓝牙SPP】收到数据，长度: 6 字节
2026-03-14 20:22:13.510 18930-20657 IC705-Blue...pConnector com.bh6aap.ic705Cter                 D  【蓝牙SPP】接收到的数据: FEFEE0A4FBFD
2026-03-14 20:22:13.510 18930-20657 IC705-Blue...ionManager com.bh6aap.ic705Cter                 D  【蓝牙连接】收到数据: FEFEE0A4FBFD
2026-03-14 20:22:13.510 18930-20657 IC705-Blue...pConnector com.bh6aap.ic705Cter                 I  【蓝牙SPP】提取CIV指令，长度: 6 字节
2026-03-14 20:22:13.510 18930-20657 IC705-Blue...pConnector com.bh6aap.ic705Cter                 D  【蓝牙SPP】提取的CIV指令: FEFEE0A4FBFD
2026-03-14 20:22:13.510 18930-20657 IC705-Blue...pConnector com.bh6aap.ic705Cter                 I  【CIV指令】处理CIV指令
2026-03-14 20:22:13.510 18930-20657 IC705-Blue...pConnector com.bh6aap.ic705Cter                 D  【CIV指令】目标地址: 0xE0
2026-03-14 20:22:13.511 18930-20657 IC705-Blue...pConnector com.bh6aap.ic705Cter                 D  【CIV指令】源地址: 0xA4
2026-03-14 20:22:13.511 18930-20657 IC705-Blue...pConnector com.bh6aap.ic705Cter                 D  【CIV指令】命令代码: 0xFB
2026-03-14 20:22:13.511 18930-20657 IC705-Blue...pConnector com.bh6aap.ic705Cter                 I  【CIV指令】指令来自IC-705电台
2026-03-14 20:22:13.511 18930-20657 IC705-Blue...ionManager com.bh6aap.ic705Cter                 D  【蓝牙连接】收到CIV指令: FEFEE0A4FBFD
2026-03-14 20:22:13.511 18930-20657 IC705-CivController     com.bh6aap.ic705Cter                 I  【CIV解码】成功响应 | 源: IC-705 -> 目标: 控制器 | 数据: FEFEE0A4FBFD
2026-03-14 20:22:13.512 18930-18930 IC705-CivController     com.bh6aap.ic705Cter                 I  【CIV】收到响应
2026-03-14 20:22:13.835 18930-19352 IC705-PredictiveDoppler com.bh6aap.ic705Cter                 D  多普勒预测: 当前=2508Hz, 变化率=1Hz/s, 预测=2509Hz (提前300ms)
2026-03-14 20:22:13.920 18930-20657 IC705-Blue...pConnector com.bh6aap.ic705Cter                 D  【蓝牙SPP】读取到 11 字节数据
2026-03-14 20:22:13.921 18930-20657 IC705-Blue...pConnector com.bh6aap.ic705Cter                 I  【蓝牙SPP】收到数据，长度: 11 字节
2026-03-14 20:22:13.922 18930-20657 IC705-Blue...pConnector com.bh6aap.ic705Cter                 D  【蓝牙SPP】接收到的数据: FEFE00A4000080854501FD
2026-03-14 20:22:13.923 18930-20657 IC705-Blue...ionManager com.bh6aap.ic705Cter                 D  【蓝牙连接】收到数据: FEFE00A4000080854501FD
2026-03-14 20:22:13.923 18930-20657 IC705-Blue...pConnector com.bh6aap.ic705Cter                 I  【蓝牙SPP】提取CIV指令，长度: 11 字节
2026-03-14 20:22:13.923 18930-20657 IC705-Blue...pConnector com.bh6aap.ic705Cter                 D  【蓝牙SPP】提取的CIV指令: FEFE00A4000080854501FD
2026-03-14 20:22:13.924 18930-20657 IC705-Blue...pConnector com.bh6aap.ic705Cter                 I  【CIV指令】处理CIV指令
2026-03-14 20:22:13.924 18930-20657 IC705-Blue...pConnector com.bh6aap.ic705Cter                 D  【CIV指令】目标地址: 0x00
2026-03-14 20:22:13.924 18930-20657 IC705-Blue...pConnector com.bh6aap.ic705Cter                 D  【CIV指令】源地址: 0xA4
2026-03-14 20:22:13.924 18930-20657 IC705-Blue...pConnector com.bh6aap.ic705Cter                 D  【CIV指令】命令代码: 0x00
2026-03-14 20:22:13.925 18930-20657 IC705-Blue...pConnector com.bh6aap.ic705Cter                 D  【CIV指令】数据长度: 5 字节
2026-03-14 20:22:13.925 18930-20657 IC705-Blue...pConnector com.bh6aap.ic705Cter                 D  【CIV指令】数据内容: 0080854501
2026-03-14 20:22:13.925 18930-20657 IC705-Blue...pConnector com.bh6aap.ic705Cter                 I  【CIV指令】这是一个广播指令
2026-03-14 20:22:13.925 18930-20657 IC705-Blue...pConnector com.bh6aap.ic705Cter                 I  【CIV指令】指令来自IC-705电台
2026-03-14 20:22:13.926 18930-20657 IC705-Blue...ionManager com.bh6aap.ic705Cter                 D  【蓝牙连接】收到CIV指令: FEFE00A4000080854501FD
2026-03-14 20:22:13.926 18930-20657 IC705-CivController     com.bh6aap.ic705Cter                 I  【CIV解码】VFO A频率广播 | 源: IC-705 -> 目标: 广播 | 数据: FEFE00A4000080854501FD
2026-03-14 20:22:13.927 18930-20657 IC705-CivController     com.bh6aap.ic705Cter                 I  【CIV解码】VFO A频率更新: 145.858000MHz
2026-03-14 20:22:13.931 18930-18930 IC705-Freq...lAvoidance com.bh6aap.ic705Cter                 I  检测到频率变化 14000Hz，启动避让
2026-03-14 20:22:13.931 18930-18930 IC705-Freq...lAvoidance com.bh6aap.ic705Cter                 I  【避让开始】暂停自动跟踪，等待用户调整完成...
2026-03-14 20:22:13.931 18930-18930 IC705-Sate...Controller com.bh6aap.ic705Cter                 I  【避让回调】用户开始调整频率，暂停自动跟踪
2026-03-14 20:22:13.957 18930-20657 IC705-Blue...pConnector com.bh6aap.ic705Cter                 D  【蓝牙SPP】读取到 22 字节数据
2026-03-14 20:22:13.957 18930-20657 IC705-Blue...pConnector com.bh6aap.ic705Cter                 I  【蓝牙SPP】收到数据，长度: 22 字节
2026-03-14 20:22:13.957 18930-20657 IC705-Blue...pConnector com.bh6aap.ic705Cter                 D  【蓝牙SPP】接收到的数据: FEFE00A4000000864501FDFEFE00A4000030864501FD
2026-03-14 20:22:13.958 18930-20657 IC705-Blue...ionManager com.bh6aap.ic705Cter                 D  【蓝牙连接】收到数据: FEFE00A4000000864501FDFEFE00A4000030864501FD
2026-03-14 20:22:13.958 18930-20657 IC705-Blue...pConnector com.bh6aap.ic705Cter                 I  【蓝牙SPP】提取CIV指令，长度: 11 字节
2026-03-14 20:22:13.958 18930-20657 IC705-Blue...pConnector com.bh6aap.ic705Cter                 D  【蓝牙SPP】提取的CIV指令: FEFE00A4000000864501FD
2026-03-14 20:22:13.958 18930-20657 IC705-Blue...pConnector com.bh6aap.ic705Cter                 I  【CIV指令】处理CIV指令
2026-03-14 20:22:13.958 18930-20657 IC705-Blue...pConnector com.bh6aap.ic705Cter                 D  【CIV指令】目标地址: 0x00
2026-03-14 20:22:13.958 18930-20657 IC705-Blue...pConnector com.bh6aap.ic705Cter                 D  【CIV指令】源地址: 0xA4
2026-03-14 20:22:13.959 18930-20657 IC705-Blue...pConnector com.bh6aap.ic705Cter                 D  【CIV指令】命令代码: 0x00
2026-03-14 20:22:13.959 18930-20657 IC705-Blue...pConnector com.bh6aap.ic705Cter                 D  【CIV指令】数据长度: 5 字节
2026-03-14 20:22:13.959 18930-20657 IC705-Blue...pConnector com.bh6aap.ic705Cter                 D  【CIV指令】数据内容: 0000864501
2026-03-14 20:22:13.959 18930-20657 IC705-Blue...pConnector com.bh6aap.ic705Cter                 I  【CIV指令】这是一个广播指令
2026-03-14 20:22:13.959 18930-20657 IC705-Blue...pConnector com.bh6aap.ic705Cter                 I  【CIV指令】指令来自IC-705电台
2026-03-14 20:22:13.959 18930-20657 IC705-Blue...ionManager com.bh6aap.ic705Cter                 D  【蓝牙连接】收到CIV指令: FEFE00A4000000864501FD
2026-03-14 20:22:13.959 18930-20657 IC705-CivController     com.bh6aap.ic705Cter                 I  【CIV解码】VFO A频率广播 | 源: IC-705 -> 目标: 广播 | 数据: FEFE00A4000000864501FD
2026-03-14 20:22:13.959 18930-20657 IC705-CivController     com.bh6aap.ic705Cter                 I  【CIV解码】VFO A频率更新: 145.860000MHz
2026-03-14 20:22:13.960 18930-20657 IC705-Blue...pConnector com.bh6aap.ic705Cter                 I  【蓝牙SPP】提取CIV指令，长度: 11 字节
2026-03-14 20:22:13.960 18930-20657 IC705-Blue...pConnector com.bh6aap.ic705Cter                 D  【蓝牙SPP】提取的CIV指令: FEFE00A4000030864501FD
2026-03-14 20:22:13.960 18930-20657 IC705-Blue...pConnector com.bh6aap.ic705Cter                 I  【CIV指令】处理CIV指令
2026-03-14 20:22:13.960 18930-20657 IC705-Blue...pConnector com.bh6aap.ic705Cter                 D  【CIV指令】目标地址: 0x00
2026-03-14 20:22:13.960 18930-20657 IC705-Blue...pConnector com.bh6aap.ic705Cter                 D  【CIV指令】源地址: 0xA4
2026-03-14 20:22:13.960 18930-20657 IC705-Blue...pConnector com.bh6aap.ic705Cter                 D  【CIV指令】命令代码: 0x00
2026-03-14 20:22:13.960 18930-20657 IC705-Blue...pConnector com.bh6aap.ic705Cter                 D  【CIV指令】数据长度: 5 字节
2026-03-14 20:22:13.960 18930-20657 IC705-Blue...pConnector com.bh6aap.ic705Cter                 D  【CIV指令】数据内容: 0030864501
2026-03-14 20:22:13.960 18930-20657 IC705-Blue...pConnector com.bh6aap.ic705Cter                 I  【CIV指令】这是一个广播指令
2026-03-14 20:22:13.960 18930-20657 IC705-Blue...pConnector com.bh6aap.ic705Cter                 I  【CIV指令】指令来自IC-705电台
2026-03-14 20:22:13.960 18930-20657 IC705-Blue...ionManager com.bh6aap.ic705Cter                 D  【蓝牙连接】收到CIV指令: FEFE00A4000030864501FD
2026-03-14 20:22:13.961 18930-18930 IC705-Freq...lAvoidance com.bh6aap.ic705Cter                 I  检测到频率变化 2000Hz，启动避让
2026-03-14 20:22:13.961 18930-20657 IC705-CivController     com.bh6aap.ic705Cter                 I  【CIV解码】VFO A频率广播 | 源: IC-705 -> 目标: 广播 | 数据: FEFE00A4000030864501FD
2026-03-14 20:22:13.961 18930-20657 IC705-CivController     com.bh6aap.ic705Cter                 I  【CIV解码】VFO A频率更新: 145.863000MHz
2026-03-14 20:22:13.963 18930-18930 IC705-Freq...lAvoidance com.bh6aap.ic705Cter                 I  检测到频率变化 3000Hz，启动避让
2026-03-14 20:22:14.002 18930-20657 IC705-Blue...pConnector com.bh6aap.ic705Cter                 D  【蓝牙SPP】读取到 11 字节数据
2026-03-14 20:22:14.003 18930-20657 IC705-Blue...pConnector com.bh6aap.ic705Cter                 I  【蓝牙SPP】收到数据，长度: 11 字节
2026-03-14 20:22:14.003 18930-20657 IC705-Blue...pConnector com.bh6aap.ic705Cter                 D  【蓝牙SPP】接收到的数据: FEFE00A4000050864501FD
2026-03-14 20:22:14.003 18930-20657 IC705-Blue...ionManager com.bh6aap.ic705Cter                 D  【蓝牙连接】收到数据: FEFE00A4000050864501FD
2026-03-14 20:22:14.003 18930-20657 IC705-Blue...pConnector com.bh6aap.ic705Cter                 I  【蓝牙SPP】提取CIV指令，长度: 11 字节
2026-03-14 20:22:14.004 18930-20657 IC705-Blue...pConnector com.bh6aap.ic705Cter                 D  【蓝牙SPP】提取的CIV指令: FEFE00A4000050864501FD
2026-03-14 20:22:14.004 18930-20657 IC705-Blue...pConnector com.bh6aap.ic705Cter                 I  【CIV指令】处理CIV指令
2026-03-14 20:22:14.004 18930-20657 IC705-Blue...pConnector com.bh6aap.ic705Cter                 D  【CIV指令】目标地址: 0x00
2026-03-14 20:22:14.005 18930-20657 IC705-Blue...pConnector com.bh6aap.ic705Cter                 D  【CIV指令】源地址: 0xA4
2026-03-14 20:22:14.005 18930-20657 IC705-Blue...pConnector com.bh6aap.ic705Cter                 D  【CIV指令】命令代码: 0x00
2026-03-14 20:22:14.005 18930-20657 IC705-Blue...pConnector com.bh6aap.ic705Cter                 D  【CIV指令】数据长度: 5 字节
2026-03-14 20:22:14.005 18930-20657 IC705-Blue...pConnector com.bh6aap.ic705Cter                 D  【CIV指令】数据内容: 0050864501
2026-03-14 20:22:14.006 18930-20657 IC705-Blue...pConnector com.bh6aap.ic705Cter                 I  【CIV指令】这是一个广播指令
2026-03-14 20:22:14.006 18930-20657 IC705-Blue...pConnector com.bh6aap.ic705Cter                 I  【CIV指令】指令来自IC-705电台
2026-03-14 20:22:14.006 18930-20657 IC705-Blue...ionManager com.bh6aap.ic705Cter                 D  【蓝牙连接】收到CIV指令: FEFE00A4000050864501FD
2026-03-14 20:22:14.007 18930-20657 IC705-CivController     com.bh6aap.ic705Cter                 I  【CIV解码】VFO A频率广播 | 源: IC-705 -> 目标: 广播 | 数据: FEFE00A4000050864501FD
2026-03-14 20:22:14.007 18930-20657 IC705-CivController     com.bh6aap.ic705Cter                 I  【CIV解码】VFO A频率更新: 145.865000MHz
2026-03-14 20:22:14.013 18930-18930 IC705-Freq...lAvoidance com.bh6aap.ic705Cter                 I  检测到频率变化 2000Hz，启动避让
2026-03-14 20:22:14.017 18930-20657 IC705-Blue...pConnector com.bh6aap.ic705Cter                 D  【蓝牙SPP】读取到 11 字节数据
2026-03-14 20:22:14.017 18930-20657 IC705-Blue...pConnector com.bh6aap.ic705Cter                 I  【蓝牙SPP】收到数据，长度: 11 字节
2026-03-14 20:22:14.017 18930-20657 IC705-Blue...pConnector com.bh6aap.ic705Cter                 D  【蓝牙SPP】接收到的数据: FEFE00A4000080864501FD
2026-03-14 20:22:14.017 18930-20657 IC705-Blue...ionManager com.bh6aap.ic705Cter                 D  【蓝牙连接】收到数据: FEFE00A4000080864501FD
2026-03-14 20:22:14.018 18930-20657 IC705-Blue...pConnector com.bh6aap.ic705Cter                 I  【蓝牙SPP】提取CIV指令，长度: 11 字节
2026-03-14 20:22:14.018 18930-20657 IC705-Blue...pConnector com.bh6aap.ic705Cter                 D  【蓝牙SPP】提取的CIV指令: FEFE00A4000080864501FD
2026-03-14 20:22:14.018 18930-20657 IC705-Blue...pConnector com.bh6aap.ic705Cter                 I  【CIV指令】处理CIV指令
2026-03-14 20:22:14.018 18930-20657 IC705-Blue...pConnector com.bh6aap.ic705Cter                 D  【CIV指令】目标地址: 0x00
2026-03-14 20:22:14.018 18930-20657 IC705-Blue...pConnector com.bh6aap.ic705Cter                 D  【CIV指令】源地址: 0xA4
2026-03-14 20:22:14.018 18930-20657 IC705-Blue...pConnector com.bh6aap.ic705Cter                 D  【CIV指令】命令代码: 0x00
2026-03-14 20:22:14.018 18930-20657 IC705-Blue...pConnector com.bh6aap.ic705Cter                 D  【CIV指令】数据长度: 5 字节
2026-03-14 20:22:14.018 18930-20657 IC705-Blue...pConnector com.bh6aap.ic705Cter                 D  【CIV指令】数据内容: 0080864501
2026-03-14 20:22:14.018 18930-20657 IC705-Blue...pConnector com.bh6aap.ic705Cter                 I  【CIV指令】这是一个广播指令
2026-03-14 20:22:14.018 18930-20657 IC705-Blue...pConnector com.bh6aap.ic705Cter                 I  【CIV指令】指令来自IC-705电台
2026-03-14 20:22:14.018 18930-20657 IC705-Blue...ionManager com.bh6aap.ic705Cter                 D  【蓝牙连接】收到CIV指令: FEFE00A4000080864501FD
2026-03-14 20:22:14.019 18930-20657 IC705-CivController     com.bh6aap.ic705Cter                 I  【CIV解码】VFO A频率广播 | 源: IC-705 -> 目标: 广播 | 数据: FEFE00A4000080864501FD
2026-03-14 20:22:14.019 18930-20657 IC705-CivController     com.bh6aap.ic705Cter                 I  【CIV解码】VFO A频率更新: 145.868000MHz
2026-03-14 20:22:14.023 18930-18930 IC705-Freq...lAvoidance com.bh6aap.ic705Cter                 I  检测到频率变化 3000Hz，启动避让
2026-03-14 20:22:14.050 18930-20657 IC705-Blue...pConnector com.bh6aap.ic705Cter                 D  【蓝牙SPP】读取到 11 字节数据
2026-03-14 20:22:14.050 18930-20657 IC705-Blue...pConnector com.bh6aap.ic705Cter                 I  【蓝牙SPP】收到数据，长度: 11 字节
2026-03-14 20:22:14.050 18930-20657 IC705-Blue...pConnector com.bh6aap.ic705Cter                 D  【蓝牙SPP】接收到的数据: FEFE00A4000010874501FD
2026-03-14 20:22:14.050 18930-20657 IC705-Blue...ionManager com.bh6aap.ic705Cter                 D  【蓝牙连接】收到数据: FEFE00A4000010874501FD
2026-03-14 20:22:14.050 18930-20657 IC705-Blue...pConnector com.bh6aap.ic705Cter                 I  【蓝牙SPP】提取CIV指令，长度: 11 字节
2026-03-14 20:22:14.050 18930-20657 IC705-Blue...pConnector com.bh6aap.ic705Cter                 D  【蓝牙SPP】提取的CIV指令: FEFE00A4000010874501FD
2026-03-14 20:22:14.050 18930-20657 IC705-Blue...pConnector com.bh6aap.ic705Cter                 I  【CIV指令】处理CIV指令
2026-03-14 20:22:14.050 18930-20657 IC705-Blue...pConnector com.bh6aap.ic705Cter                 D  【CIV指令】目标地址: 0x00
2026-03-14 20:22:14.050 18930-20657 IC705-Blue...pConnector com.bh6aap.ic705Cter                 D  【CIV指令】源地址: 0xA4
2026-03-14 20:22:14.051 18930-20657 IC705-Blue...pConnector com.bh6aap.ic705Cter                 D  【CIV指令】命令代码: 0x00
2026-03-14 20:22:14.051 18930-20657 IC705-Blue...pConnector com.bh6aap.ic705Cter                 D  【CIV指令】数据长度: 5 字节
2026-03-14 20:22:14.051 18930-20657 IC705-Blue...pConnector com.bh6aap.ic705Cter                 D  【CIV指令】数据内容: 0010874501
2026-03-14 20:22:14.051 18930-20657 IC705-Blue...pConnector com.bh6aap.ic705Cter                 I  【CIV指令】这是一个广播指令
2026-03-14 20:22:14.051 18930-20657 IC705-Blue...pConnector com.bh6aap.ic705Cter                 I  【CIV指令】指令来自IC-705电台
2026-03-14 20:22:14.051 18930-20657 IC705-Blue...ionManager com.bh6aap.ic705Cter                 D  【蓝牙连接】收到CIV指令: FEFE00A4000010874501FD
2026-03-14 20:22:14.052 18930-20657 IC705-CivController     com.bh6aap.ic705Cter                 I  【CIV解码】VFO A频率广播 | 源: IC-705 -> 目标: 广播 | 数据: FEFE00A4000010874501FD
2026-03-14 20:22:14.052 18930-20657 IC705-CivController     com.bh6aap.ic705Cter                 I  【CIV解码】VFO A频率更新: 145.871000MHz
2026-03-14 20:22:14.053 18930-18930 IC705-Freq...lAvoidance com.bh6aap.ic705Cter                 I  检测到频率变化 3000Hz，启动避让
2026-03-14 20:22:14.083 18930-20657 IC705-Blue...pConnector com.bh6aap.ic705Cter                 D  【蓝牙SPP】读取到 11 字节数据
2026-03-14 20:22:14.083 18930-20657 IC705-Blue...pConnector com.bh6aap.ic705Cter                 I  【蓝牙SPP】收到数据，长度: 11 字节
2026-03-14 20:22:14.083 18930-20657 IC705-Blue...pConnector com.bh6aap.ic705Cter                 D  【蓝牙SPP】接收到的数据: FEFE00A4000020874501FD
2026-03-14 20:22:14.083 18930-20657 IC705-Blue...ionManager com.bh6aap.ic705Cter                 D  【蓝牙连接】收到数据: FEFE00A4000020874501FD
2026-03-14 20:22:14.083 18930-20657 IC705-Blue...pConnector com.bh6aap.ic705Cter                 I  【蓝牙SPP】提取CIV指令，长度: 11 字节
2026-03-14 20:22:14.083 18930-20657 IC705-Blue...pConnector com.bh6aap.ic705Cter                 D  【蓝牙SPP】提取的CIV指令: FEFE00A4000020874501FD
2026-03-14 20:22:14.083 18930-20657 IC705-Blue...pConnector com.bh6aap.ic705Cter                 I  【CIV指令】处理CIV指令
2026-03-14 20:22:14.083 18930-20657 IC705-Blue...pConnector com.bh6aap.ic705Cter                 D  【CIV指令】目标地址: 0x00
2026-03-14 20:22:14.083 18930-20657 IC705-Blue...pConnector com.bh6aap.ic705Cter                 D  【CIV指令】源地址: 0xA4
2026-03-14 20:22:14.084 18930-20657 IC705-Blue...pConnector com.bh6aap.ic705Cter                 D  【CIV指令】命令代码: 0x00
2026-03-14 20:22:14.084 18930-20657 IC705-Blue...pConnector com.bh6aap.ic705Cter                 D  【CIV指令】数据长度: 5 字节
2026-03-14 20:22:14.084 18930-20657 IC705-Blue...pConnector com.bh6aap.ic705Cter                 D  【CIV指令】数据内容: 0020874501
2026-03-14 20:22:14.084 18930-20657 IC705-Blue...pConnector com.bh6aap.ic705Cter                 I  【CIV指令】这是一个广播指令
2026-03-14 20:22:14.084 18930-20657 IC705-Blue...pConnector com.bh6aap.ic705Cter                 I  【CIV指令】指令来自IC-705电台
2026-03-14 20:22:14.084 18930-20657 IC705-Blue...ionManager com.bh6aap.ic705Cter                 D  【蓝牙连接】收到CIV指令: FEFE00A4000020874501FD
2026-03-14 20:22:14.084 18930-20657 IC705-CivController     com.bh6aap.ic705Cter                 I  【CIV解码】VFO A频率广播 | 源: IC-705 -> 目标: 广播 | 数据: FEFE00A4000020874501FD
2026-03-14 20:22:14.084 18930-20657 IC705-CivController     com.bh6aap.ic705Cter                 I  【CIV解码】VFO A频率更新: 145.872000MHz
2026-03-14 20:22:14.094 18930-18930 IC705-Freq...lAvoidance com.bh6aap.ic705Cter                 I  检测到频率变化 1000Hz，启动避让
2026-03-14 20:22:14.199 18930-18930 IC705-Freq...lAvoidance com.bh6aap.ic705Cter                 I  【避让结束】恢复自动控制，用户频率: 145.872000 MHz
2026-03-14 20:22:14.200 18930-18930 IC705-Sate...Controller com.bh6aap.ic705Cter                 I  【避让回调】用户调整完成，恢复自动跟踪，新基准: 145.872 MHz
2026-03-14 20:22:14.205 18930-18930 IC705-Sate...Controller com.bh6aap.ic705Cter                 I  【用户调整】从地面频率反推卫星频率 - 地面下行: 145.872MHz, 卫星下行: 145.86949056466702MHz, 卫星上行: 435.10550943533303MHz, 地面上行: 435.09802418852286MHz
2026-03-14 20:22:14.205 18930-18930 IC705-CivController     com.bh6aap.ic705Cter                 I  【CIV】设置 VFO A 频率: 145.872 MHz
2026-03-14 20:22:14.205 18930-18930 IC705-CivController     com.bh6aap.ic705Cter                 I  【CIV】发送指令 0x25 并等待响应
2026-03-14 20:22:14.206 18930-19352 IC705-Blue...pConnector com.bh6aap.ic705Cter                 D  【蓝牙SPP】发送数据: FEFEA4E025000020874501FD
2026-03-14 20:22:14.206 18930-19352 IC705-Blue...pConnector com.bh6aap.ic705Cter                 D  【蓝牙SPP】数据发送成功
2026-03-14 20:22:14.239 18930-20657 IC705-Blue...pConnector com.bh6aap.ic705Cter                 D  【蓝牙SPP】读取到 6 字节数据
2026-03-14 20:22:14.239 18930-20657 IC705-Blue...pConnector com.bh6aap.ic705Cter                 I  【蓝牙SPP】收到数据，长度: 6 字节
2026-03-14 20:22:14.239 18930-20657 IC705-Blue...pConnector com.bh6aap.ic705Cter                 D  【蓝牙SPP】接收到的数据: FEFEE0A4FBFD
2026-03-14 20:22:14.239 18930-20657 IC705-Blue...ionManager com.bh6aap.ic705Cter                 D  【蓝牙连接】收到数据: FEFEE0A4FBFD
2026-03-14 20:22:14.239 18930-20657 IC705-Blue...pConnector com.bh6aap.ic705Cter                 I  【蓝牙SPP】提取CIV指令，长度: 6 字节
2026-03-14 20:22:14.239 18930-20657 IC705-Blue...pConnector com.bh6aap.ic705Cter                 D  【蓝牙SPP】提取的CIV指令: FEFEE0A4FBFD
2026-03-14 20:22:14.239 18930-20657 IC705-Blue...pConnector com.bh6aap.ic705Cter                 I  【CIV指令】处理CIV指令
2026-03-14 20:22:14.239 18930-20657 IC705-Blue...pConnector com.bh6aap.ic705Cter                 D  【CIV指令】目标地址: 0xE0
2026-03-14 20:22:14.240 18930-20657 IC705-Blue...pConnector com.bh6aap.ic705Cter                 D  【CIV指令】源地址: 0xA4
2026-03-14 20:22:14.240 18930-20657 IC705-Blue...pConnector com.bh6aap.ic705Cter                 D  【CIV指令】命令代码: 0xFB
2026-03-14 20:22:14.240 18930-20657 IC705-Blue...pConnector com.bh6aap.ic705Cter                 I  【CIV指令】指令来自IC-705电台
