2026-03-14 20:22:14.240 18930-20657 IC705-Blue...ionManager com.bh6aap.ic705Cter                 D  【蓝牙连接】收到CIV指令: FEFEE0A4FBFD
2026-03-14 20:22:14.240 18930-20657 IC705-CivController     com.bh6aap.ic705Cter                 I  【CIV解码】成功响应 | 源: IC-705 -> 目标: 控制器 | 数据: FEFEE0A4FBFD
2026-03-14 20:22:14.246 18930-18930 IC705-CivController     com.bh6aap.ic705Cter                 I  【CIV】收到响应
2026-03-14 20:22:14.246 18930-18930 IC705-CivController     com.bh6aap.ic705Cter                 I  【CIV】设置 VFO B 频率: 435.098024 MHz
2026-03-14 20:22:14.246 18930-18930 IC705-CivController     com.bh6aap.ic705Cter                 I  【CIV】发送指令 0x25 并等待响应
2026-03-14 20:22:14.248 18930-19352 IC705-Blue...pConnector com.bh6aap.ic705Cter                 D  【蓝牙SPP】发送数据: FEFEA4E025012480093504FD
2026-03-14 20:22:14.248 18930-19352 IC705-Blue...pConnector com.bh6aap.ic705Cter                 D  【蓝牙SPP】数据发送成功
2026-03-14 20:22:14.272 18930-20657 IC705-Blue...pConnector com.bh6aap.ic705Cter                 D  【蓝牙SPP】读取到 6 字节数据
2026-03-14 20:22:14.272 18930-20657 IC705-Blue...pConnector com.bh6aap.ic705Cter                 I  【蓝牙SPP】收到数据，长度: 6 字节
2026-03-14 20:22:14.272 18930-20657 IC705-Blue...pConnector com.bh6aap.ic705Cter                 D  【蓝牙SPP】接收到的数据: FEFEE0A4FBFD
2026-03-14 20:22:14.272 18930-20657 IC705-Blue...ionManager com.bh6aap.ic705Cter                 D  【蓝牙连接】收到数据: FEFEE0A4FBFD
2026-03-14 20:22:14.272 18930-20657 IC705-Blue...pConnector com.bh6aap.ic705Cter                 I  【蓝牙SPP】提取CIV指令，长度: 6 字节
2026-03-14 20:22:14.272 18930-20657 IC705-Blue...pConnector com.bh6aap.ic705Cter                 D  【蓝牙SPP】提取的CIV指令: FEFEE0A4FBFD
2026-03-14 20:22:14.272 18930-20657 IC705-Blue...pConnector com.bh6aap.ic705Cter                 I  【CIV指令】处理CIV指令
2026-03-14 20:22:14.272 18930-20657 IC705-Blue...pConnector com.bh6aap.ic705Cter                 D  【CIV指令】目标地址: 0xE0
2026-03-14 20:22:14.273 18930-20657 IC705-Blue...pConnector com.bh6aap.ic705Cter                 D  【CIV指令】源地址: 0xA4
2026-03-14 20:22:14.273 18930-20657 IC705-Blue...pConnector com.bh6aap.ic705Cter                 D  【CIV指令】命令代码: 0xFB
2026-03-14 20:22:14.273 18930-20657 IC705-Blue...pConnector com.bh6aap.ic705Cter                 I  【CIV指令】指令来自IC-705电台
2026-03-14 20:22:14.273 18930-20657 IC705-Blue...ionManager com.bh6aap.ic705Cter                 D  【蓝牙连接】收到CIV指令: FEFEE0A4FBFD
2026-03-14 20:22:14.273 18930-20657 IC705-CivController     com.bh6aap.ic705Cter                 I  【CIV解码】成功响应 | 源: IC-705 -> 目标: 控制器 | 数据: FEFEE0A4FBFD
2026-03-14 20:22:14.274 18930-18930 IC705-CivController     com.bh6aap.ic705Cter                 I  【CIV】收到响应
2026-03-14 20:22:14.348 18930-19352 IC705-PredictiveDoppler com.bh6aap.ic705Cter                 D  多普勒预测: 当前=2509Hz, 变化率=1Hz/s, 预测=2509Hz (提前300ms)
2026-03-14 20:22:14.450 18930-18930 IC705-CivController     com.bh6aap.ic705Cter                 I  【CIV】设置 VFO A 频率: 145.85751 MHz
2026-03-14 20:22:14.451 18930-18930 IC705-CivController     com.bh6aap.ic705Cter                 I  【CIV】发送指令 0x25 并等待响应
2026-03-14 20:22:14.451 18930-19352 IC705-Blue...pConnector com.bh6aap.ic705Cter                 D  【蓝牙SPP】发送数据: FEFEA4E025001075854501FD
2026-03-14 20:22:14.452 18930-19352 IC705-Blue...pConnector com.bh6aap.ic705Cter                 D  【蓝牙SPP】数据发送成功
2026-03-14 20:22:14.490 18930-20657 IC705-Blue...pConnector com.bh6aap.ic705Cter                 D  【蓝牙SPP】读取到 6 字节数据
2026-03-14 20:22:14.490 18930-20657 IC705-Blue...pConnector com.bh6aap.ic705Cter                 I  【蓝牙SPP】收到数据，长度: 6 字节
2026-03-14 20:22:14.490 18930-20657 IC705-Blue...pConnector com.bh6aap.ic705Cter                 D  【蓝牙SPP】接收到的数据: FEFEE0A4FBFD
2026-03-14 20:22:14.490 18930-20657 IC705-Blue...ionManager com.bh6aap.ic705Cter                 D  【蓝牙连接】收到数据: FEFEE0A4FBFD
2026-03-14 20:22:14.490 18930-20657 IC705-Blue...pConnector com.bh6aap.ic705Cter                 I  【蓝牙SPP】提取CIV指令，长度: 6 字节
2026-03-14 20:22:14.490 18930-20657 IC705-Blue...pConnector com.bh6aap.ic705Cter                 D  【蓝牙SPP】提取的CIV指令: FEFEE0A4FBFD
2026-03-14 20:22:14.491 18930-20657 IC705-Blue...pConnector com.bh6aap.ic705Cter                 I  【CIV指令】处理CIV指令
2026-03-14 20:22:14.491 18930-20657 IC705-Blue...pConnector com.bh6aap.ic705Cter                 D  【CIV指令】目标地址: 0xE0
2026-03-14 20:22:14.491 18930-20657 IC705-Blue...pConnector com.bh6aap.ic705Cter                 D  【CIV指令】源地址: 0xA4
2026-03-14 20:22:14.491 18930-20657 IC705-Blue...pConnector com.bh6aap.ic705Cter                 D  【CIV指令】命令代码: 0xFB
2026-03-14 20:22:14.491 18930-20657 IC705-Blue...pConnector com.bh6aap.ic705Cter                 I  【CIV指令】指令来自IC-705电台
2026-03-14 20:22:14.491 18930-20657 IC705-Blue...ionManager com.bh6aap.ic705Cter                 D  【蓝牙连接】收到CIV指令: FEFEE0A4FBFD
2026-03-14 20:22:14.491 18930-20657 IC705-CivController     com.bh6aap.ic705Cter                 I  【CIV解码】成功响应 | 源: IC-705 -> 目标: 控制器 | 数据: FEFEE0A4FBFD
2026-03-14 20:22:14.492 18930-18930 IC705-CivController     com.bh6aap.ic705Cter                 I  【CIV】收到响应
2026-03-14 20:22:14.492 18930-18930 IC705-CivController     com.bh6aap.ic705Cter                 I  【CIV】设置 VFO B 频率: 435.092513 MHz
2026-03-14 20:22:14.493 18930-18930 IC705-CivController     com.bh6aap.ic705Cter                 I  【CIV】发送指令 0x25 并等待响应
2026-03-14 20:22:14.493 18930-19352 IC705-Blue...pConnector com.bh6aap.ic705Cter                 D  【蓝牙SPP】发送数据: FEFEA4E025011325093504FD
2026-03-14 20:22:14.494 18930-19352 IC705-Blue...pConnector com.bh6aap.ic705Cter                 D  【蓝牙SPP】数据发送成功
2026-03-14 20:22:14.512 18930-20657 IC705-Blue...pConnector com.bh6aap.ic705Cter                 D  【蓝牙SPP】读取到 6 字节数据
2026-03-14 20:22:14.513 18930-20657 IC705-Blue...pConnector com.bh6aap.ic705Cter                 I  【蓝牙SPP】收到数据，长度: 6 字节
2026-03-14 20:22:14.513 18930-20657 IC705-Blue...pConnector com.bh6aap.ic705Cter                 D  【蓝牙SPP】接收到的数据: FEFEE0A4FBFD
2026-03-14 20:22:14.513 18930-20657 IC705-Blue...ionManager com.bh6aap.ic705Cter                 D  【蓝牙连接】收到数据: FEFEE0A4FBFD
2026-03-14 20:22:14.513 18930-20657 IC705-Blue...pConnector com.bh6aap.ic705Cter                 I  【蓝牙SPP】提取CIV指令，长度: 6 字节
2026-03-14 20:22:14.513 18930-20657 IC705-Blue...pConnector com.bh6aap.ic705Cter                 D  【蓝牙SPP】提取的CIV指令: FEFEE0A4FBFD
2026-03-14 20:22:14.513 18930-20657 IC705-Blue...pConnector com.bh6aap.ic705Cter                 I  【CIV指令】处理CIV指令
2026-03-14 20:22:14.514 18930-20657 IC705-Blue...pConnector com.bh6aap.ic705Cter                 D  【CIV指令】目标地址: 0xE0
2026-03-14 20:22:14.514 18930-20657 IC705-Blue...pConnector com.bh6aap.ic705Cter                 D  【CIV指令】源地址: 0xA4
2026-03-14 20:22:14.514 18930-20657 IC705-Blue...pConnector com.bh6aap.ic705Cter                 D  【CIV指令】命令代码: 0xFB
2026-03-14 20:22:14.514 18930-20657 IC705-Blue...pConnector com.bh6aap.ic705Cter                 I  【CIV指令】指令来自IC-705电台
2026-03-14 20:22:14.514 18930-20657 IC705-Blue...ionManager com.bh6aap.ic705Cter                 D  【蓝牙连接】收到CIV指令: FEFEE0A4FBFD
2026-03-14 20:22:14.515 18930-20657 IC705-CivController     com.bh6aap.ic705Cter                 I  【CIV解码】成功响应 | 源: IC-705 -> 目标: 控制器 | 数据: FEFEE0A4FBFD
2026-03-14 20:22:14.516 18930-18930 IC705-CivController     com.bh6aap.ic705Cter                 I  【CIV】收到响应
2026-03-14 20:22:14.861 18930-19352 IC705-PredictiveDoppler com.bh6aap.ic705Cter                 D  多普勒预测: 当前=2510Hz, 变化率=1Hz/s, 预测=2510Hz (提前300ms)
2026-03-14 20:22:15.200 18930-20657 IC705-Blue...pConnector com.bh6aap.ic705Cter                 D  【蓝牙SPP】读取到 11 字节数据
2026-03-14 20:22:15.200 18930-20657 IC705-Blue...pConnector com.bh6aap.ic705Cter                 I  【蓝牙SPP】收到数据，长度: 11 字节
2026-03-14 20:22:15.200 18930-20657 IC705-Blue...pConnector com.bh6aap.ic705Cter                 D  【蓝牙SPP】接收到的数据: FEFE00A4000070854501FD
2026-03-14 20:22:15.200 18930-20657 IC705-Blue...ionManager com.bh6aap.ic705Cter                 D  【蓝牙连接】收到数据: FEFE00A4000070854501FD
2026-03-14 20:22:15.200 18930-20657 IC705-Blue...pConnector com.bh6aap.ic705Cter                 I  【蓝牙SPP】提取CIV指令，长度: 11 字节
2026-03-14 20:22:15.200 18930-20657 IC705-Blue...pConnector com.bh6aap.ic705Cter                 D  【蓝牙SPP】提取的CIV指令: FEFE00A4000070854501FD
2026-03-14 20:22:15.200 18930-20657 IC705-Blue...pConnector com.bh6aap.ic705Cter                 I  【CIV指令】处理CIV指令
2026-03-14 20:22:15.201 18930-20657 IC705-Blue...pConnector com.bh6aap.ic705Cter                 D  【CIV指令】目标地址: 0x00
2026-03-14 20:22:15.201 18930-20657 IC705-Blue...pConnector com.bh6aap.ic705Cter                 D  【CIV指令】源地址: 0xA4
2026-03-14 20:22:15.201 18930-20657 IC705-Blue...pConnector com.bh6aap.ic705Cter                 D  【CIV指令】命令代码: 0x00
2026-03-14 20:22:15.201 18930-20657 IC705-Blue...pConnector com.bh6aap.ic705Cter                 D  【CIV指令】数据长度: 5 字节
2026-03-14 20:22:15.201 18930-20657 IC705-Blue...pConnector com.bh6aap.ic705Cter                 D  【CIV指令】数据内容: 0070854501
2026-03-14 20:22:15.201 18930-20657 IC705-Blue...pConnector com.bh6aap.ic705Cter                 I  【CIV指令】这是一个广播指令
2026-03-14 20:22:15.201 18930-20657 IC705-Blue...pConnector com.bh6aap.ic705Cter                 I  【CIV指令】指令来自IC-705电台
2026-03-14 20:22:15.201 18930-20657 IC705-Blue...ionManager com.bh6aap.ic705Cter                 D  【蓝牙连接】收到CIV指令: FEFE00A4000070854501FD
2026-03-14 20:22:15.202 18930-20657 IC705-CivController     com.bh6aap.ic705Cter                 I  【CIV解码】VFO A频率广播 | 源: IC-705 -> 目标: 广播 | 数据: FEFE00A4000070854501FD
2026-03-14 20:22:15.202 18930-20657 IC705-CivController     com.bh6aap.ic705Cter                 I  【CIV解码】VFO A频率更新: 145.857000MHz
2026-03-14 20:22:15.203 18930-18930 IC705-Freq...lAvoidance com.bh6aap.ic705Cter                 I  检测到频率变化 15000Hz，启动避让
2026-03-14 20:22:15.204 18930-18930 IC705-Freq...lAvoidance com.bh6aap.ic705Cter                 I  【避让开始】暂停自动跟踪，等待用户调整完成...
2026-03-14 20:22:15.204 18930-18930 IC705-Sate...Controller com.bh6aap.ic705Cter                 I  【避让回调】用户开始调整频率，暂停自动跟踪
2026-03-14 20:22:15.233 18930-20657 IC705-Blue...pConnector com.bh6aap.ic705Cter                 D  【蓝牙SPP】读取到 11 字节数据
2026-03-14 20:22:15.234 18930-20657 IC705-Blue...pConnector com.bh6aap.ic705Cter                 I  【蓝牙SPP】收到数据，长度: 11 字节
2026-03-14 20:22:15.234 18930-20657 IC705-Blue...pConnector com.bh6aap.ic705Cter                 D  【蓝牙SPP】接收到的数据: FEFE00A4000050854501FD
2026-03-14 20:22:15.234 18930-20657 IC705-Blue...ionManager com.bh6aap.ic705Cter                 D  【蓝牙连接】收到数据: FEFE00A4000050854501FD
2026-03-14 20:22:15.234 18930-20657 IC705-Blue...pConnector com.bh6aap.ic705Cter                 I  【蓝牙SPP】提取CIV指令，长度: 11 字节
2026-03-14 20:22:15.234 18930-20657 IC705-Blue...pConnector com.bh6aap.ic705Cter                 D  【蓝牙SPP】提取的CIV指令: FEFE00A4000050854501FD
2026-03-14 20:22:15.234 18930-20657 IC705-Blue...pConnector com.bh6aap.ic705Cter                 I  【CIV指令】处理CIV指令
2026-03-14 20:22:15.234 18930-20657 IC705-Blue...pConnector com.bh6aap.ic705Cter                 D  【CIV指令】目标地址: 0x00
2026-03-14 20:22:15.234 18930-20657 IC705-Blue...pConnector com.bh6aap.ic705Cter                 D  【CIV指令】源地址: 0xA4
2026-03-14 20:22:15.234 18930-20657 IC705-Blue...pConnector com.bh6aap.ic705Cter                 D  【CIV指令】命令代码: 0x00
2026-03-14 20:22:15.235 18930-20657 IC705-Blue...pConnector com.bh6aap.ic705Cter                 D  【CIV指令】数据长度: 5 字节
2026-03-14 20:22:15.235 18930-20657 IC705-Blue...pConnector com.bh6aap.ic705Cter                 D  【CIV指令】数据内容: 0050854501
2026-03-14 20:22:15.235 18930-20657 IC705-Blue...pConnector com.bh6aap.ic705Cter                 I  【CIV指令】这是一个广播指令
2026-03-14 20:22:15.235 18930-20657 IC705-Blue...pConnector com.bh6aap.ic705Cter                 I  【CIV指令】指令来自IC-705电台
2026-03-14 20:22:15.235 18930-20657 IC705-Blue...ionManager com.bh6aap.ic705Cter                 D  【蓝牙连接】收到CIV指令: FEFE00A4000050854501FD
2026-03-14 20:22:15.235 18930-20657 IC705-CivController     com.bh6aap.ic705Cter                 I  【CIV解码】VFO A频率广播 | 源: IC-705 -> 目标: 广播 | 数据: FEFE00A4000050854501FD
2026-03-14 20:22:15.235 18930-20657 IC705-CivController     com.bh6aap.ic705Cter                 I  【CIV解码】VFO A频率更新: 145.855000MHz
2026-03-14 20:22:15.246 18930-20657 IC705-Blue...pConnector com.bh6aap.ic705Cter                 D  【蓝牙SPP】读取到 11 字节数据
2026-03-14 20:22:15.246 18930-20657 IC705-Blue...pConnector com.bh6aap.ic705Cter                 I  【蓝牙SPP】收到数据，长度: 11 字节
2026-03-14 20:22:15.246 18930-20657 IC705-Blue...pConnector com.bh6aap.ic705Cter                 D  【蓝牙SPP】接收到的数据: FEFE00A4000040854501FD
2026-03-14 20:22:15.246 18930-20657 IC705-Blue...ionManager com.bh6aap.ic705Cter                 D  【蓝牙连接】收到数据: FEFE00A4000040854501FD
2026-03-14 20:22:15.246 18930-20657 IC705-Blue...pConnector com.bh6aap.ic705Cter                 I  【蓝牙SPP】提取CIV指令，长度: 11 字节
2026-03-14 20:22:15.246 18930-20657 IC705-Blue...pConnector com.bh6aap.ic705Cter                 D  【蓝牙SPP】提取的CIV指令: FEFE00A4000040854501FD
2026-03-14 20:22:15.246 18930-20657 IC705-Blue...pConnector com.bh6aap.ic705Cter                 I  【CIV指令】处理CIV指令
2026-03-14 20:22:15.246 18930-20657 IC705-Blue...pConnector com.bh6aap.ic705Cter                 D  【CIV指令】目标地址: 0x00
2026-03-14 20:22:15.246 18930-20657 IC705-Blue...pConnector com.bh6aap.ic705Cter                 D  【CIV指令】源地址: 0xA4
2026-03-14 20:22:15.246 18930-20657 IC705-Blue...pConnector com.bh6aap.ic705Cter                 D  【CIV指令】命令代码: 0x00
2026-03-14 20:22:15.246 18930-20657 IC705-Blue...pConnector com.bh6aap.ic705Cter                 D  【CIV指令】数据长度: 5 字节
2026-03-14 20:22:15.246 18930-20657 IC705-Blue...pConnector com.bh6aap.ic705Cter                 D  【CIV指令】数据内容: 0040854501
2026-03-14 20:22:15.246 18930-20657 IC705-Blue...pConnector com.bh6aap.ic705Cter                 I  【CIV指令】这是一个广播指令
2026-03-14 20:22:15.246 18930-20657 IC705-Blue...pConnector com.bh6aap.ic705Cter                 I  【CIV指令】指令来自IC-705电台
2026-03-14 20:22:15.247 18930-20657 IC705-Blue...ionManager com.bh6aap.ic705Cter                 D  【蓝牙连接】收到CIV指令: FEFE00A4000040854501FD
2026-03-14 20:22:15.247 18930-20657 IC705-CivController     com.bh6aap.ic705Cter                 I  【CIV解码】VFO A频率广播 | 源: IC-705 -> 目标: 广播 | 数据: FEFE00A4000040854501FD
2026-03-14 20:22:15.247 18930-20657 IC705-CivController     com.bh6aap.ic705Cter                 I  【CIV解码】VFO A频率更新: 145.854000MHz
2026-03-14 20:22:15.252 18930-18930 IC705-Freq...lAvoidance com.bh6aap.ic705Cter                 I  检测到频率变化 2000Hz，启动避让
2026-03-14 20:22:15.254 18930-18930 IC705-Freq...lAvoidance com.bh6aap.ic705Cter                 I  检测到频率变化 1000Hz，启动避让
2026-03-14 20:22:15.278 18930-20657 IC705-Blue...pConnector com.bh6aap.ic705Cter                 D  【蓝牙SPP】读取到 11 字节数据
2026-03-14 20:22:15.278 18930-20657 IC705-Blue...pConnector com.bh6aap.ic705Cter                 I  【蓝牙SPP】收到数据，长度: 11 字节
2026-03-14 20:22:15.278 18930-20657 IC705-Blue...pConnector com.bh6aap.ic705Cter                 D  【蓝牙SPP】接收到的数据: FEFE00A4000020854501FD
2026-03-14 20:22:15.278 18930-20657 IC705-Blue...ionManager com.bh6aap.ic705Cter                 D  【蓝牙连接】收到数据: FEFE00A4000020854501FD
2026-03-14 20:22:15.278 18930-20657 IC705-Blue...pConnector com.bh6aap.ic705Cter                 I  【蓝牙SPP】提取CIV指令，长度: 11 字节
2026-03-14 20:22:15.278 18930-20657 IC705-Blue...pConnector com.bh6aap.ic705Cter                 D  【蓝牙SPP】提取的CIV指令: FEFE00A4000020854501FD
2026-03-14 20:22:15.278 18930-20657 IC705-Blue...pConnector com.bh6aap.ic705Cter                 I  【CIV指令】处理CIV指令
2026-03-14 20:22:15.278 18930-20657 IC705-Blue...pConnector com.bh6aap.ic705Cter                 D  【CIV指令】目标地址: 0x00
2026-03-14 20:22:15.278 18930-20657 IC705-Blue...pConnector com.bh6aap.ic705Cter                 D  【CIV指令】源地址: 0xA4
2026-03-14 20:22:15.279 18930-20657 IC705-Blue...pConnector com.bh6aap.ic705Cter                 D  【CIV指令】命令代码: 0x00
2026-03-14 20:22:15.279 18930-20657 IC705-Blue...pConnector com.bh6aap.ic705Cter                 D  【CIV指令】数据长度: 5 字节
2026-03-14 20:22:15.279 18930-20657 IC705-Blue...pConnector com.bh6aap.ic705Cter                 D  【CIV指令】数据内容: 0020854501
2026-03-14 20:22:15.279 18930-20657 IC705-Blue...pConnector com.bh6aap.ic705Cter                 I  【CIV指令】这是一个广播指令
2026-03-14 20:22:15.279 18930-20657 IC705-Blue...pConnector com.bh6aap.ic705Cter                 I  【CIV指令】指令来自IC-705电台
2026-03-14 20:22:15.279 18930-20657 IC705-Blue...ionManager com.bh6aap.ic705Cter                 D  【蓝牙连接】收到CIV指令: FEFE00A4000020854501FD
2026-03-14 20:22:15.279 18930-20657 IC705-CivController     com.bh6aap.ic705Cter                 I  【CIV解码】VFO A频率广播 | 源: IC-705 -> 目标: 广播 | 数据: FEFE00A4000020854501FD
2026-03-14 20:22:15.279 18930-20657 IC705-CivController     com.bh6aap.ic705Cter                 I  【CIV解码】VFO A频率更新: 145.852000MHz
2026-03-14 20:22:15.281 18930-18930 IC705-Freq...lAvoidance com.bh6aap.ic705Cter                 I  检测到频率变化 2000Hz，启动避让
2026-03-14 20:22:15.310 18930-20657 IC705-Blue...pConnector com.bh6aap.ic705Cter                 D  【蓝牙SPP】读取到 11 字节数据
2026-03-14 20:22:15.311 18930-20657 IC705-Blue...pConnector com.bh6aap.ic705Cter                 I  【蓝牙SPP】收到数据，长度: 11 字节
2026-03-14 20:22:15.311 18930-20657 IC705-Blue...pConnector com.bh6aap.ic705Cter                 D  【蓝牙SPP】接收到的数据: FEFE00A4000000854501FD
2026-03-14 20:22:15.311 18930-20657 IC705-Blue...ionManager com.bh6aap.ic705Cter                 D  【蓝牙连接】收到数据: FEFE00A4000000854501FD
2026-03-14 20:22:15.311 18930-20657 IC705-Blue...pConnector com.bh6aap.ic705Cter                 I  【蓝牙SPP】提取CIV指令，长度: 11 字节
2026-03-14 20:22:15.311 18930-20657 IC705-Blue...pConnector com.bh6aap.ic705Cter                 D  【蓝牙SPP】提取的CIV指令: FEFE00A4000000854501FD
2026-03-14 20:22:15.312 18930-20657 IC705-Blue...pConnector com.bh6aap.ic705Cter                 I  【CIV指令】处理CIV指令
2026-03-14 20:22:15.312 18930-20657 IC705-Blue...pConnector com.bh6aap.ic705Cter                 D  【CIV指令】目标地址: 0x00
2026-03-14 20:22:15.312 18930-20657 IC705-Blue...pConnector com.bh6aap.ic705Cter                 D  【CIV指令】源地址: 0xA4
2026-03-14 20:22:15.312 18930-20657 IC705-Blue...pConnector com.bh6aap.ic705Cter                 D  【CIV指令】命令代码: 0x00
2026-03-14 20:22:15.313 18930-20657 IC705-Blue...pConnector com.bh6aap.ic705Cter                 D  【CIV指令】数据长度: 5 字节
2026-03-14 20:22:15.313 18930-20657 IC705-Blue...pConnector com.bh6aap.ic705Cter                 D  【CIV指令】数据内容: 0000854501
2026-03-14 20:22:15.313 18930-20657 IC705-Blue...pConnector com.bh6aap.ic705Cter                 I  【CIV指令】这是一个广播指令
2026-03-14 20:22:15.313 18930-20657 IC705-Blue...pConnector com.bh6aap.ic705Cter                 I  【CIV指令】指令来自IC-705电台
2026-03-14 20:22:15.313 18930-20657 IC705-Blue...ionManager com.bh6aap.ic705Cter                 D  【蓝牙连接】收到CIV指令: FEFE00A4000000854501FD
2026-03-14 20:22:15.314 18930-20657 IC705-CivController     com.bh6aap.ic705Cter                 I  【CIV解码】VFO A频率广播 | 源: IC-705 -> 目标: 广播 | 数据: FEFE00A4000000854501FD
2026-03-14 20:22:15.314 18930-20657 IC705-CivController     com.bh6aap.ic705Cter                 I  【CIV解码】VFO A频率更新: 145.850000MHz
2026-03-14 20:22:15.315 18930-18930 IC705-Freq...lAvoidance com.bh6aap.ic705Cter                 I  检测到频率变化 2000Hz，启动避让
2026-03-14 20:22:15.345 18930-20657 IC705-Blue...pConnector com.bh6aap.ic705Cter                 D  【蓝牙SPP】读取到 11 字节数据
2026-03-14 20:22:15.345 18930-20657 IC705-Blue...pConnector com.bh6aap.ic705Cter                 I  【蓝牙SPP】收到数据，长度: 11 字节
2026-03-14 20:22:15.345 18930-20657 IC705-Blue...pConnector com.bh6aap.ic705Cter                 D  【蓝牙SPP】接收到的数据: FEFE00A4000090844501FD
2026-03-14 20:22:15.345 18930-20657 IC705-Blue...ionManager com.bh6aap.ic705Cter                 D  【蓝牙连接】收到数据: FEFE00A4000090844501FD
2026-03-14 20:22:15.345 18930-20657 IC705-Blue...pConnector com.bh6aap.ic705Cter                 I  【蓝牙SPP】提取CIV指令，长度: 11 字节
2026-03-14 20:22:15.345 18930-20657 IC705-Blue...pConnector com.bh6aap.ic705Cter                 D  【蓝牙SPP】提取的CIV指令: FEFE00A4000090844501FD
2026-03-14 20:22:15.345 18930-20657 IC705-Blue...pConnector com.bh6aap.ic705Cter                 I  【CIV指令】处理CIV指令
2026-03-14 20:22:15.346 18930-20657 IC705-Blue...pConnector com.bh6aap.ic705Cter                 D  【CIV指令】目标地址: 0x00
2026-03-14 20:22:15.346 18930-20657 IC705-Blue...pConnector com.bh6aap.ic705Cter                 D  【CIV指令】源地址: 0xA4
2026-03-14 20:22:15.346 18930-20657 IC705-Blue...pConnector com.bh6aap.ic705Cter                 D  【CIV指令】命令代码: 0x00
2026-03-14 20:22:15.346 18930-20657 IC705-Blue...pConnector com.bh6aap.ic705Cter                 D  【CIV指令】数据长度: 5 字节
2026-03-14 20:22:15.346 18930-20657 IC705-Blue...pConnector com.bh6aap.ic705Cter                 D  【CIV指令】数据内容: 0090844501
2026-03-14 20:22:15.346 18930-20657 IC705-Blue...pConnector com.bh6aap.ic705Cter                 I  【CIV指令】这是一个广播指令
2026-03-14 20:22:15.346 18930-20657 IC705-Blue...pConnector com.bh6aap.ic705Cter                 I  【CIV指令】指令来自IC-705电台
2026-03-14 20:22:15.346 18930-20657 IC705-Blue...ionManager com.bh6aap.ic705Cter                 D  【蓝牙连接】收到CIV指令: FEFE00A4000090844501FD
2026-03-14 20:22:15.347 18930-20657 IC705-CivController     com.bh6aap.ic705Cter                 I  【CIV解码】VFO A频率广播 | 源: IC-705 -> 目标: 广播 | 数据: FEFE00A4000090844501FD
2026-03-14 20:22:15.347 18930-20657 IC705-CivController     com.bh6aap.ic705Cter                 I  【CIV解码】VFO A频率更新: 145.849000MHz
2026-03-14 20:22:15.348 18930-18930 IC705-Freq...lAvoidance com.bh6aap.ic705Cter                 I  检测到频率变化 1000Hz，启动避让
2026-03-14 20:22:15.372 18930-19352 IC705-PredictiveDoppler com.bh6aap.ic705Cter                 D  多普勒预测: 当前=2510Hz, 变化率=1Hz/s, 预测=2511Hz (提前300ms)
2026-03-14 20:22:15.455 18930-18930 IC705-Freq...lAvoidance com.bh6aap.ic705Cter                 I  【避让结束】恢复自动控制，用户频率: 145.849000 MHz
2026-03-14 20:22:15.455 18930-18930 IC705-Sate...Controller com.bh6aap.ic705Cter                 I  【避让回调】用户调整完成，恢复自动跟踪，新基准: 145.849 MHz
2026-03-14 20:22:15.456 18930-18930 IC705-Sate...Controller com.bh6aap.ic705Cter                 I  【用户调整】从地面频率反推卫星频率 - 地面下行: 145.849MHz, 卫星下行: 145.84648878055432MHz, 卫星上行: 435.1285112194457MHz, 地面上行: 435.121019073506MHz
2026-03-14 20:22:15.456 18930-18930 IC705-CivController     com.bh6aap.ic705Cter                 I  【CIV】设置 VFO A 频率: 145.849 MHz
2026-03-14 20:22:15.457 18930-18930 IC705-CivController     com.bh6aap.ic705Cter                 I  【CIV】发送指令 0x25 并等待响应
2026-03-14 20:22:15.457 18930-19352 IC705-Blue...pConnector com.bh6aap.ic705Cter                 D  【蓝牙SPP】发送数据: FEFEA4E025000090844501FD
2026-03-14 20:22:15.458 18930-19352 IC705-Blue...pConnector com.bh6aap.ic705Cter                 D  【蓝牙SPP】数据发送成功
2026-03-14 20:22:15.490 18930-20657 IC705-Blue...pConnector com.bh6aap.ic705Cter                 D  【蓝牙SPP】读取到 6 字节数据
2026-03-14 20:22:15.490 18930-20657 IC705-Blue...pConnector com.bh6aap.ic705Cter                 I  【蓝牙SPP】收到数据，长度: 6 字节
2026-03-14 20:22:15.491 18930-20657 IC705-Blue...pConnector com.bh6aap.ic705Cter                 D  【蓝牙SPP】接收到的数据: FEFEE0A4FBFD
2026-03-14 20:22:15.491 18930-20657 IC705-Blue...ionManager com.bh6aap.ic705Cter                 D  【蓝牙连接】收到数据: FEFEE0A4FBFD
2026-03-14 20:22:15.491 18930-20657 IC705-Blue...pConnector com.bh6aap.ic705Cter                 I  【蓝牙SPP】提取CIV指令，长度: 6 字节
2026-03-14 20:22:15.491 18930-20657 IC705-Blue...pConnector com.bh6aap.ic705Cter                 D  【蓝牙SPP】提取的CIV指令: FEFEE0A4FBFD
2026-03-14 20:22:15.491 18930-20657 IC705-Blue...pConnector com.bh6aap.ic705Cter                 I  【CIV指令】处理CIV指令
2026-03-14 20:22:15.492 18930-20657 IC705-Blue...pConnector com.bh6aap.ic705Cter                 D  【CIV指令】目标地址: 0xE0
2026-03-14 20:22:15.492 18930-20657 IC705-Blue...pConnector com.bh6aap.ic705Cter                 D  【CIV指令】源地址: 0xA4
2026-03-14 20:22:15.492 18930-20657 IC705-Blue...pConnector com.bh6aap.ic705Cter                 D  【CIV指令】命令代码: 0xFB
2026-03-14 20:22:15.492 18930-20657 IC705-Blue...pConnector com.bh6aap.ic705Cter                 I  【CIV指令】指令来自IC-705电台
2026-03-14 20:22:15.493 18930-20657 IC705-Blue...ionManager com.bh6aap.ic705Cter                 D  【蓝牙连接】收到CIV指令: FEFEE0A4FBFD
2026-03-14 20:22:15.493 18930-20657 IC705-CivController     com.bh6aap.ic705Cter                 I  【CIV解码】成功响应 | 源: IC-705 -> 目标: 控制器 | 数据: FEFEE0A4FBFD
2026-03-14 20:22:15.494 18930-18930 IC705-CivController     com.bh6aap.ic705Cter                 I  【CIV】收到响应
2026-03-14 20:22:15.495 18930-18930 IC705-CivController     com.bh6aap.ic705Cter                 I  【CIV】设置 VFO B 频率: 435.121019 MHz
2026-03-14 20:22:15.495 18930-18930 IC705-CivController     com.bh6aap.ic705Cter                 I  【CIV】发送指令 0x25 并等待响应
2026-03-14 20:22:15.496 18930-19352 IC705-Blue...pConnector com.bh6aap.ic705Cter                 D  【蓝牙SPP】发送数据: FEFEA4E025011910123504FD
2026-03-14 20:22:15.496 18930-19352 IC705-Blue...pConnector com.bh6aap.ic705Cter                 D  【蓝牙SPP】数据发送成功
2026-03-14 20:22:15.524 18930-20657 IC705-Blue...pConnector com.bh6aap.ic705Cter                 D  【蓝牙SPP】读取到 6 字节数据
2026-03-14 20:22:15.524 18930-20657 IC705-Blue...pConnector com.bh6aap.ic705Cter                 I  【蓝牙SPP】收到数据，长度: 6 字节
2026-03-14 20:22:15.525 18930-20657 IC705-Blue...pConnector com.bh6aap.ic705Cter                 D  【蓝牙SPP】接收到的数据: FEFEE0A4FBFD
2026-03-14 20:22:15.525 18930-20657 IC705-Blue...ionManager com.bh6aap.ic705Cter                 D  【蓝牙连接】收到数据: FEFEE0A4FBFD
2026-03-14 20:22:15.525 18930-20657 IC705-Blue...pConnector com.bh6aap.ic705Cter                 I  【蓝牙SPP】提取CIV指令，长度: 6 字节
2026-03-14 20:22:15.526 18930-20657 IC705-Blue...pConnector com.bh6aap.ic705Cter                 D  【蓝牙SPP】提取的CIV指令: FEFEE0A4FBFD
2026-03-14 20:22:15.526 18930-20657 IC705-Blue...pConnector com.bh6aap.ic705Cter                 I  【CIV指令】处理CIV指令
2026-03-14 20:22:15.526 18930-20657 IC705-Blue...pConnector com.bh6aap.ic705Cter                 D  【CIV指令】目标地址: 0xE0
2026-03-14 20:22:15.527 18930-20657 IC705-Blue...pConnector com.bh6aap.ic705Cter                 D  【CIV指令】源地址: 0xA4
2026-03-14 20:22:15.527 18930-20657 IC705-Blue...pConnector com.bh6aap.ic705Cter                 D  【CIV指令】命令代码: 0xFB
2026-03-14 20:22:15.527 18930-20657 IC705-Blue...pConnector com.bh6aap.ic705Cter                 I  【CIV指令】指令来自IC-705电台
2026-03-14 20:22:15.528 18930-20657 IC705-Blue...ionManager com.bh6aap.ic705Cter                 D  【蓝牙连接】收到CIV指令: FEFEE0A4FBFD
2026-03-14 20:22:15.528 18930-20657 IC705-CivController     com.bh6aap.ic705Cter                 I  【CIV解码】成功响应 | 源: IC-705 -> 目标: 控制器 | 数据: FEFEE0A4FBFD
2026-03-14 20:22:15.529 18930-18930 IC705-CivController     com.bh6aap.ic705Cter                 I  【CIV】收到响应
2026-03-14 20:22:15.531 18930-18930 IC705-CivController     com.bh6aap.ic705Cter                 I  【CIV】设置 VFO A 频率: 145.857511 MHz
2026-03-14 20:22:15.531 18930-18930 IC705-CivController     com.bh6aap.ic705Cter                 I  【CIV】发送指令 0x25 并等待响应
2026-03-14 20:22:15.532 18930-19352 IC705-Blue...pConnector com.bh6aap.ic705Cter                 D  【蓝牙SPP】发送数据: FEFEA4E025001175854501FD
2026-03-14 20:22:15.532 18930-19352 IC705-Blue...pConnector com.bh6aap.ic705Cter                 D  【蓝牙SPP】数据发送成功
2026-03-14 20:22:15.560 18930-20657 IC705-Blue...pConnector com.bh6aap.ic705Cter                 D  【蓝牙SPP】读取到 6 字节数据
2026-03-14 20:22:15.560 18930-20657 IC705-Blue...pConnector com.bh6aap.ic705Cter                 I  【蓝牙SPP】收到数据，长度: 6 字节
2026-03-14 20:22:15.560 18930-20657 IC705-Blue...pConnector com.bh6aap.ic705Cter                 D  【蓝牙SPP】接收到的数据: FEFEE0A4FBFD
2026-03-14 20:22:15.560 18930-20657 IC705-Blue...ionManager com.bh6aap.ic705Cter                 D  【蓝牙连接】收到数据: FEFEE0A4FBFD
2026-03-14 20:22:15.560 18930-20657 IC705-Blue...pConnector com.bh6aap.ic705Cter                 I  【蓝牙SPP】提取CIV指令，长度: 6 字节
2026-03-14 20:22:15.560 18930-20657 IC705-Blue...pConnector com.bh6aap.ic705Cter                 D  【蓝牙SPP】提取的CIV指令: FEFEE0A4FBFD
2026-03-14 20:22:15.560 18930-20657 IC705-Blue...pConnector com.bh6aap.ic705Cter                 I  【CIV指令】处理CIV指令
2026-03-14 20:22:15.560 18930-20657 IC705-Blue...pConnector com.bh6aap.ic705Cter                 D  【CIV指令】目标地址: 0xE0
2026-03-14 20:22:15.560 18930-20657 IC705-Blue...pConnector com.bh6aap.ic705Cter                 D  【CIV指令】源地址: 0xA4
2026-03-14 20:22:15.560 18930-20657 IC705-Blue...pConnector com.bh6aap.ic705Cter                 D  【CIV指令】命令代码: 0xFB
2026-03-14 20:22:15.560 18930-20657 IC705-Blue...pConnector com.bh6aap.ic705Cter                 I  【CIV指令】指令来自IC-705电台
2026-03-14 20:22:15.560 18930-20657 IC705-Blue...ionManager com.bh6aap.ic705Cter                 D  【蓝牙连接】收到CIV指令: FEFEE0A4FBFD
2026-03-14 20:22:15.561 18930-20657 IC705-CivController     com.bh6aap.ic705Cter                 I  【CIV解码】成功响应 | 源: IC-705 -> 目标: 控制器 | 数据: FEFEE0A4FBFD
2026-03-14 20:22:15.565 18930-18930 IC705-CivController     com.bh6aap.ic705Cter                 I  【CIV】收到响应
2026-03-14 20:22:15.566 18930-18930 IC705-CivController     com.bh6aap.ic705Cter                 I  【CIV】设置 VFO B 频率: 435.092508 MHz
2026-03-14 20:22:15.566 18930-18930 IC705-CivController     com.bh6aap.ic705Cter                 I  【CIV】发送指令 0x25 并等待响应
2026-03-14 20:22:15.567 18930-19352 IC705-Blue...pConnector com.bh6aap.ic705Cter                 D  【蓝牙SPP】发送数据: FEFEA4E025010825093504FD
2026-03-14 20:22:15.567 18930-19352 IC705-Blue...pConnector com.bh6aap.ic705Cter                 D  【蓝牙SPP】数据发送成功
2026-03-14 20:22:15.592 18930-20657 IC705-Blue...pConnector com.bh6aap.ic705Cter                 D  【蓝牙SPP】读取到 6 字节数据
2026-03-14 20:22:15.592 18930-20657 IC705-Blue...pConnector com.bh6aap.ic705Cter                 I  【蓝牙SPP】收到数据，长度: 6 字节
2026-03-14 20:22:15.593 18930-20657 IC705-Blue...pConnector com.bh6aap.ic705Cter                 D  【蓝牙SPP】接收到的数据: FEFEE0A4FBFD
2026-03-14 20:22:15.593 18930-20657 IC705-Blue...ionManager com.bh6aap.ic705Cter                 D  【蓝牙连接】收到数据: FEFEE0A4FBFD
2026-03-14 20:22:15.593 18930-20657 IC705-Blue...pConnector com.bh6aap.ic705Cter                 I  【蓝牙SPP】提取CIV指令，长度: 6 字节
2026-03-14 20:22:15.593 18930-20657 IC705-Blue...pConnector com.bh6aap.ic705Cter                 D  【蓝牙SPP】提取的CIV指令: FEFEE0A4FBFD
2026-03-14 20:22:15.594 18930-20657 IC705-Blue...pConnector com.bh6aap.ic705Cter                 I  【CIV指令】处理CIV指令
2026-03-14 20:22:15.594 18930-20657 IC705-Blue...pConnector com.bh6aap.ic705Cter                 D  【CIV指令】目标地址: 0xE0
2026-03-14 20:22:15.594 18930-20657 IC705-Blue...pConnector com.bh6aap.ic705Cter                 D  【CIV指令】源地址: 0xA4
2026-03-14 20:22:15.594 18930-20657 IC705-Blue...pConnector com.bh6aap.ic705Cter                 D  【CIV指令】命令代码: 0xFB
2026-03-14 20:22:15.595 18930-20657 IC705-Blue...pConnector com.bh6aap.ic705Cter                 I  【CIV指令】指令来自IC-705电台
2026-03-14 20:22:15.595 18930-20657 IC705-Blue...ionManager com.bh6aap.ic705Cter                 D  【蓝牙连接】收到CIV指令: FEFEE0A4FBFD
2026-03-14 20:22:15.595 18930-20657 IC705-CivController     com.bh6aap.ic705Cter                 I  【CIV解码】成功响应 | 源: IC-705 -> 目标: 控制器 | 数据: FEFEE0A4FBFD
2026-03-14 20:22:15.619 18930-18930 IC705-CivController     com.bh6aap.ic705Cter                 I  【CIV】收到响应
2026-03-14 20:22:15.884 18930-19352 IC705-PredictiveDoppler com.bh6aap.ic705Cter                 D  多普勒预测: 当前=2511Hz, 变化率=1Hz/s, 预测=2512Hz (提前300ms)
2026-03-14 20:22:16.397 18930-19352 IC705-PredictiveDoppler com.bh6aap.ic705Cter                 D  多普勒预测: 当前=2512Hz, 变化率=1Hz/s, 预测=2512Hz (提前300ms)
2026-03-14 20:22:16.425 18930-20657 IC705-Blue...pConnector com.bh6aap.ic705Cter                 D  【蓝牙SPP】读取到 11 字节数据
2026-03-14 20:22:16.425 18930-20657 IC705-Blue...pConnector com.bh6aap.ic705Cter                 I  【蓝牙SPP】收到数据，长度: 11 字节
2026-03-14 20:22:16.426 18930-20657 IC705-Blue...pConnector com.bh6aap.ic705Cter                 D  【蓝牙SPP】接收到的数据: FEFE00A4000070854501FD
2026-03-14 20:22:16.426 18930-20657 IC705-Blue...ionManager com.bh6aap.ic705Cter                 D  【蓝牙连接】收到数据: FEFE00A4000070854501FD
2026-03-14 20:22:16.427 18930-20657 IC705-Blue...pConnector com.bh6aap.ic705Cter                 I  【蓝牙SPP】提取CIV指令，长度: 11 字节
2026-03-14 20:22:16.427 18930-20657 IC705-Blue...pConnector com.bh6aap.ic705Cter                 D  【蓝牙SPP】提取的CIV指令: FEFE00A4000070854501FD
2026-03-14 20:22:16.427 18930-20657 IC705-Blue...pConnector com.bh6aap.ic705Cter                 I  【CIV指令】处理CIV指令
2026-03-14 20:22:16.428 18930-20657 IC705-Blue...pConnector com.bh6aap.ic705Cter                 D  【CIV指令】目标地址: 0x00
2026-03-14 20:22:16.428 18930-20657 IC705-Blue...pConnector com.bh6aap.ic705Cter                 D  【CIV指令】源地址: 0xA4
2026-03-14 20:22:16.428 18930-20657 IC705-Blue...pConnector com.bh6aap.ic705Cter                 D  【CIV指令】命令代码: 0x00
2026-03-14 20:22:16.428 18930-20657 IC705-Blue...pConnector com.bh6aap.ic705Cter                 D  【CIV指令】数据长度: 5 字节
2026-03-14 20:22:16.428 18930-20657 IC705-Blue...pConnector com.bh6aap.ic705Cter                 D  【CIV指令】数据内容: 0070854501
2026-03-14 20:22:16.429 18930-20657 IC705-Blue...pConnector com.bh6aap.ic705Cter                 I  【CIV指令】这是一个广播指令
2026-03-14 20:22:16.429 18930-20657 IC705-Blue...pConnector com.bh6aap.ic705Cter                 I  【CIV指令】指令来自IC-705电台
2026-03-14 20:22:16.429 18930-20657 IC705-Blue...ionManager com.bh6aap.ic705Cter                 D  【蓝牙连接】收到CIV指令: FEFE00A4000070854501FD
2026-03-14 20:22:16.430 18930-20657 IC705-CivController     com.bh6aap.ic705Cter                 I  【CIV解码】VFO A频率广播 | 源: IC-705 -> 目标: 广播 | 数据: FEFE00A4000070854501FD
2026-03-14 20:22:16.430 18930-20657 IC705-CivController     com.bh6aap.ic705Cter                 I  【CIV解码】VFO A频率更新: 145.857000MHz
2026-03-14 20:22:16.432 18930-18930 IC705-Freq...lAvoidance com.bh6aap.ic705Cter                 I  检测到频率变化 8000Hz，启动避让
2026-03-14 20:22:16.432 18930-18930 IC705-Freq...lAvoidance com.bh6aap.ic705Cter                 I  【避让开始】暂停自动跟踪，等待用户调整完成...
2026-03-14 20:22:16.432 18930-18930 IC705-Sate...Controller com.bh6aap.ic705Cter                 I  【避让回调】用户开始调整频率，暂停自动跟踪
2026-03-14 20:22:16.472 18930-20657 IC705-Blue...pConnector com.bh6aap.ic705Cter                 D  【蓝牙SPP】读取到 11 字节数据
2026-03-14 20:22:16.472 18930-20657 IC705-Blue...pConnector com.bh6aap.ic705Cter                 I  【蓝牙SPP】收到数据，长度: 11 字节
2026-03-14 20:22:16.472 18930-20657 IC705-Blue...pConnector com.bh6aap.ic705Cter                 D  【蓝牙SPP】接收到的数据: FEFE00A4000060854501FD
2026-03-14 20:22:16.472 18930-20657 IC705-Blue...ionManager com.bh6aap.ic705Cter                 D  【蓝牙连接】收到数据: FEFE00A4000060854501FD
2026-03-14 20:22:16.472 18930-20657 IC705-Blue...pConnector com.bh6aap.ic705Cter                 I  【蓝牙SPP】提取CIV指令，长度: 11 字节
2026-03-14 20:22:16.472 18930-20657 IC705-Blue...pConnector com.bh6aap.ic705Cter                 D  【蓝牙SPP】提取的CIV指令: FEFE00A4000060854501FD
2026-03-14 20:22:16.472 18930-20657 IC705-Blue...pConnector com.bh6aap.ic705Cter                 I  【CIV指令】处理CIV指令
2026-03-14 20:22:16.472 18930-20657 IC705-Blue...pConnector com.bh6aap.ic705Cter                 D  【CIV指令】目标地址: 0x00
2026-03-14 20:22:16.472 18930-20657 IC705-Blue...pConnector com.bh6aap.ic705Cter                 D  【CIV指令】源地址: 0xA4
2026-03-14 20:22:16.472 18930-20657 IC705-Blue...pConnector com.bh6aap.ic705Cter                 D  【CIV指令】命令代码: 0x00
2026-03-14 20:22:16.472 18930-20657 IC705-Blue...pConnector com.bh6aap.ic705Cter                 D  【CIV指令】数据长度: 5 字节
2026-03-14 20:22:16.472 18930-20657 IC705-Blue...pConnector com.bh6aap.ic705Cter                 D  【CIV指令】数据内容: 0060854501
2026-03-14 20:22:16.473 18930-20657 IC705-Blue...pConnector com.bh6aap.ic705Cter                 I  【CIV指令】这是一个广播指令
2026-03-14 20:22:16.473 18930-20657 IC705-Blue...pConnector com.bh6aap.ic705Cter                 I  【CIV指令】指令来自IC-705电台
2026-03-14 20:22:16.473 18930-20657 IC705-Blue...ionManager com.bh6aap.ic705Cter                 D  【蓝牙连接】收到CIV指令: FEFE00A4000060854501FD
2026-03-14 20:22:16.473 18930-20657 IC705-CivController     com.bh6aap.ic705Cter                 I  【CIV解码】VFO A频率广播 | 源: IC-705 -> 目标: 广播 | 数据: FEFE00A4000060854501FD
2026-03-14 20:22:16.473 18930-20657 IC705-CivController     com.bh6aap.ic705Cter                 I  【CIV解码】VFO A频率更新: 145.856000MHz
2026-03-14 20:22:16.480 18930-18930 IC705-Freq...lAvoidance com.bh6aap.ic705Cter                 I  检测到频率变化 1000Hz，启动避让
2026-03-14 20:22:16.484 18930-20657 IC705-Blue...pConnector com.bh6aap.ic705Cter                 D  【蓝牙SPP】读取到 11 字节数据
2026-03-14 20:22:16.484 18930-20657 IC705-Blue...pConnector com.bh6aap.ic705Cter                 I  【蓝牙SPP】收到数据，长度: 11 字节
2026-03-14 20:22:16.484 18930-20657 IC705-Blue...pConnector com.bh6aap.ic705Cter                 D  【蓝牙SPP】接收到的数据: FEFE00A4000040854501FD
2026-03-14 20:22:16.484 18930-20657 IC705-Blue...ionManager com.bh6aap.ic705Cter                 D  【蓝牙连接】收到数据: FEFE00A4000040854501FD
2026-03-14 20:22:16.484 18930-20657 IC705-Blue...pConnector com.bh6aap.ic705Cter                 I  【蓝牙SPP】提取CIV指令，长度: 11 字节
2026-03-14 20:22:16.484 18930-20657 IC705-Blue...pConnector com.bh6aap.ic705Cter                 D  【蓝牙SPP】提取的CIV指令: FEFE00A4000040854501FD
2026-03-14 20:22:16.484 18930-20657 IC705-Blue...pConnector com.bh6aap.ic705Cter                 I  【CIV指令】处理CIV指令
2026-03-14 20:22:16.484 18930-20657 IC705-Blue...pConnector com.bh6aap.ic705Cter                 D  【CIV指令】目标地址: 0x00
2026-03-14 20:22:16.484 18930-20657 IC705-Blue...pConnector com.bh6aap.ic705Cter                 D  【CIV指令】源地址: 0xA4
2026-03-14 20:22:16.484 18930-20657 IC705-Blue...pConnector com.bh6aap.ic705Cter                 D  【CIV指令】命令代码: 0x00
2026-03-14 20:22:16.484 18930-20657 IC705-Blue...pConnector com.bh6aap.ic705Cter                 D  【CIV指令】数据长度: 5 字节
2026-03-14 20:22:16.484 18930-20657 IC705-Blue...pConnector com.bh6aap.ic705Cter                 D  【CIV指令】数据内容: 0040854501
2026-03-14 20:22:16.485 18930-20657 IC705-Blue...pConnector com.bh6aap.ic705Cter                 I  【CIV指令】这是一个广播指令
2026-03-14 20:22:16.485 18930-20657 IC705-Blue...pConnector com.bh6aap.ic705Cter                 I  【CIV指令】指令来自IC-705电台
2026-03-14 20:22:16.485 18930-20657 IC705-Blue...ionManager com.bh6aap.ic705Cter                 D  【蓝牙连接】收到CIV指令: FEFE00A4000040854501FD
2026-03-14 20:22:16.485 18930-20657 IC705-CivController     com.bh6aap.ic705Cter                 I  【CIV解码】VFO A频率广播 | 源: IC-705 -> 目标: 广播 | 数据: FEFE00A4000040854501FD
2026-03-14 20:22:16.485 18930-20657 IC705-CivController     com.bh6aap.ic705Cter                 I  【CIV解码】VFO A频率更新: 145.854000MHz
2026-03-14 20:22:16.486 18930-18930 IC705-Freq...lAvoidance com.bh6aap.ic705Cter                 I  检测到频率变化 2000Hz，启动避让
2026-03-14 20:22:16.516 18930-20657 IC705-Blue...pConnector com.bh6aap.ic705Cter                 D  【蓝牙SPP】读取到 11 字节数据
2026-03-14 20:22:16.516 18930-20657 IC705-Blue...pConnector com.bh6aap.ic705Cter                 I  【蓝牙SPP】收到数据，长度: 11 字节
2026-03-14 20:22:16.517 18930-20657 IC705-Blue...pConnector com.bh6aap.ic705Cter                 D  【蓝牙SPP】接收到的数据: FEFE00A4000020854501FD
2026-03-14 20:22:16.517 18930-20657 IC705-Blue...ionManager com.bh6aap.ic705Cter                 D  【蓝牙连接】收到数据: FEFE00A4000020854501FD
2026-03-14 20:22:16.517 18930-20657 IC705-Blue...pConnector com.bh6aap.ic705Cter                 I  【蓝牙SPP】提取CIV指令，长度: 11 字节
2026-03-14 20:22:16.517 18930-20657 IC705-Blue...pConnector com.bh6aap.ic705Cter                 D  【蓝牙SPP】提取的CIV指令: FEFE00A4000020854501FD
2026-03-14 20:22:16.517 18930-20657 IC705-Blue...pConnector com.bh6aap.ic705Cter                 I  【CIV指令】处理CIV指令
2026-03-14 20:22:16.517 18930-20657 IC705-Blue...pConnector com.bh6aap.ic705Cter                 D  【CIV指令】目标地址: 0x00
2026-03-14 20:22:16.517 18930-20657 IC705-Blue...pConnector com.bh6aap.ic705Cter                 D  【CIV指令】源地址: 0xA4
2026-03-14 20:22:16.517 18930-20657 IC705-Blue...pConnector com.bh6aap.ic705Cter                 D  【CIV指令】命令代码: 0x00
2026-03-14 20:22:16.517 18930-20657 IC705-Blue...pConnector com.bh6aap.ic705Cter                 D  【CIV指令】数据长度: 5 字节
2026-03-14 20:22:16.517 18930-20657 IC705-Blue...pConnector com.bh6aap.ic705Cter                 D  【CIV指令】数据内容: 0020854501
2026-03-14 20:22:16.517 18930-20657 IC705-Blue...pConnector com.bh6aap.ic705Cter                 I  【CIV指令】这是一个广播指令
2026-03-14 20:22:16.517 18930-20657 IC705-Blue...pConnector com.bh6aap.ic705Cter                 I  【CIV指令】指令来自IC-705电台
2026-03-14 20:22:16.517 18930-20657 IC705-Blue...ionManager com.bh6aap.ic705Cter                 D  【蓝牙连接】收到CIV指令: FEFE00A4000020854501FD
2026-03-14 20:22:16.518 18930-20657 IC705-CivController     com.bh6aap.ic705Cter                 I  【CIV解码】VFO A频率广播 | 源: IC-705 -> 目标: 广播 | 数据: FEFE00A4000020854501FD
2026-03-14 20:22:16.518 18930-20657 IC705-CivController     com.bh6aap.ic705Cter                 I  【CIV解码】VFO A频率更新: 145.852000MHz
2026-03-14 20:22:16.523 18930-18930 IC705-Freq...lAvoidance com.bh6aap.ic705Cter                 I  检测到频率变化 2000Hz，启动避让
2026-03-14 20:22:16.539 18930-20657 IC705-Blue...pConnector com.bh6aap.ic705Cter                 D  【蓝牙SPP】读取到 11 字节数据
2026-03-14 20:22:16.539 18930-20657 IC705-Blue...pConnector com.bh6aap.ic705Cter                 I  【蓝牙SPP】收到数据，长度: 11 字节
2026-03-14 20:22:16.539 18930-20657 IC705-Blue...pConnector com.bh6aap.ic705Cter                 D  【蓝牙SPP】接收到的数据: FEFE00A4000000854501FD
2026-03-14 20:22:16.539 18930-20657 IC705-Blue...ionManager com.bh6aap.ic705Cter                 D  【蓝牙连接】收到数据: FEFE00A4000000854501FD
2026-03-14 20:22:16.539 18930-20657 IC705-Blue...pConnector com.bh6aap.ic705Cter                 I  【蓝牙SPP】提取CIV指令，长度: 11 字节
2026-03-14 20:22:16.539 18930-20657 IC705-Blue...pConnector com.bh6aap.ic705Cter                 D  【蓝牙SPP】提取的CIV指令: FEFE00A4000000854501FD
2026-03-14 20:22:16.539 18930-20657 IC705-Blue...pConnector com.bh6aap.ic705Cter                 I  【CIV指令】处理CIV指令
2026-03-14 20:22:16.539 18930-20657 IC705-Blue...pConnector com.bh6aap.ic705Cter                 D  【CIV指令】目标地址: 0x00
2026-03-14 20:22:16.539 18930-20657 IC705-Blue...pConnector com.bh6aap.ic705Cter                 D  【CIV指令】源地址: 0xA4
2026-03-14 20:22:16.539 18930-20657 IC705-Blue...pConnector com.bh6aap.ic705Cter                 D  【CIV指令】命令代码: 0x00
2026-03-14 20:22:16.539 18930-20657 IC705-Blue...pConnector com.bh6aap.ic705Cter                 D  【CIV指令】数据长度: 5 字节
2026-03-14 20:22:16.539 18930-20657 IC705-Blue...pConnector com.bh6aap.ic705Cter                 D  【CIV指令】数据内容: 0000854501
2026-03-14 20:22:16.539 18930-20657 IC705-Blue...pConnector com.bh6aap.ic705Cter                 I  【CIV指令】这是一个广播指令
2026-03-14 20:22:16.540 18930-20657 IC705-Blue...pConnector com.bh6aap.ic705Cter                 I  【CIV指令】指令来自IC-705电台
2026-03-14 20:22:16.540 18930-20657 IC705-Blue...ionManager com.bh6aap.ic705Cter                 D  【蓝牙连接】收到CIV指令: FEFE00A4000000854501FD
2026-03-14 20:22:16.540 18930-20657 IC705-CivController     com.bh6aap.ic705Cter                 I  【CIV解码】VFO A频率广播 | 源: IC-705 -> 目标: 广播 | 数据: FEFE00A4000000854501FD
2026-03-14 20:22:16.540 18930-20657 IC705-CivController     com.bh6aap.ic705Cter                 I  【CIV解码】VFO A频率更新: 145.850000MHz
2026-03-14 20:22:16.541 18930-18930 IC705-Freq...lAvoidance com.bh6aap.ic705Cter                 I  检测到频率变化 2000Hz，启动避让
2026-03-14 20:22:16.571 18930-20657 IC705-Blue...pConnector com.bh6aap.ic705Cter                 D  【蓝牙SPP】读取到 11 字节数据
2026-03-14 20:22:16.572 18930-20657 IC705-Blue...pConnector com.bh6aap.ic705Cter                 I  【蓝牙SPP】收到数据，长度: 11 字节
2026-03-14 20:22:16.572 18930-20657 IC705-Blue...pConnector com.bh6aap.ic705Cter                 D  【蓝牙SPP】接收到的数据: FEFE00A4000090844501FD
2026-03-14 20:22:16.572 18930-20657 IC705-Blue...ionManager com.bh6aap.ic705Cter                 D  【蓝牙连接】收到数据: FEFE00A4000090844501FD
2026-03-14 20:22:16.572 18930-20657 IC705-Blue...pConnector com.bh6aap.ic705Cter                 I  【蓝牙SPP】提取CIV指令，长度: 11 字节
2026-03-14 20:22:16.572 18930-20657 IC705-Blue...pConnector com.bh6aap.ic705Cter                 D  【蓝牙SPP】提取的CIV指令: FEFE00A4000090844501FD
2026-03-14 20:22:16.573 18930-20657 IC705-Blue...pConnector com.bh6aap.ic705Cter                 I  【CIV指令】处理CIV指令
2026-03-14 20:22:16.573 18930-20657 IC705-Blue...pConnector com.bh6aap.ic705Cter                 D  【CIV指令】目标地址: 0x00
2026-03-14 20:22:16.573 18930-20657 IC705-Blue...pConnector com.bh6aap.ic705Cter                 D  【CIV指令】源地址: 0xA4
2026-03-14 20:22:16.573 18930-20657 IC705-Blue...pConnector com.bh6aap.ic705Cter                 D  【CIV指令】命令代码: 0x00
2026-03-14 20:22:16.573 18930-20657 IC705-Blue...pConnector com.bh6aap.ic705Cter                 D  【CIV指令】数据长度: 5 字节
2026-03-14 20:22:16.573 18930-20657 IC705-Blue...pConnector com.bh6aap.ic705Cter                 D  【CIV指令】数据内容: 0090844501
2026-03-14 20:22:16.573 18930-20657 IC705-Blue...pConnector com.bh6aap.ic705Cter                 I  【CIV指令】这是一个广播指令
2026-03-14 20:22:16.573 18930-20657 IC705-Blue...pConnector com.bh6aap.ic705Cter                 I  【CIV指令】指令来自IC-705电台
2026-03-14 20:22:16.573 18930-20657 IC705-Blue...ionManager com.bh6aap.ic705Cter                 D  【蓝牙连接】收到CIV指令: FEFE00A4000090844501FD
2026-03-14 20:22:16.574 18930-20657 IC705-CivController     com.bh6aap.ic705Cter                 I  【CIV解码】VFO A频率广播 | 源: IC-705 -> 目标: 广播 | 数据: FEFE00A4000090844501FD
2026-03-14 20:22:16.574 18930-20657 IC705-CivController     com.bh6aap.ic705Cter                 I  【CIV解码】VFO A频率更新: 145.849000MHz
2026-03-14 20:22:16.577 18930-18930 IC705-Freq...lAvoidance com.bh6aap.ic705Cter                 I  检测到频率变化 1000Hz，启动避让
2026-03-14 20:22:16.605 18930-20657 IC705-Blue...pConnector com.bh6aap.ic705Cter                 D  【蓝牙SPP】读取到 11 字节数据
2026-03-14 20:22:16.605 18930-20657 IC705-Blue...pConnector com.bh6aap.ic705Cter                 I  【蓝牙SPP】收到数据，长度: 11 字节
2026-03-14 20:22:16.605 18930-20657 IC705-Blue...pConnector com.bh6aap.ic705Cter                 D  【蓝牙SPP】接收到的数据: FEFE00A4000070844501FD
2026-03-14 20:22:16.605 18930-20657 IC705-Blue...ionManager com.bh6aap.ic705Cter                 D  【蓝牙连接】收到数据: FEFE00A4000070844501FD
2026-03-14 20:22:16.606 18930-20657 IC705-Blue...pConnector com.bh6aap.ic705Cter                 I  【蓝牙SPP】提取CIV指令，长度: 11 字节
2026-03-14 20:22:16.606 18930-20657 IC705-Blue...pConnector com.bh6aap.ic705Cter                 D  【蓝牙SPP】提取的CIV指令: FEFE00A4000070844501FD
2026-03-14 20:22:16.606 18930-20657 IC705-Blue...pConnector com.bh6aap.ic705Cter                 I  【CIV指令】处理CIV指令
2026-03-14 20:22:16.606 18930-20657 IC705-Blue...pConnector com.bh6aap.ic705Cter                 D  【CIV指令】目标地址: 0x00
2026-03-14 20:22:16.606 18930-20657 IC705-Blue...pConnector com.bh6aap.ic705Cter                 D  【CIV指令】源地址: 0xA4
2026-03-14 20:22:16.606 18930-20657 IC705-Blue...pConnector com.bh6aap.ic705Cter                 D  【CIV指令】命令代码: 0x00
2026-03-14 20:22:16.606 18930-20657 IC705-Blue...pConnector com.bh6aap.ic705Cter                 D  【CIV指令】数据长度: 5 字节
2026-03-14 20:22:16.606 18930-20657 IC705-Blue...pConnector com.bh6aap.ic705Cter                 D  【CIV指令】数据内容: 0070844501
2026-03-14 20:22:16.606 18930-20657 IC705-Blue...pConnector com.bh6aap.ic705Cter                 I  【CIV指令】这是一个广播指令
2026-03-14 20:22:16.606 18930-20657 IC705-Blue...pConnector com.bh6aap.ic705Cter                 I  【CIV指令】指令来自IC-705电台
2026-03-14 20:22:16.606 18930-20657 IC705-Blue...ionManager com.bh6aap.ic705Cter                 D  【蓝牙连接】收到CIV指令: FEFE00A4000070844501FD
2026-03-14 20:22:16.606 18930-20657 IC705-CivController     com.bh6aap.ic705Cter                 I  【CIV解码】VFO A频率广播 | 源: IC-705 -> 目标: 广播 | 数据: FEFE00A4000070844501FD
2026-03-14 20:22:16.607 18930-20657 IC705-CivController     com.bh6aap.ic705Cter                 I  【CIV解码】VFO A频率更新: 145.847000MHz
2026-03-14 20:22:16.608 18930-18930 IC705-Freq...lAvoidance com.bh6aap.ic705Cter                 I  检测到频率变化 2000Hz，启动避让
2026-03-14 20:22:16.638 18930-20657 IC705-Blue...pConnector com.bh6aap.ic705Cter                 D  【蓝牙SPP】读取到 11 字节数据
2026-03-14 20:22:16.638 18930-20657 IC705-Blue...pConnector com.bh6aap.ic705Cter                 I  【蓝牙SPP】收到数据，长度: 11 字节
2026-03-14 20:22:16.638 18930-20657 IC705-Blue...pConnector com.bh6aap.ic705Cter                 D  【蓝牙SPP】接收到的数据: FEFE00A4000050844501FD
2026-03-14 20:22:16.638 18930-20657 IC705-Blue...ionManager com.bh6aap.ic705Cter                 D  【蓝牙连接】收到数据: FEFE00A4000050844501FD
2026-03-14 20:22:16.638 18930-20657 IC705-Blue...pConnector com.bh6aap.ic705Cter                 I  【蓝牙SPP】提取CIV指令，长度: 11 字节
2026-03-14 20:22:16.638 18930-20657 IC705-Blue...pConnector com.bh6aap.ic705Cter                 D  【蓝牙SPP】提取的CIV指令: FEFE00A4000050844501FD
2026-03-14 20:22:16.638 18930-20657 IC705-Blue...pConnector com.bh6aap.ic705Cter                 I  【CIV指令】处理CIV指令
2026-03-14 20:22:16.638 18930-20657 IC705-Blue...pConnector com.bh6aap.ic705Cter                 D  【CIV指令】目标地址: 0x00
2026-03-14 20:22:16.638 18930-20657 IC705-Blue...pConnector com.bh6aap.ic705Cter                 D  【CIV指令】源地址: 0xA4
2026-03-14 20:22:16.638 18930-20657 IC705-Blue...pConnector com.bh6aap.ic705Cter                 D  【CIV指令】命令代码: 0x00
2026-03-14 20:22:16.639 18930-20657 IC705-Blue...pConnector com.bh6aap.ic705Cter                 D  【CIV指令】数据长度: 5 字节
2026-03-14 20:22:16.639 18930-20657 IC705-Blue...pConnector com.bh6aap.ic705Cter                 D  【CIV指令】数据内容: 0050844501
2026-03-14 20:22:16.639 18930-20657 IC705-Blue...pConnector com.bh6aap.ic705Cter                 I  【CIV指令】这是一个广播指令
2026-03-14 20:22:16.639 18930-20657 IC705-Blue...pConnector com.bh6aap.ic705Cter                 I  【CIV指令】指令来自IC-705电台
2026-03-14 20:22:16.639 18930-20657 IC705-Blue...ionManager com.bh6aap.ic705Cter                 D  【蓝牙连接】收到CIV指令: FEFE00A4000050844501FD
2026-03-14 20:22:16.639 18930-20657 IC705-CivController     com.bh6aap.ic705Cter                 I  【CIV解码】VFO A频率广播 | 源: IC-705 -> 目标: 广播 | 数据: FEFE00A4000050844501FD
2026-03-14 20:22:16.640 18930-20657 IC705-CivController     com.bh6aap.ic705Cter                 I  【CIV解码】VFO A频率更新: 145.845000MHz
2026-03-14 20:22:16.643 18930-18930 IC705-Freq...lAvoidance com.bh6aap.ic705Cter                 I  检测到频率变化 2000Hz，启动避让
2026-03-14 20:22:16.746 18930-18930 IC705-Freq...lAvoidance com.bh6aap.ic705Cter                 I  【避让结束】恢复自动控制，用户频率: 145.845000 MHz
2026-03-14 20:22:16.747 18930-18930 IC705-Sate...Controller com.bh6aap.ic705Cter                 I  【避让回调】用户调整完成，恢复自动跟踪，新基准: 145.845 MHz
