2026-03-14 20:22:07.443 18930-20657 IC705-Blue...pConnector com.bh6aap.ic705Cter                 D  【CIV指令】目标地址: 0xE0
2026-03-14 20:22:07.443 18930-20657 IC705-Blue...pConnector com.bh6aap.ic705Cter                 D  【CIV指令】源地址: 0xA4
2026-03-14 20:22:07.443 18930-20657 IC705-Blue...pConnector com.bh6aap.ic705Cter                 D  【CIV指令】命令代码: 0xFB
2026-03-14 20:22:07.443 18930-20657 IC705-Blue...pConnector com.bh6aap.ic705Cter                 I  【CIV指令】指令来自IC-705电台
2026-03-14 20:22:07.443 18930-20657 IC705-Blue...ionManager com.bh6aap.ic705Cter                 D  【蓝牙连接】收到CIV指令: FEFEE0A4FBFD
2026-03-14 20:22:07.443 18930-20657 IC705-CivController     com.bh6aap.ic705Cter                 I  【CIV解码】成功响应 | 源: IC-705 -> 目标: 控制器 | 数据: FEFEE0A4FBFD
2026-03-14 20:22:07.446 18930-18930 IC705-CivController     com.bh6aap.ic705Cter                 I  【CIV】收到响应
2026-03-14 20:22:07.501 18930-18930 IC705-CivController     com.bh6aap.ic705Cter                 I  【CIV】设置 VFO B 模式: LSB
2026-03-14 20:22:07.501 18930-18930 IC705-CivController     com.bh6aap.ic705Cter                 I  【CIV】发送指令 0x26 并等待响应
2026-03-14 20:22:07.502 18930-19072 IC705-Blue...pConnector com.bh6aap.ic705Cter                 D  【蓝牙SPP】发送数据: FEFEA4E02601000001FD
2026-03-14 20:22:07.503 18930-19072 IC705-Blue...pConnector com.bh6aap.ic705Cter                 D  【蓝牙SPP】数据发送成功
2026-03-14 20:22:07.577 18930-20657 IC705-Blue...pConnector com.bh6aap.ic705Cter                 D  【蓝牙SPP】读取到 6 字节数据
2026-03-14 20:22:07.578 18930-20657 IC705-Blue...pConnector com.bh6aap.ic705Cter                 I  【蓝牙SPP】收到数据，长度: 6 字节
2026-03-14 20:22:07.578 18930-20657 IC705-Blue...pConnector com.bh6aap.ic705Cter                 D  【蓝牙SPP】接收到的数据: FEFEE0A4FBFD
2026-03-14 20:22:07.578 18930-20657 IC705-Blue...ionManager com.bh6aap.ic705Cter                 D  【蓝牙连接】收到数据: FEFEE0A4FBFD
2026-03-14 20:22:07.578 18930-20657 IC705-Blue...pConnector com.bh6aap.ic705Cter                 I  【蓝牙SPP】提取CIV指令，长度: 6 字节
2026-03-14 20:22:07.578 18930-20657 IC705-Blue...pConnector com.bh6aap.ic705Cter                 D  【蓝牙SPP】提取的CIV指令: FEFEE0A4FBFD
2026-03-14 20:22:07.578 18930-20657 IC705-Blue...pConnector com.bh6aap.ic705Cter                 I  【CIV指令】处理CIV指令
2026-03-14 20:22:07.578 18930-20657 IC705-Blue...pConnector com.bh6aap.ic705Cter                 D  【CIV指令】目标地址: 0xE0
2026-03-14 20:22:07.578 18930-20657 IC705-Blue...pConnector com.bh6aap.ic705Cter                 D  【CIV指令】源地址: 0xA4
2026-03-14 20:22:07.578 18930-20657 IC705-Blue...pConnector com.bh6aap.ic705Cter                 D  【CIV指令】命令代码: 0xFB
2026-03-14 20:22:07.579 18930-20657 IC705-Blue...pConnector com.bh6aap.ic705Cter                 I  【CIV指令】指令来自IC-705电台
2026-03-14 20:22:07.579 18930-20657 IC705-Blue...ionManager com.bh6aap.ic705Cter                 D  【蓝牙连接】收到CIV指令: FEFEE0A4FBFD
2026-03-14 20:22:07.579 18930-20657 IC705-CivController     com.bh6aap.ic705Cter                 I  【CIV解码】成功响应 | 源: IC-705 -> 目标: 控制器 | 数据: FEFEE0A4FBFD
2026-03-14 20:22:07.581 18930-18930 IC705-CivController     com.bh6aap.ic705Cter                 I  【CIV】收到响应
2026-03-14 20:22:07.583 18930-18930 IC705-CivController     com.bh6aap.ic705Cter                 I  【CIV】设置 VFO A 频率: 145.8675 MHz
2026-03-14 20:22:07.583 18930-18930 IC705-CivController     com.bh6aap.ic705Cter                 I  【CIV】发送指令 0x25 并等待响应
2026-03-14 20:22:07.584 18930-19072 IC705-Blue...pConnector com.bh6aap.ic705Cter                 D  【蓝牙SPP】发送数据: FEFEA4E025000075864501FD
2026-03-14 20:22:07.584 18930-19072 IC705-Blue...pConnector com.bh6aap.ic705Cter                 D  【蓝牙SPP】数据发送成功
2026-03-14 20:22:07.617 18930-19072 IC705-PredictiveDoppler com.bh6aap.ic705Cter                 D  多普勒预测: 当前=2499Hz, 变化率=1Hz/s, 预测=2500Hz (提前300ms)
2026-03-14 20:22:07.641 18930-20657 IC705-Blue...pConnector com.bh6aap.ic705Cter                 D  【蓝牙SPP】读取到 6 字节数据
2026-03-14 20:22:07.641 18930-20657 IC705-Blue...pConnector com.bh6aap.ic705Cter                 I  【蓝牙SPP】收到数据，长度: 6 字节
2026-03-14 20:22:07.641 18930-20657 IC705-Blue...pConnector com.bh6aap.ic705Cter                 D  【蓝牙SPP】接收到的数据: FEFEE0A4FBFD
2026-03-14 20:22:07.642 18930-20657 IC705-Blue...ionManager com.bh6aap.ic705Cter                 D  【蓝牙连接】收到数据: FEFEE0A4FBFD
2026-03-14 20:22:07.642 18930-20657 IC705-Blue...pConnector com.bh6aap.ic705Cter                 I  【蓝牙SPP】提取CIV指令，长度: 6 字节
2026-03-14 20:22:07.642 18930-20657 IC705-Blue...pConnector com.bh6aap.ic705Cter                 D  【蓝牙SPP】提取的CIV指令: FEFEE0A4FBFD
2026-03-14 20:22:07.642 18930-20657 IC705-Blue...pConnector com.bh6aap.ic705Cter                 I  【CIV指令】处理CIV指令
2026-03-14 20:22:07.642 18930-20657 IC705-Blue...pConnector com.bh6aap.ic705Cter                 D  【CIV指令】目标地址: 0xE0
2026-03-14 20:22:07.642 18930-20657 IC705-Blue...pConnector com.bh6aap.ic705Cter                 D  【CIV指令】源地址: 0xA4
2026-03-14 20:22:07.642 18930-20657 IC705-Blue...pConnector com.bh6aap.ic705Cter                 D  【CIV指令】命令代码: 0xFB
2026-03-14 20:22:07.642 18930-20657 IC705-Blue...pConnector com.bh6aap.ic705Cter                 I  【CIV指令】指令来自IC-705电台
2026-03-14 20:22:07.642 18930-20657 IC705-Blue...ionManager com.bh6aap.ic705Cter                 D  【蓝牙连接】收到CIV指令: FEFEE0A4FBFD
2026-03-14 20:22:07.643 18930-20657 IC705-CivController     com.bh6aap.ic705Cter                 I  【CIV解码】成功响应 | 源: IC-705 -> 目标: 控制器 | 数据: FEFEE0A4FBFD
2026-03-14 20:22:07.655 18930-18930 IC705-CivController     com.bh6aap.ic705Cter                 I  【CIV】收到响应
2026-03-14 20:22:07.655 18930-18930 IC705-CivController     com.bh6aap.ic705Cter                 I  【CIV】设置 VFO B 频率: 435.102543 MHz
2026-03-14 20:22:07.655 18930-18930 IC705-CivController     com.bh6aap.ic705Cter                 I  【CIV】发送指令 0x25 并等待响应
2026-03-14 20:22:07.656 18930-19072 IC705-Blue...pConnector com.bh6aap.ic705Cter                 D  【蓝牙SPP】发送数据: FEFEA4E025014325103504FD
2026-03-14 20:22:07.656 18930-19072 IC705-Blue...pConnector com.bh6aap.ic705Cter                 D  【蓝牙SPP】数据发送成功
2026-03-14 20:22:07.694 18930-20657 IC705-Blue...pConnector com.bh6aap.ic705Cter                 D  【蓝牙SPP】读取到 6 字节数据
2026-03-14 20:22:07.694 18930-20657 IC705-Blue...pConnector com.bh6aap.ic705Cter                 I  【蓝牙SPP】收到数据，长度: 6 字节
2026-03-14 20:22:07.695 18930-20657 IC705-Blue...pConnector com.bh6aap.ic705Cter                 D  【蓝牙SPP】接收到的数据: FEFEE0A4FBFD
2026-03-14 20:22:07.695 18930-20657 IC705-Blue...ionManager com.bh6aap.ic705Cter                 D  【蓝牙连接】收到数据: FEFEE0A4FBFD
2026-03-14 20:22:07.695 18930-20657 IC705-Blue...pConnector com.bh6aap.ic705Cter                 I  【蓝牙SPP】提取CIV指令，长度: 6 字节
2026-03-14 20:22:07.695 18930-20657 IC705-Blue...pConnector com.bh6aap.ic705Cter                 D  【蓝牙SPP】提取的CIV指令: FEFEE0A4FBFD
2026-03-14 20:22:07.695 18930-20657 IC705-Blue...pConnector com.bh6aap.ic705Cter                 I  【CIV指令】处理CIV指令
2026-03-14 20:22:07.695 18930-20657 IC705-Blue...pConnector com.bh6aap.ic705Cter                 D  【CIV指令】目标地址: 0xE0
2026-03-14 20:22:07.696 18930-20657 IC705-Blue...pConnector com.bh6aap.ic705Cter                 D  【CIV指令】源地址: 0xA4
2026-03-14 20:22:07.696 18930-20657 IC705-Blue...pConnector com.bh6aap.ic705Cter                 D  【CIV指令】命令代码: 0xFB
2026-03-14 20:22:07.696 18930-20657 IC705-Blue...pConnector com.bh6aap.ic705Cter                 I  【CIV指令】指令来自IC-705电台
2026-03-14 20:22:07.696 18930-20657 IC705-Blue...ionManager com.bh6aap.ic705Cter                 D  【蓝牙连接】收到CIV指令: FEFEE0A4FBFD
2026-03-14 20:22:07.696 18930-20657 IC705-CivController     com.bh6aap.ic705Cter                 I  【CIV解码】成功响应 | 源: IC-705 -> 目标: 控制器 | 数据: FEFEE0A4FBFD
2026-03-14 20:22:07.697 18930-18930 IC705-CivController     com.bh6aap.ic705Cter                 I  【CIV】收到响应
2026-03-14 20:22:08.129 18930-19072 IC705-PredictiveDoppler com.bh6aap.ic705Cter                 D  多普勒预测: 当前=2500Hz, 变化率=1Hz/s, 预测=2501Hz (提前300ms)
2026-03-14 20:22:08.211 18930-18930 IC705-CivController     com.bh6aap.ic705Cter                 I  【CIV】设置 VFO A 频率: 145.867501 MHz
2026-03-14 20:22:08.212 18930-18930 IC705-CivController     com.bh6aap.ic705Cter                 I  【CIV】发送指令 0x25 并等待响应
2026-03-14 20:22:08.212 18930-19072 IC705-Blue...pConnector com.bh6aap.ic705Cter                 D  【蓝牙SPP】发送数据: FEFEA4E025000175864501FD
2026-03-14 20:22:08.213 18930-19072 IC705-Blue...pConnector com.bh6aap.ic705Cter                 D  【蓝牙SPP】数据发送成功
2026-03-14 20:22:08.272 18930-20657 IC705-Blue...pConnector com.bh6aap.ic705Cter                 D  【蓝牙SPP】读取到 6 字节数据
2026-03-14 20:22:08.272 18930-20657 IC705-Blue...pConnector com.bh6aap.ic705Cter                 I  【蓝牙SPP】收到数据，长度: 6 字节
2026-03-14 20:22:08.272 18930-20657 IC705-Blue...pConnector com.bh6aap.ic705Cter                 D  【蓝牙SPP】接收到的数据: FEFEE0A4FBFD
2026-03-14 20:22:08.273 18930-20657 IC705-Blue...ionManager com.bh6aap.ic705Cter                 D  【蓝牙连接】收到数据: FEFEE0A4FBFD
2026-03-14 20:22:08.273 18930-20657 IC705-Blue...pConnector com.bh6aap.ic705Cter                 I  【蓝牙SPP】提取CIV指令，长度: 6 字节
2026-03-14 20:22:08.273 18930-20657 IC705-Blue...pConnector com.bh6aap.ic705Cter                 D  【蓝牙SPP】提取的CIV指令: FEFEE0A4FBFD
2026-03-14 20:22:08.273 18930-20657 IC705-Blue...pConnector com.bh6aap.ic705Cter                 I  【CIV指令】处理CIV指令
2026-03-14 20:22:08.274 18930-20657 IC705-Blue...pConnector com.bh6aap.ic705Cter                 D  【CIV指令】目标地址: 0xE0
2026-03-14 20:22:08.274 18930-20657 IC705-Blue...pConnector com.bh6aap.ic705Cter                 D  【CIV指令】源地址: 0xA4
2026-03-14 20:22:08.274 18930-20657 IC705-Blue...pConnector com.bh6aap.ic705Cter                 D  【CIV指令】命令代码: 0xFB
2026-03-14 20:22:08.274 18930-20657 IC705-Blue...pConnector com.bh6aap.ic705Cter                 I  【CIV指令】指令来自IC-705电台
2026-03-14 20:22:08.275 18930-20657 IC705-Blue...ionManager com.bh6aap.ic705Cter                 D  【蓝牙连接】收到CIV指令: FEFEE0A4FBFD
2026-03-14 20:22:08.275 18930-20657 IC705-CivController     com.bh6aap.ic705Cter                 I  【CIV解码】成功响应 | 源: IC-705 -> 目标: 控制器 | 数据: FEFEE0A4FBFD
2026-03-14 20:22:08.276 18930-18930 IC705-CivController     com.bh6aap.ic705Cter                 I  【CIV】收到响应
2026-03-14 20:22:08.276 18930-18930 IC705-CivController     com.bh6aap.ic705Cter                 I  【CIV】设置 VFO B 频率: 435.102539 MHz
2026-03-14 20:22:08.277 18930-18930 IC705-CivController     com.bh6aap.ic705Cter                 I  【CIV】发送指令 0x25 并等待响应
2026-03-14 20:22:08.278 18930-19072 IC705-Blue...pConnector com.bh6aap.ic705Cter                 D  【蓝牙SPP】发送数据: FEFEA4E025013925103504FD
2026-03-14 20:22:08.279 18930-19072 IC705-Blue...pConnector com.bh6aap.ic705Cter                 D  【蓝牙SPP】数据发送成功
2026-03-14 20:22:08.337 18930-20657 IC705-Blue...pConnector com.bh6aap.ic705Cter                 D  【蓝牙SPP】读取到 6 字节数据
2026-03-14 20:22:08.337 18930-20657 IC705-Blue...pConnector com.bh6aap.ic705Cter                 I  【蓝牙SPP】收到数据，长度: 6 字节
2026-03-14 20:22:08.337 18930-20657 IC705-Blue...pConnector com.bh6aap.ic705Cter                 D  【蓝牙SPP】接收到的数据: FEFEE0A4FBFD
2026-03-14 20:22:08.338 18930-20657 IC705-Blue...ionManager com.bh6aap.ic705Cter                 D  【蓝牙连接】收到数据: FEFEE0A4FBFD
2026-03-14 20:22:08.339 18930-20657 IC705-Blue...pConnector com.bh6aap.ic705Cter                 I  【蓝牙SPP】提取CIV指令，长度: 6 字节
2026-03-14 20:22:08.339 18930-20657 IC705-Blue...pConnector com.bh6aap.ic705Cter                 D  【蓝牙SPP】提取的CIV指令: FEFEE0A4FBFD
2026-03-14 20:22:08.340 18930-20657 IC705-Blue...pConnector com.bh6aap.ic705Cter                 I  【CIV指令】处理CIV指令
2026-03-14 20:22:08.340 18930-20657 IC705-Blue...pConnector com.bh6aap.ic705Cter                 D  【CIV指令】目标地址: 0xE0
2026-03-14 20:22:08.341 18930-20657 IC705-Blue...pConnector com.bh6aap.ic705Cter                 D  【CIV指令】源地址: 0xA4
2026-03-14 20:22:08.341 18930-20657 IC705-Blue...pConnector com.bh6aap.ic705Cter                 D  【CIV指令】命令代码: 0xFB
2026-03-14 20:22:08.341 18930-20657 IC705-Blue...pConnector com.bh6aap.ic705Cter                 I  【CIV指令】指令来自IC-705电台
2026-03-14 20:22:08.342 18930-20657 IC705-Blue...ionManager com.bh6aap.ic705Cter                 D  【蓝牙连接】收到CIV指令: FEFEE0A4FBFD
2026-03-14 20:22:08.343 18930-20657 IC705-CivController     com.bh6aap.ic705Cter                 I  【CIV解码】成功响应 | 源: IC-705 -> 目标: 控制器 | 数据: FEFEE0A4FBFD
2026-03-14 20:22:08.347 18930-18930 IC705-CivController     com.bh6aap.ic705Cter                 I  【CIV】收到响应
2026-03-14 20:22:08.652 18930-19072 IC705-PredictiveDoppler com.bh6aap.ic705Cter                 D  多普勒预测: 当前=2501Hz, 变化率=1Hz/s, 预测=2501Hz (提前300ms)
2026-03-14 20:22:09.184 18930-19072 IC705-PredictiveDoppler com.bh6aap.ic705Cter                 D  多普勒预测: 当前=2502Hz, 变化率=1Hz/s, 预测=2502Hz (提前300ms)
2026-03-14 20:22:09.185 18930-18930 IC705-CivController     com.bh6aap.ic705Cter                 I  【CIV】设置 VFO A 频率: 145.867503 MHz
2026-03-14 20:22:09.185 18930-18930 IC705-CivController     com.bh6aap.ic705Cter                 I  【CIV】发送指令 0x25 并等待响应
2026-03-14 20:22:09.186 18930-19046 IC705-Blue...pConnector com.bh6aap.ic705Cter                 D  【蓝牙SPP】发送数据: FEFEA4E025000375864501FD
2026-03-14 20:22:09.186 18930-19046 IC705-Blue...pConnector com.bh6aap.ic705Cter                 D  【蓝牙SPP】数据发送成功
2026-03-14 20:22:09.235 18930-20657 IC705-Blue...pConnector com.bh6aap.ic705Cter                 D  【蓝牙SPP】读取到 6 字节数据
2026-03-14 20:22:09.236 18930-20657 IC705-Blue...pConnector com.bh6aap.ic705Cter                 I  【蓝牙SPP】收到数据，长度: 6 字节
2026-03-14 20:22:09.236 18930-20657 IC705-Blue...pConnector com.bh6aap.ic705Cter                 D  【蓝牙SPP】接收到的数据: FEFEE0A4FBFD
2026-03-14 20:22:09.236 18930-20657 IC705-Blue...ionManager com.bh6aap.ic705Cter                 D  【蓝牙连接】收到数据: FEFEE0A4FBFD
2026-03-14 20:22:09.236 18930-20657 IC705-Blue...pConnector com.bh6aap.ic705Cter                 I  【蓝牙SPP】提取CIV指令，长度: 6 字节
2026-03-14 20:22:09.236 18930-20657 IC705-Blue...pConnector com.bh6aap.ic705Cter                 D  【蓝牙SPP】提取的CIV指令: FEFEE0A4FBFD
2026-03-14 20:22:09.236 18930-20657 IC705-Blue...pConnector com.bh6aap.ic705Cter                 I  【CIV指令】处理CIV指令
2026-03-14 20:22:09.236 18930-20657 IC705-Blue...pConnector com.bh6aap.ic705Cter                 D  【CIV指令】目标地址: 0xE0
2026-03-14 20:22:09.237 18930-20657 IC705-Blue...pConnector com.bh6aap.ic705Cter                 D  【CIV指令】源地址: 0xA4
2026-03-14 20:22:09.237 18930-20657 IC705-Blue...pConnector com.bh6aap.ic705Cter                 D  【CIV指令】命令代码: 0xFB
2026-03-14 20:22:09.237 18930-20657 IC705-Blue...pConnector com.bh6aap.ic705Cter                 I  【CIV指令】指令来自IC-705电台
2026-03-14 20:22:09.237 18930-20657 IC705-Blue...ionManager com.bh6aap.ic705Cter                 D  【蓝牙连接】收到CIV指令: FEFEE0A4FBFD
2026-03-14 20:22:09.237 18930-20657 IC705-CivController     com.bh6aap.ic705Cter                 I  【CIV解码】成功响应 | 源: IC-705 -> 目标: 控制器 | 数据: FEFEE0A4FBFD
2026-03-14 20:22:09.238 18930-18930 IC705-CivController     com.bh6aap.ic705Cter                 I  【CIV】收到响应
2026-03-14 20:22:09.238 18930-18930 IC705-CivController     com.bh6aap.ic705Cter                 I  【CIV】设置 VFO B 频率: 435.102534 MHz
2026-03-14 20:22:09.238 18930-18930 IC705-CivController     com.bh6aap.ic705Cter                 I  【CIV】发送指令 0x25 并等待响应
2026-03-14 20:22:09.239 18930-19072 IC705-Blue...pConnector com.bh6aap.ic705Cter                 D  【蓝牙SPP】发送数据: FEFEA4E025013425103504FD
2026-03-14 20:22:09.239 18930-19072 IC705-Blue...pConnector com.bh6aap.ic705Cter                 D  【蓝牙SPP】数据发送成功
2026-03-14 20:22:09.299 18930-20657 IC705-Blue...pConnector com.bh6aap.ic705Cter                 D  【蓝牙SPP】读取到 6 字节数据
2026-03-14 20:22:09.300 18930-20657 IC705-Blue...pConnector com.bh6aap.ic705Cter                 I  【蓝牙SPP】收到数据，长度: 6 字节
2026-03-14 20:22:09.300 18930-20657 IC705-Blue...pConnector com.bh6aap.ic705Cter                 D  【蓝牙SPP】接收到的数据: FEFEE0A4FBFD
2026-03-14 20:22:09.300 18930-20657 IC705-Blue...ionManager com.bh6aap.ic705Cter                 D  【蓝牙连接】收到数据: FEFEE0A4FBFD
2026-03-14 20:22:09.300 18930-20657 IC705-Blue...pConnector com.bh6aap.ic705Cter                 I  【蓝牙SPP】提取CIV指令，长度: 6 字节
2026-03-14 20:22:09.300 18930-20657 IC705-Blue...pConnector com.bh6aap.ic705Cter                 D  【蓝牙SPP】提取的CIV指令: FEFEE0A4FBFD
2026-03-14 20:22:09.300 18930-20657 IC705-Blue...pConnector com.bh6aap.ic705Cter                 I  【CIV指令】处理CIV指令
2026-03-14 20:22:09.301 18930-20657 IC705-Blue...pConnector com.bh6aap.ic705Cter                 D  【CIV指令】目标地址: 0xE0
2026-03-14 20:22:09.301 18930-20657 IC705-Blue...pConnector com.bh6aap.ic705Cter                 D  【CIV指令】源地址: 0xA4
2026-03-14 20:22:09.301 18930-20657 IC705-Blue...pConnector com.bh6aap.ic705Cter                 D  【CIV指令】命令代码: 0xFB
2026-03-14 20:22:09.301 18930-20657 IC705-Blue...pConnector com.bh6aap.ic705Cter                 I  【CIV指令】指令来自IC-705电台
2026-03-14 20:22:09.301 18930-20657 IC705-Blue...ionManager com.bh6aap.ic705Cter                 D  【蓝牙连接】收到CIV指令: FEFEE0A4FBFD
2026-03-14 20:22:09.301 18930-20657 IC705-CivController     com.bh6aap.ic705Cter                 I  【CIV解码】成功响应 | 源: IC-705 -> 目标: 控制器 | 数据: FEFEE0A4FBFD
2026-03-14 20:22:09.303 18930-18930 IC705-CivController     com.bh6aap.ic705Cter                 I  【CIV】收到响应
2026-03-14 20:22:09.333 18930-20657 IC705-Blue...pConnector com.bh6aap.ic705Cter                 D  【蓝牙SPP】读取到 11 字节数据
2026-03-14 20:22:09.333 18930-20657 IC705-Blue...pConnector com.bh6aap.ic705Cter                 I  【蓝牙SPP】收到数据，长度: 11 字节
2026-03-14 20:22:09.333 18930-20657 IC705-Blue...pConnector com.bh6aap.ic705Cter                 D  【蓝牙SPP】接收到的数据: FEFE00A4000070864501FD
2026-03-14 20:22:09.334 18930-20657 IC705-Blue...ionManager com.bh6aap.ic705Cter                 D  【蓝牙连接】收到数据: FEFE00A4000070864501FD
2026-03-14 20:22:09.334 18930-20657 IC705-Blue...pConnector com.bh6aap.ic705Cter                 I  【蓝牙SPP】提取CIV指令，长度: 11 字节
2026-03-14 20:22:09.334 18930-20657 IC705-Blue...pConnector com.bh6aap.ic705Cter                 D  【蓝牙SPP】提取的CIV指令: FEFE00A4000070864501FD
2026-03-14 20:22:09.335 18930-20657 IC705-Blue...pConnector com.bh6aap.ic705Cter                 I  【CIV指令】处理CIV指令
2026-03-14 20:22:09.335 18930-20657 IC705-Blue...pConnector com.bh6aap.ic705Cter                 D  【CIV指令】目标地址: 0x00
2026-03-14 20:22:09.335 18930-20657 IC705-Blue...pConnector com.bh6aap.ic705Cter                 D  【CIV指令】源地址: 0xA4
2026-03-14 20:22:09.336 18930-20657 IC705-Blue...pConnector com.bh6aap.ic705Cter                 D  【CIV指令】命令代码: 0x00
2026-03-14 20:22:09.336 18930-20657 IC705-Blue...pConnector com.bh6aap.ic705Cter                 D  【CIV指令】数据长度: 5 字节
2026-03-14 20:22:09.336 18930-20657 IC705-Blue...pConnector com.bh6aap.ic705Cter                 D  【CIV指令】数据内容: 0070864501
2026-03-14 20:22:09.336 18930-20657 IC705-Blue...pConnector com.bh6aap.ic705Cter                 I  【CIV指令】这是一个广播指令
2026-03-14 20:22:09.336 18930-20657 IC705-Blue...pConnector com.bh6aap.ic705Cter                 I  【CIV指令】指令来自IC-705电台
2026-03-14 20:22:09.337 18930-20657 IC705-Blue...ionManager com.bh6aap.ic705Cter                 D  【蓝牙连接】收到CIV指令: FEFE00A4000070864501FD
2026-03-14 20:22:09.337 18930-20657 IC705-CivController     com.bh6aap.ic705Cter                 I  【CIV解码】VFO A频率广播 | 源: IC-705 -> 目标: 广播 | 数据: FEFE00A4000070864501FD
2026-03-14 20:22:09.338 18930-20657 IC705-CivController     com.bh6aap.ic705Cter                 I  【CIV解码】VFO A频率更新: 145.867000MHz
2026-03-14 20:22:09.369 18930-20657 IC705-Blue...pConnector com.bh6aap.ic705Cter                 D  【蓝牙SPP】读取到 22 字节数据
2026-03-14 20:22:09.369 18930-20657 IC705-Blue...pConnector com.bh6aap.ic705Cter                 I  【蓝牙SPP】收到数据，长度: 22 字节
2026-03-14 20:22:09.369 18930-20657 IC705-Blue...pConnector com.bh6aap.ic705Cter                 D  【蓝牙SPP】接收到的数据: FEFE00A4000060864501FDFEFE00A4000030864501FD
2026-03-14 20:22:09.369 18930-20657 IC705-Blue...ionManager com.bh6aap.ic705Cter                 D  【蓝牙连接】收到数据: FEFE00A4000060864501FDFEFE00A4000030864501FD
2026-03-14 20:22:09.369 18930-20657 IC705-Blue...pConnector com.bh6aap.ic705Cter                 I  【蓝牙SPP】提取CIV指令，长度: 11 字节
2026-03-14 20:22:09.369 18930-20657 IC705-Blue...pConnector com.bh6aap.ic705Cter                 D  【蓝牙SPP】提取的CIV指令: FEFE00A4000060864501FD
2026-03-14 20:22:09.369 18930-20657 IC705-Blue...pConnector com.bh6aap.ic705Cter                 I  【CIV指令】处理CIV指令
2026-03-14 20:22:09.370 18930-20657 IC705-Blue...pConnector com.bh6aap.ic705Cter                 D  【CIV指令】目标地址: 0x00
2026-03-14 20:22:09.370 18930-20657 IC705-Blue...pConnector com.bh6aap.ic705Cter                 D  【CIV指令】源地址: 0xA4
2026-03-14 20:22:09.370 18930-20657 IC705-Blue...pConnector com.bh6aap.ic705Cter                 D  【CIV指令】命令代码: 0x00
2026-03-14 20:22:09.370 18930-20657 IC705-Blue...pConnector com.bh6aap.ic705Cter                 D  【CIV指令】数据长度: 5 字节
2026-03-14 20:22:09.370 18930-20657 IC705-Blue...pConnector com.bh6aap.ic705Cter                 D  【CIV指令】数据内容: 0060864501
2026-03-14 20:22:09.370 18930-20657 IC705-Blue...pConnector com.bh6aap.ic705Cter                 I  【CIV指令】这是一个广播指令
2026-03-14 20:22:09.370 18930-20657 IC705-Blue...pConnector com.bh6aap.ic705Cter                 I  【CIV指令】指令来自IC-705电台
2026-03-14 20:22:09.370 18930-20657 IC705-Blue...ionManager com.bh6aap.ic705Cter                 D  【蓝牙连接】收到CIV指令: FEFE00A4000060864501FD
2026-03-14 20:22:09.370 18930-20657 IC705-CivController     com.bh6aap.ic705Cter                 I  【CIV解码】VFO A频率广播 | 源: IC-705 -> 目标: 广播 | 数据: FEFE00A4000060864501FD
2026-03-14 20:22:09.370 18930-20657 IC705-CivController     com.bh6aap.ic705Cter                 I  【CIV解码】VFO A频率更新: 145.866000MHz
2026-03-14 20:22:09.370 18930-20657 IC705-Blue...pConnector com.bh6aap.ic705Cter                 I  【蓝牙SPP】提取CIV指令，长度: 11 字节
2026-03-14 20:22:09.371 18930-20657 IC705-Blue...pConnector com.bh6aap.ic705Cter                 D  【蓝牙SPP】提取的CIV指令: FEFE00A4000030864501FD
2026-03-14 20:22:09.371 18930-20657 IC705-Blue...pConnector com.bh6aap.ic705Cter                 I  【CIV指令】处理CIV指令
2026-03-14 20:22:09.371 18930-20657 IC705-Blue...pConnector com.bh6aap.ic705Cter                 D  【CIV指令】目标地址: 0x00
2026-03-14 20:22:09.371 18930-20657 IC705-Blue...pConnector com.bh6aap.ic705Cter                 D  【CIV指令】源地址: 0xA4
2026-03-14 20:22:09.371 18930-20657 IC705-Blue...pConnector com.bh6aap.ic705Cter                 D  【CIV指令】命令代码: 0x00
2026-03-14 20:22:09.371 18930-20657 IC705-Blue...pConnector com.bh6aap.ic705Cter                 D  【CIV指令】数据长度: 5 字节
2026-03-14 20:22:09.371 18930-20657 IC705-Blue...pConnector com.bh6aap.ic705Cter                 D  【CIV指令】数据内容: 0030864501
2026-03-14 20:22:09.371 18930-20657 IC705-Blue...pConnector com.bh6aap.ic705Cter                 I  【CIV指令】这是一个广播指令
2026-03-14 20:22:09.371 18930-20657 IC705-Blue...pConnector com.bh6aap.ic705Cter                 I  【CIV指令】指令来自IC-705电台
2026-03-14 20:22:09.371 18930-20657 IC705-Blue...ionManager com.bh6aap.ic705Cter                 D  【蓝牙连接】收到CIV指令: FEFE00A4000030864501FD
2026-03-14 20:22:09.371 18930-20657 IC705-CivController     com.bh6aap.ic705Cter                 I  【CIV解码】VFO A频率广播 | 源: IC-705 -> 目标: 广播 | 数据: FEFE00A4000030864501FD
2026-03-14 20:22:09.371 18930-20657 IC705-CivController     com.bh6aap.ic705Cter                 I  【CIV解码】VFO A频率更新: 145.863000MHz
2026-03-14 20:22:09.375 18930-18930 IC705-Freq...lAvoidance com.bh6aap.ic705Cter                 I  检测到频率变化 4000Hz，启动避让
2026-03-14 20:22:09.375 18930-18930 IC705-Freq...lAvoidance com.bh6aap.ic705Cter                 I  【避让开始】暂停自动跟踪，等待用户调整完成...
2026-03-14 20:22:09.375 18930-18930 IC705-Sate...Controller com.bh6aap.ic705Cter                 I  【避让回调】用户开始调整频率，暂停自动跟踪
2026-03-14 20:22:09.402 18930-20657 IC705-Blue...pConnector com.bh6aap.ic705Cter                 D  【蓝牙SPP】读取到 11 字节数据
2026-03-14 20:22:09.403 18930-20657 IC705-Blue...pConnector com.bh6aap.ic705Cter                 I  【蓝牙SPP】收到数据，长度: 11 字节
2026-03-14 20:22:09.403 18930-20657 IC705-Blue...pConnector com.bh6aap.ic705Cter                 D  【蓝牙SPP】接收到的数据: FEFE00A4000010864501FD
2026-03-14 20:22:09.404 18930-20657 IC705-Blue...ionManager com.bh6aap.ic705Cter                 D  【蓝牙连接】收到数据: FEFE00A4000010864501FD
2026-03-14 20:22:09.404 18930-20657 IC705-Blue...pConnector com.bh6aap.ic705Cter                 I  【蓝牙SPP】提取CIV指令，长度: 11 字节
2026-03-14 20:22:09.404 18930-20657 IC705-Blue...pConnector com.bh6aap.ic705Cter                 D  【蓝牙SPP】提取的CIV指令: FEFE00A4000010864501FD
2026-03-14 20:22:09.404 18930-20657 IC705-Blue...pConnector com.bh6aap.ic705Cter                 I  【CIV指令】处理CIV指令
2026-03-14 20:22:09.404 18930-20657 IC705-Blue...pConnector com.bh6aap.ic705Cter                 D  【CIV指令】目标地址: 0x00
2026-03-14 20:22:09.404 18930-20657 IC705-Blue...pConnector com.bh6aap.ic705Cter                 D  【CIV指令】源地址: 0xA4
2026-03-14 20:22:09.404 18930-20657 IC705-Blue...pConnector com.bh6aap.ic705Cter                 D  【CIV指令】命令代码: 0x00
2026-03-14 20:22:09.404 18930-20657 IC705-Blue...pConnector com.bh6aap.ic705Cter                 D  【CIV指令】数据长度: 5 字节
2026-03-14 20:22:09.404 18930-20657 IC705-Blue...pConnector com.bh6aap.ic705Cter                 D  【CIV指令】数据内容: 0010864501
2026-03-14 20:22:09.404 18930-20657 IC705-Blue...pConnector com.bh6aap.ic705Cter                 I  【CIV指令】这是一个广播指令
2026-03-14 20:22:09.404 18930-20657 IC705-Blue...pConnector com.bh6aap.ic705Cter                 I  【CIV指令】指令来自IC-705电台
2026-03-14 20:22:09.404 18930-20657 IC705-Blue...ionManager com.bh6aap.ic705Cter                 D  【蓝牙连接】收到CIV指令: FEFE00A4000010864501FD
2026-03-14 20:22:09.405 18930-20657 IC705-CivController     com.bh6aap.ic705Cter                 I  【CIV解码】VFO A频率广播 | 源: IC-705 -> 目标: 广播 | 数据: FEFE00A4000010864501FD
2026-03-14 20:22:09.405 18930-20657 IC705-CivController     com.bh6aap.ic705Cter                 I  【CIV解码】VFO A频率更新: 145.861000MHz
2026-03-14 20:22:09.407 18930-18930 IC705-Freq...lAvoidance com.bh6aap.ic705Cter                 I  检测到频率变化 2000Hz，启动避让
2026-03-14 20:22:09.436 18930-20657 IC705-Blue...pConnector com.bh6aap.ic705Cter                 D  【蓝牙SPP】读取到 11 字节数据
2026-03-14 20:22:09.436 18930-20657 IC705-Blue...pConnector com.bh6aap.ic705Cter                 I  【蓝牙SPP】收到数据，长度: 11 字节
2026-03-14 20:22:09.436 18930-20657 IC705-Blue...pConnector com.bh6aap.ic705Cter                 D  【蓝牙SPP】接收到的数据: FEFE00A4000090854501FD
2026-03-14 20:22:09.436 18930-20657 IC705-Blue...ionManager com.bh6aap.ic705Cter                 D  【蓝牙连接】收到数据: FEFE00A4000090854501FD
2026-03-14 20:22:09.437 18930-20657 IC705-Blue...pConnector com.bh6aap.ic705Cter                 I  【蓝牙SPP】提取CIV指令，长度: 11 字节
2026-03-14 20:22:09.437 18930-20657 IC705-Blue...pConnector com.bh6aap.ic705Cter                 D  【蓝牙SPP】提取的CIV指令: FEFE00A4000090854501FD
2026-03-14 20:22:09.437 18930-20657 IC705-Blue...pConnector com.bh6aap.ic705Cter                 I  【CIV指令】处理CIV指令
2026-03-14 20:22:09.437 18930-20657 IC705-Blue...pConnector com.bh6aap.ic705Cter                 D  【CIV指令】目标地址: 0x00
2026-03-14 20:22:09.437 18930-20657 IC705-Blue...pConnector com.bh6aap.ic705Cter                 D  【CIV指令】源地址: 0xA4
2026-03-14 20:22:09.437 18930-20657 IC705-Blue...pConnector com.bh6aap.ic705Cter                 D  【CIV指令】命令代码: 0x00
2026-03-14 20:22:09.437 18930-20657 IC705-Blue...pConnector com.bh6aap.ic705Cter                 D  【CIV指令】数据长度: 5 字节
2026-03-14 20:22:09.437 18930-20657 IC705-Blue...pConnector com.bh6aap.ic705Cter                 D  【CIV指令】数据内容: 0090854501
2026-03-14 20:22:09.437 18930-20657 IC705-Blue...pConnector com.bh6aap.ic705Cter                 I  【CIV指令】这是一个广播指令
2026-03-14 20:22:09.437 18930-20657 IC705-Blue...pConnector com.bh6aap.ic705Cter                 I  【CIV指令】指令来自IC-705电台
2026-03-14 20:22:09.437 18930-20657 IC705-Blue...ionManager com.bh6aap.ic705Cter                 D  【蓝牙连接】收到CIV指令: FEFE00A4000090854501FD
2026-03-14 20:22:09.438 18930-20657 IC705-CivController     com.bh6aap.ic705Cter                 I  【CIV解码】VFO A频率广播 | 源: IC-705 -> 目标: 广播 | 数据: FEFE00A4000090854501FD
2026-03-14 20:22:09.438 18930-20657 IC705-CivController     com.bh6aap.ic705Cter                 I  【CIV解码】VFO A频率更新: 145.859000MHz
2026-03-14 20:22:09.440 18930-18930 IC705-Freq...lAvoidance com.bh6aap.ic705Cter                 I  检测到频率变化 2000Hz，启动避让
2026-03-14 20:22:09.469 18930-20657 IC705-Blue...pConnector com.bh6aap.ic705Cter                 D  【蓝牙SPP】读取到 11 字节数据
2026-03-14 20:22:09.469 18930-20657 IC705-Blue...pConnector com.bh6aap.ic705Cter                 I  【蓝牙SPP】收到数据，长度: 11 字节
2026-03-14 20:22:09.469 18930-20657 IC705-Blue...pConnector com.bh6aap.ic705Cter                 D  【蓝牙SPP】接收到的数据: FEFE00A4000070854501FD
2026-03-14 20:22:09.470 18930-20657 IC705-Blue...ionManager com.bh6aap.ic705Cter                 D  【蓝牙连接】收到数据: FEFE00A4000070854501FD
2026-03-14 20:22:09.470 18930-20657 IC705-Blue...pConnector com.bh6aap.ic705Cter                 I  【蓝牙SPP】提取CIV指令，长度: 11 字节
2026-03-14 20:22:09.470 18930-20657 IC705-Blue...pConnector com.bh6aap.ic705Cter                 D  【蓝牙SPP】提取的CIV指令: FEFE00A4000070854501FD
2026-03-14 20:22:09.470 18930-20657 IC705-Blue...pConnector com.bh6aap.ic705Cter                 I  【CIV指令】处理CIV指令
2026-03-14 20:22:09.470 18930-20657 IC705-Blue...pConnector com.bh6aap.ic705Cter                 D  【CIV指令】目标地址: 0x00
2026-03-14 20:22:09.470 18930-20657 IC705-Blue...pConnector com.bh6aap.ic705Cter                 D  【CIV指令】源地址: 0xA4
2026-03-14 20:22:09.470 18930-20657 IC705-Blue...pConnector com.bh6aap.ic705Cter                 D  【CIV指令】命令代码: 0x00
2026-03-14 20:22:09.470 18930-20657 IC705-Blue...pConnector com.bh6aap.ic705Cter                 D  【CIV指令】数据长度: 5 字节
2026-03-14 20:22:09.470 18930-20657 IC705-Blue...pConnector com.bh6aap.ic705Cter                 D  【CIV指令】数据内容: 0070854501
2026-03-14 20:22:09.470 18930-20657 IC705-Blue...pConnector com.bh6aap.ic705Cter                 I  【CIV指令】这是一个广播指令
2026-03-14 20:22:09.470 18930-20657 IC705-Blue...pConnector com.bh6aap.ic705Cter                 I  【CIV指令】指令来自IC-705电台
2026-03-14 20:22:09.470 18930-20657 IC705-Blue...ionManager com.bh6aap.ic705Cter                 D  【蓝牙连接】收到CIV指令: FEFE00A4000070854501FD
2026-03-14 20:22:09.471 18930-20657 IC705-CivController     com.bh6aap.ic705Cter                 I  【CIV解码】VFO A频率广播 | 源: IC-705 -> 目标: 广播 | 数据: FEFE00A4000070854501FD
2026-03-14 20:22:09.471 18930-20657 IC705-CivController     com.bh6aap.ic705Cter                 I  【CIV解码】VFO A频率更新: 145.857000MHz
2026-03-14 20:22:09.472 18930-18930 IC705-Freq...lAvoidance com.bh6aap.ic705Cter                 I  检测到频率变化 2000Hz，启动避让
2026-03-14 20:22:09.512 18930-20657 IC705-Blue...pConnector com.bh6aap.ic705Cter                 D  【蓝牙SPP】读取到 11 字节数据
2026-03-14 20:22:09.512 18930-20657 IC705-Blue...pConnector com.bh6aap.ic705Cter                 I  【蓝牙SPP】收到数据，长度: 11 字节
2026-03-14 20:22:09.513 18930-20657 IC705-Blue...pConnector com.bh6aap.ic705Cter                 D  【蓝牙SPP】接收到的数据: FEFE00A4000040854501FD
2026-03-14 20:22:09.513 18930-20657 IC705-Blue...ionManager com.bh6aap.ic705Cter                 D  【蓝牙连接】收到数据: FEFE00A4000040854501FD
2026-03-14 20:22:09.513 18930-20657 IC705-Blue...pConnector com.bh6aap.ic705Cter                 I  【蓝牙SPP】提取CIV指令，长度: 11 字节
2026-03-14 20:22:09.513 18930-20657 IC705-Blue...pConnector com.bh6aap.ic705Cter                 D  【蓝牙SPP】提取的CIV指令: FEFE00A4000040854501FD
2026-03-14 20:22:09.514 18930-20657 IC705-Blue...pConnector com.bh6aap.ic705Cter                 I  【CIV指令】处理CIV指令
2026-03-14 20:22:09.514 18930-20657 IC705-Blue...pConnector com.bh6aap.ic705Cter                 D  【CIV指令】目标地址: 0x00
2026-03-14 20:22:09.514 18930-20657 IC705-Blue...pConnector com.bh6aap.ic705Cter                 D  【CIV指令】源地址: 0xA4
2026-03-14 20:22:09.514 18930-20657 IC705-Blue...pConnector com.bh6aap.ic705Cter                 D  【CIV指令】命令代码: 0x00
2026-03-14 20:22:09.515 18930-20657 IC705-Blue...pConnector com.bh6aap.ic705Cter                 D  【CIV指令】数据长度: 5 字节
2026-03-14 20:22:09.515 18930-20657 IC705-Blue...pConnector com.bh6aap.ic705Cter                 D  【CIV指令】数据内容: 0040854501
2026-03-14 20:22:09.515 18930-20657 IC705-Blue...pConnector com.bh6aap.ic705Cter                 I  【CIV指令】这是一个广播指令
2026-03-14 20:22:09.515 18930-20657 IC705-Blue...pConnector com.bh6aap.ic705Cter                 I  【CIV指令】指令来自IC-705电台
2026-03-14 20:22:09.516 18930-20657 IC705-Blue...ionManager com.bh6aap.ic705Cter                 D  【蓝牙连接】收到CIV指令: FEFE00A4000040854501FD
2026-03-14 20:22:09.516 18930-20657 IC705-CivController     com.bh6aap.ic705Cter                 I  【CIV解码】VFO A频率广播 | 源: IC-705 -> 目标: 广播 | 数据: FEFE00A4000040854501FD
2026-03-14 20:22:09.517 18930-20657 IC705-CivController     com.bh6aap.ic705Cter                 I  【CIV解码】VFO A频率更新: 145.854000MHz
2026-03-14 20:22:09.536 18930-18930 IC705-Freq...lAvoidance com.bh6aap.ic705Cter                 I  检测到频率变化 3000Hz，启动避让
2026-03-14 20:22:09.548 18930-20657 IC705-Blue...pConnector com.bh6aap.ic705Cter                 D  【蓝牙SPP】读取到 11 字节数据
2026-03-14 20:22:09.548 18930-20657 IC705-Blue...pConnector com.bh6aap.ic705Cter                 I  【蓝牙SPP】收到数据，长度: 11 字节
2026-03-14 20:22:09.548 18930-20657 IC705-Blue...pConnector com.bh6aap.ic705Cter                 D  【蓝牙SPP】接收到的数据: FEFE00A4000020854501FD
2026-03-14 20:22:09.548 18930-20657 IC705-Blue...ionManager com.bh6aap.ic705Cter                 D  【蓝牙连接】收到数据: FEFE00A4000020854501FD
2026-03-14 20:22:09.548 18930-20657 IC705-Blue...pConnector com.bh6aap.ic705Cter                 I  【蓝牙SPP】提取CIV指令，长度: 11 字节
2026-03-14 20:22:09.548 18930-20657 IC705-Blue...pConnector com.bh6aap.ic705Cter                 D  【蓝牙SPP】提取的CIV指令: FEFE00A4000020854501FD
2026-03-14 20:22:09.548 18930-20657 IC705-Blue...pConnector com.bh6aap.ic705Cter                 I  【CIV指令】处理CIV指令
2026-03-14 20:22:09.548 18930-20657 IC705-Blue...pConnector com.bh6aap.ic705Cter                 D  【CIV指令】目标地址: 0x00
2026-03-14 20:22:09.548 18930-20657 IC705-Blue...pConnector com.bh6aap.ic705Cter                 D  【CIV指令】源地址: 0xA4
2026-03-14 20:22:09.549 18930-20657 IC705-Blue...pConnector com.bh6aap.ic705Cter                 D  【CIV指令】命令代码: 0x00
2026-03-14 20:22:09.549 18930-20657 IC705-Blue...pConnector com.bh6aap.ic705Cter                 D  【CIV指令】数据长度: 5 字节
2026-03-14 20:22:09.549 18930-20657 IC705-Blue...pConnector com.bh6aap.ic705Cter                 D  【CIV指令】数据内容: 0020854501
2026-03-14 20:22:09.549 18930-20657 IC705-Blue...pConnector com.bh6aap.ic705Cter                 I  【CIV指令】这是一个广播指令
2026-03-14 20:22:09.549 18930-20657 IC705-Blue...pConnector com.bh6aap.ic705Cter                 I  【CIV指令】指令来自IC-705电台
2026-03-14 20:22:09.549 18930-20657 IC705-Blue...ionManager com.bh6aap.ic705Cter                 D  【蓝牙连接】收到CIV指令: FEFE00A4000020854501FD
2026-03-14 20:22:09.549 18930-20657 IC705-CivController     com.bh6aap.ic705Cter                 I  【CIV解码】VFO A频率广播 | 源: IC-705 -> 目标: 广播 | 数据: FEFE00A4000020854501FD
2026-03-14 20:22:09.550 18930-20657 IC705-CivController     com.bh6aap.ic705Cter                 I  【CIV解码】VFO A频率更新: 145.852000MHz
2026-03-14 20:22:09.571 18930-18930 IC705-Freq...lAvoidance com.bh6aap.ic705Cter                 I  检测到频率变化 2000Hz，启动避让
2026-03-14 20:22:09.580 18930-20657 IC705-Blue...pConnector com.bh6aap.ic705Cter                 D  【蓝牙SPP】读取到 22 字节数据
2026-03-14 20:22:09.581 18930-20657 IC705-Blue...pConnector com.bh6aap.ic705Cter                 I  【蓝牙SPP】收到数据，长度: 22 字节
2026-03-14 20:22:09.581 18930-20657 IC705-Blue...pConnector com.bh6aap.ic705Cter                 D  【蓝牙SPP】接收到的数据: FEFE00A4000000854501FDFEFE00A4000090844501FD
2026-03-14 20:22:09.582 18930-20657 IC705-Blue...ionManager com.bh6aap.ic705Cter                 D  【蓝牙连接】收到数据: FEFE00A4000000854501FDFEFE00A4000090844501FD
2026-03-14 20:22:09.582 18930-20657 IC705-Blue...pConnector com.bh6aap.ic705Cter                 I  【蓝牙SPP】提取CIV指令，长度: 11 字节
2026-03-14 20:22:09.582 18930-20657 IC705-Blue...pConnector com.bh6aap.ic705Cter                 D  【蓝牙SPP】提取的CIV指令: FEFE00A4000000854501FD
2026-03-14 20:22:09.582 18930-20657 IC705-Blue...pConnector com.bh6aap.ic705Cter                 I  【CIV指令】处理CIV指令
2026-03-14 20:22:09.582 18930-20657 IC705-Blue...pConnector com.bh6aap.ic705Cter                 D  【CIV指令】目标地址: 0x00
2026-03-14 20:22:09.583 18930-20657 IC705-Blue...pConnector com.bh6aap.ic705Cter                 D  【CIV指令】源地址: 0xA4
2026-03-14 20:22:09.583 18930-20657 IC705-Blue...pConnector com.bh6aap.ic705Cter                 D  【CIV指令】命令代码: 0x00
2026-03-14 20:22:09.583 18930-20657 IC705-Blue...pConnector com.bh6aap.ic705Cter                 D  【CIV指令】数据长度: 5 字节
2026-03-14 20:22:09.583 18930-20657 IC705-Blue...pConnector com.bh6aap.ic705Cter                 D  【CIV指令】数据内容: 0000854501
2026-03-14 20:22:09.583 18930-20657 IC705-Blue...pConnector com.bh6aap.ic705Cter                 I  【CIV指令】这是一个广播指令
2026-03-14 20:22:09.583 18930-20657 IC705-Blue...pConnector com.bh6aap.ic705Cter                 I  【CIV指令】指令来自IC-705电台
2026-03-14 20:22:09.583 18930-20657 IC705-Blue...ionManager com.bh6aap.ic705Cter                 D  【蓝牙连接】收到CIV指令: FEFE00A4000000854501FD
2026-03-14 20:22:09.583 18930-20657 IC705-CivController     com.bh6aap.ic705Cter                 I  【CIV解码】VFO A频率广播 | 源: IC-705 -> 目标: 广播 | 数据: FEFE00A4000000854501FD
2026-03-14 20:22:09.584 18930-20657 IC705-CivController     com.bh6aap.ic705Cter                 I  【CIV解码】VFO A频率更新: 145.850000MHz
2026-03-14 20:22:09.584 18930-20657 IC705-Blue...pConnector com.bh6aap.ic705Cter                 I  【蓝牙SPP】提取CIV指令，长度: 11 字节
2026-03-14 20:22:09.584 18930-20657 IC705-Blue...pConnector com.bh6aap.ic705Cter                 D  【蓝牙SPP】提取的CIV指令: FEFE00A4000090844501FD
2026-03-14 20:22:09.584 18930-20657 IC705-Blue...pConnector com.bh6aap.ic705Cter                 I  【CIV指令】处理CIV指令
2026-03-14 20:22:09.584 18930-20657 IC705-Blue...pConnector com.bh6aap.ic705Cter                 D  【CIV指令】目标地址: 0x00
2026-03-14 20:22:09.584 18930-20657 IC705-Blue...pConnector com.bh6aap.ic705Cter                 D  【CIV指令】源地址: 0xA4
2026-03-14 20:22:09.584 18930-20657 IC705-Blue...pConnector com.bh6aap.ic705Cter                 D  【CIV指令】命令代码: 0x00
2026-03-14 20:22:09.584 18930-20657 IC705-Blue...pConnector com.bh6aap.ic705Cter                 D  【CIV指令】数据长度: 5 字节
2026-03-14 20:22:09.584 18930-20657 IC705-Blue...pConnector com.bh6aap.ic705Cter                 D  【CIV指令】数据内容: 0090844501
2026-03-14 20:22:09.584 18930-20657 IC705-Blue...pConnector com.bh6aap.ic705Cter                 I  【CIV指令】这是一个广播指令
2026-03-14 20:22:09.585 18930-20657 IC705-Blue...pConnector com.bh6aap.ic705Cter                 I  【CIV指令】指令来自IC-705电台
2026-03-14 20:22:09.585 18930-20657 IC705-Blue...ionManager com.bh6aap.ic705Cter                 D  【蓝牙连接】收到CIV指令: FEFE00A4000090844501FD
2026-03-14 20:22:09.585 18930-18930 IC705-Freq...lAvoidance com.bh6aap.ic705Cter                 I  检测到频率变化 2000Hz，启动避让
2026-03-14 20:22:09.585 18930-20657 IC705-CivController     com.bh6aap.ic705Cter                 I  【CIV解码】VFO A频率广播 | 源: IC-705 -> 目标: 广播 | 数据: FEFE00A4000090844501FD
2026-03-14 20:22:09.585 18930-20657 IC705-CivController     com.bh6aap.ic705Cter                 I  【CIV解码】VFO A频率更新: 145.849000MHz
2026-03-14 20:22:09.587 18930-18930 IC705-Freq...lAvoidance com.bh6aap.ic705Cter                 I  检测到频率变化 1000Hz，启动避让
2026-03-14 20:22:09.688 18930-18930 IC705-Freq...lAvoidance com.bh6aap.ic705Cter                 I  【避让结束】恢复自动控制，用户频率: 145.849000 MHz
2026-03-14 20:22:09.689 18930-18930 IC705-Sate...Controller com.bh6aap.ic705Cter                 I  【避让回调】用户调整完成，恢复自动跟踪，新基准: 145.849 MHz
2026-03-14 20:22:09.690 18930-18930 IC705-Sate...Controller com.bh6aap.ic705Cter                 I  【用户调整】从地面频率反推卫星频率 - 地面下行: 145.849MHz, 卫星下行: 145.84649757569505MHz, 卫星上行: 435.12850242430494MHz, 地面上行: 435.1210365189981MHz
2026-03-14 20:22:09.691 18930-18930 IC705-CivController     com.bh6aap.ic705Cter                 I  【CIV】设置 VFO A 频率: 145.849 MHz
2026-03-14 20:22:09.691 18930-18930 IC705-CivController     com.bh6aap.ic705Cter                 I  【CIV】发送指令 0x25 并等待响应
2026-03-14 20:22:09.691 18930-19046 IC705-Blue...pConnector com.bh6aap.ic705Cter                 D  【蓝牙SPP】发送数据: FEFEA4E025000090844501FD
2026-03-14 20:22:09.692 18930-19046 IC705-Blue...pConnector com.bh6aap.ic705Cter                 D  【蓝牙SPP】数据发送成功
2026-03-14 20:22:09.697 18930-19072 IC705-PredictiveDoppler com.bh6aap.ic705Cter                 D  多普勒预测: 当前=2502Hz, 变化率=1Hz/s, 预测=2503Hz (提前300ms)
2026-03-14 20:22:09.770 18930-20657 IC705-Blue...pConnector com.bh6aap.ic705Cter                 D  【蓝牙SPP】读取到 6 字节数据
2026-03-14 20:22:09.770 18930-20657 IC705-Blue...pConnector com.bh6aap.ic705Cter                 I  【蓝牙SPP】收到数据，长度: 6 字节
2026-03-14 20:22:09.771 18930-20657 IC705-Blue...pConnector com.bh6aap.ic705Cter                 D  【蓝牙SPP】接收到的数据: FEFEE0A4FBFD
2026-03-14 20:22:09.771 18930-20657 IC705-Blue...ionManager com.bh6aap.ic705Cter                 D  【蓝牙连接】收到数据: FEFEE0A4FBFD
2026-03-14 20:22:09.771 18930-20657 IC705-Blue...pConnector com.bh6aap.ic705Cter                 I  【蓝牙SPP】提取CIV指令，长度: 6 字节
2026-03-14 20:22:09.771 18930-20657 IC705-Blue...pConnector com.bh6aap.ic705Cter                 D  【蓝牙SPP】提取的CIV指令: FEFEE0A4FBFD
2026-03-14 20:22:09.772 18930-20657 IC705-Blue...pConnector com.bh6aap.ic705Cter                 I  【CIV指令】处理CIV指令
2026-03-14 20:22:09.772 18930-20657 IC705-Blue...pConnector com.bh6aap.ic705Cter                 D  【CIV指令】目标地址: 0xE0
2026-03-14 20:22:09.772 18930-20657 IC705-Blue...pConnector com.bh6aap.ic705Cter                 D  【CIV指令】源地址: 0xA4
2026-03-14 20:22:09.772 18930-20657 IC705-Blue...pConnector com.bh6aap.ic705Cter                 D  【CIV指令】命令代码: 0xFB
2026-03-14 20:22:09.773 18930-20657 IC705-Blue...pConnector com.bh6aap.ic705Cter                 I  【CIV指令】指令来自IC-705电台
2026-03-14 20:22:09.773 18930-20657 IC705-Blue...ionManager com.bh6aap.ic705Cter                 D  【蓝牙连接】收到CIV指令: FEFEE0A4FBFD
2026-03-14 20:22:09.773 18930-20657 IC705-CivController     com.bh6aap.ic705Cter                 I  【CIV解码】成功响应 | 源: IC-705 -> 目标: 控制器 | 数据: FEFEE0A4FBFD
2026-03-14 20:22:09.779 18930-18930 IC705-CivController     com.bh6aap.ic705Cter                 I  【CIV】收到响应
2026-03-14 20:22:09.779 18930-18930 IC705-CivController     com.bh6aap.ic705Cter                 I  【CIV】设置 VFO B 频率: 435.121037 MHz
2026-03-14 20:22:09.779 18930-18930 IC705-CivController     com.bh6aap.ic705Cter                 I  【CIV】发送指令 0x25 并等待响应
2026-03-14 20:22:09.780 18930-19072 IC705-Blue...pConnector com.bh6aap.ic705Cter                 D  【蓝牙SPP】发送数据: FEFEA4E025013710123504FD
2026-03-14 20:22:09.781 18930-19072 IC705-Blue...pConnector com.bh6aap.ic705Cter                 D  【蓝牙SPP】数据发送成功
2026-03-14 20:22:09.835 18930-20657 IC705-Blue...pConnector com.bh6aap.ic705Cter                 D  【蓝牙SPP】读取到 6 字节数据
2026-03-14 20:22:09.836 18930-20657 IC705-Blue...pConnector com.bh6aap.ic705Cter                 I  【蓝牙SPP】收到数据，长度: 6 字节
2026-03-14 20:22:09.836 18930-20657 IC705-Blue...pConnector com.bh6aap.ic705Cter                 D  【蓝牙SPP】接收到的数据: FEFEE0A4FBFD
2026-03-14 20:22:09.836 18930-20657 IC705-Blue...ionManager com.bh6aap.ic705Cter                 D  【蓝牙连接】收到数据: FEFEE0A4FBFD
2026-03-14 20:22:09.836 18930-20657 IC705-Blue...pConnector com.bh6aap.ic705Cter                 I  【蓝牙SPP】提取CIV指令，长度: 6 字节
2026-03-14 20:22:09.836 18930-20657 IC705-Blue...pConnector com.bh6aap.ic705Cter                 D  【蓝牙SPP】提取的CIV指令: FEFEE0A4FBFD
2026-03-14 20:22:09.837 18930-20657 IC705-Blue...pConnector com.bh6aap.ic705Cter                 I  【CIV指令】处理CIV指令
2026-03-14 20:22:09.837 18930-20657 IC705-Blue...pConnector com.bh6aap.ic705Cter                 D  【CIV指令】目标地址: 0xE0
2026-03-14 20:22:09.837 18930-20657 IC705-Blue...pConnector com.bh6aap.ic705Cter                 D  【CIV指令】源地址: 0xA4
2026-03-14 20:22:09.837 18930-20657 IC705-Blue...pConnector com.bh6aap.ic705Cter                 D  【CIV指令】命令代码: 0xFB
2026-03-14 20:22:09.837 18930-20657 IC705-Blue...pConnector com.bh6aap.ic705Cter                 I  【CIV指令】指令来自IC-705电台
2026-03-14 20:22:09.837 18930-20657 IC705-Blue...ionManager com.bh6aap.ic705Cter                 D  【蓝牙连接】收到CIV指令: FEFEE0A4FBFD
2026-03-14 20:22:09.837 18930-20657 IC705-CivController     com.bh6aap.ic705Cter                 I  【CIV解码】成功响应 | 源: IC-705 -> 目标: 控制器 | 数据: FEFEE0A4FBFD
2026-03-14 20:22:09.839 18930-18930 IC705-CivController     com.bh6aap.ic705Cter                 I  【CIV】收到响应
2026-03-14 20:22:10.211 18930-19072 IC705-PredictiveDoppler com.bh6aap.ic705Cter                 D  多普勒预测: 当前=2503Hz, 变化率=1Hz/s, 预测=2504Hz (提前300ms)
2026-03-14 20:22:10.216 18930-18930 IC705-CivController     com.bh6aap.ic705Cter                 I  【CIV】设置 VFO A 频率: 145.849001 MHz
2026-03-14 20:22:10.217 18930-18930 IC705-CivController     com.bh6aap.ic705Cter                 I  【CIV】发送指令 0x25 并等待响应
2026-03-14 20:22:10.217 18930-19072 IC705-Blue...pConnector com.bh6aap.ic705Cter                 D  【蓝牙SPP】发送数据: FEFEA4E025000190844501FD
2026-03-14 20:22:10.218 18930-19072 IC705-Blue...pConnector com.bh6aap.ic705Cter                 D  【蓝牙SPP】数据发送成功
2026-03-14 20:22:10.319 18930-20657 IC705-Blue...pConnector com.bh6aap.ic705Cter                 D  【蓝牙SPP】读取到 6 字节数据
2026-03-14 20:22:10.319 18930-20657 IC705-Blue...pConnector com.bh6aap.ic705Cter                 I  【蓝牙SPP】收到数据，长度: 6 字节
2026-03-14 20:22:10.319 18930-20657 IC705-Blue...pConnector com.bh6aap.ic705Cter                 D  【蓝牙SPP】接收到的数据: FEFEE0A4FBFD
2026-03-14 20:22:10.320 18930-20657 IC705-Blue...ionManager com.bh6aap.ic705Cter                 D  【蓝牙连接】收到数据: FEFEE0A4FBFD
2026-03-14 20:22:10.320 18930-20657 IC705-Blue...pConnector com.bh6aap.ic705Cter                 I  【蓝牙SPP】提取CIV指令，长度: 6 字节
2026-03-14 20:22:10.320 18930-20657 IC705-Blue...pConnector com.bh6aap.ic705Cter                 D  【蓝牙SPP】提取的CIV指令: FEFEE0A4FBFD
2026-03-14 20:22:10.320 18930-20657 IC705-Blue...pConnector com.bh6aap.ic705Cter                 I  【CIV指令】处理CIV指令
2026-03-14 20:22:10.321 18930-20657 IC705-Blue...pConnector com.bh6aap.ic705Cter                 D  【CIV指令】目标地址: 0xE0
2026-03-14 20:22:10.321 18930-20657 IC705-Blue...pConnector com.bh6aap.ic705Cter                 D  【CIV指令】源地址: 0xA4
2026-03-14 20:22:10.321 18930-20657 IC705-Blue...pConnector com.bh6aap.ic705Cter                 D  【CIV指令】命令代码: 0xFB
2026-03-14 20:22:10.321 18930-20657 IC705-Blue...pConnector com.bh6aap.ic705Cter                 I  【CIV指令】指令来自IC-705电台
2026-03-14 20:22:10.322 18930-20657 IC705-Blue...ionManager com.bh6aap.ic705Cter                 D  【蓝牙连接】收到CIV指令: FEFEE0A4FBFD
2026-03-14 20:22:10.322 18930-20657 IC705-CivController     com.bh6aap.ic705Cter                 I  【CIV解码】成功响应 | 源: IC-705 -> 目标: 控制器 | 数据: FEFEE0A4FBFD
2026-03-14 20:22:10.323 18930-18930 IC705-CivController     com.bh6aap.ic705Cter                 I  【CIV】收到响应
2026-03-14 20:22:10.323 18930-18930 IC705-CivController     com.bh6aap.ic705Cter                 I  【CIV】设置 VFO B 频率: 435.121032 MHz
2026-03-14 20:22:10.323 18930-18930 IC705-CivController     com.bh6aap.ic705Cter                 I  【CIV】发送指令 0x25 并等待响应
2026-03-14 20:22:10.324 18930-19072 IC705-Blue...pConnector com.bh6aap.ic705Cter                 D  【蓝牙SPP】发送数据: FEFEA4E025013210123504FD
2026-03-14 20:22:10.325 18930-19072 IC705-Blue...pConnector com.bh6aap.ic705Cter                 D  【蓝牙SPP】数据发送成功
2026-03-14 20:22:10.384 18930-20657 IC705-Blue...pConnector com.bh6aap.ic705Cter                 D  【蓝牙SPP】读取到 6 字节数据
2026-03-14 20:22:10.385 18930-20657 IC705-Blue...pConnector com.bh6aap.ic705Cter                 I  【蓝牙SPP】收到数据，长度: 6 字节
2026-03-14 20:22:10.385 18930-20657 IC705-Blue...pConnector com.bh6aap.ic705Cter                 D  【蓝牙SPP】接收到的数据: FEFEE0A4FBFD
2026-03-14 20:22:10.385 18930-20657 IC705-Blue...ionManager com.bh6aap.ic705Cter                 D  【蓝牙连接】收到数据: FEFEE0A4FBFD
2026-03-14 20:22:10.385 18930-20657 IC705-Blue...pConnector com.bh6aap.ic705Cter                 I  【蓝牙SPP】提取CIV指令，长度: 6 字节
2026-03-14 20:22:10.386 18930-20657 IC705-Blue...pConnector com.bh6aap.ic705Cter                 D  【蓝牙SPP】提取的CIV指令: FEFEE0A4FBFD
2026-03-14 20:22:10.386 18930-20657 IC705-Blue...pConnector com.bh6aap.ic705Cter                 I  【CIV指令】处理CIV指令
2026-03-14 20:22:10.386 18930-20657 IC705-Blue...pConnector com.bh6aap.ic705Cter                 D  【CIV指令】目标地址: 0xE0
2026-03-14 20:22:10.386 18930-20657 IC705-Blue...pConnector com.bh6aap.ic705Cter                 D  【CIV指令】源地址: 0xA4
2026-03-14 20:22:10.387 18930-20657 IC705-Blue...pConnector com.bh6aap.ic705Cter                 D  【CIV指令】命令代码: 0xFB
2026-03-14 20:22:10.387 18930-20657 IC705-Blue...pConnector com.bh6aap.ic705Cter                 I  【CIV指令】指令来自IC-705电台
2026-03-14 20:22:10.387 18930-20657 IC705-Blue...ionManager com.bh6aap.ic705Cter                 D  【蓝牙连接】收到CIV指令: FEFEE0A4FBFD
2026-03-14 20:22:10.388 18930-20657 IC705-CivController     com.bh6aap.ic705Cter                 I  【CIV解码】成功响应 | 源: IC-705 -> 目标: 控制器 | 数据: FEFEE0A4FBFD
2026-03-14 20:22:10.388 18930-18930 IC705-CivController     com.bh6aap.ic705Cter                 I  【CIV】收到响应
2026-03-14 20:22:10.594 18930-20657 IC705-Blue...pConnector com.bh6aap.ic705Cter                 D  【蓝牙SPP】读取到 44 字节数据
2026-03-14 20:22:10.594 18930-20657 IC705-Blue...pConnector com.bh6aap.ic705Cter                 I  【蓝牙SPP】收到数据，长度: 44 字节
2026-03-14 20:22:10.594 18930-20657 IC705-Blue...pConnector com.bh6aap.ic705Cter                 D  【蓝牙SPP】接收到的数据: FEFE00A4000090844501FDFEFE00A4000070844501FDFEFE00A4000050844501FDFEFE00A4000040844501FD
2026-03-14 20:22:10.594 18930-20657 IC705-Blue...ionManager com.bh6aap.ic705Cter                 D  【蓝牙连接】收到数据: FEFE00A4000090844501FDFEFE00A4000070844501FDFEFE00A4000050844501FDFEFE00A4000040844501FD
2026-03-14 20:22:10.594 18930-20657 IC705-Blue...pConnector com.bh6aap.ic705Cter                 I  【蓝牙SPP】提取CIV指令，长度: 11 字节
2026-03-14 20:22:10.594 18930-20657 IC705-Blue...pConnector com.bh6aap.ic705Cter                 D  【蓝牙SPP】提取的CIV指令: FEFE00A4000090844501FD
2026-03-14 20:22:10.594 18930-20657 IC705-Blue...pConnector com.bh6aap.ic705Cter                 I  【CIV指令】处理CIV指令
2026-03-14 20:22:10.595 18930-20657 IC705-Blue...pConnector com.bh6aap.ic705Cter                 D  【CIV指令】目标地址: 0x00
2026-03-14 20:22:10.595 18930-20657 IC705-Blue...pConnector com.bh6aap.ic705Cter                 D  【CIV指令】源地址: 0xA4
