2026-03-14 20:22:00.867 18930-18930 MIUIInput               com.bh6aap.ic705Cter                 I  [MotionEvent] ViewRootImpl windowName 'com.bh6aap.ic705Cter/com.bh6aap.ic705Cter.MainActivity', { action=ACTION_DOWN, id[0]=0, pointerCount=1, eventTime=108610210, downTime=108610210, phoneEventTime=20:22:00.860 } moveCount:0
2026-03-14 20:22:00.868 18930-18930 VRI[MainActivity]       com.bh6aap.ic705Cter                 D  getMiuiFreeformStackInfo mTmpFrames.miuiFreeFormStackInfo: null
2026-03-14 20:22:00.931 18930-18930 MIUIInput               com.bh6aap.ic705Cter                 I  [MotionEvent] ViewRootImpl windowName 'com.bh6aap.ic705Cter/com.bh6aap.ic705Cter.MainActivity', { action=ACTION_UP, id[0]=0, pointerCount=1, eventTime=108610276, downTime=108610210, phoneEventTime=20:22:00.926 } moveCount:0
2026-03-14 20:22:01.093 18930-18930 IC705-权限                com.bh6aap.ic705Cter                 I  【蓝牙】已配对设备: 29 个
2026-03-14 20:22:01.094 18930-18930 IC705-权限                com.bh6aap.ic705Cter                 D  【蓝牙】设备: ICOM BT(IC-705), ICOM: true
2026-03-14 20:22:01.095 18930-18930 IC705-权限                com.bh6aap.ic705Cter                 D  【蓝牙】设备: 1MORE SonoFlow, ICOM: false
2026-03-14 20:22:01.095 18930-18930 IC705-权限                com.bh6aap.ic705Cter                 D  【蓝牙】设备: BH6AAP, ICOM: false
2026-03-14 20:22:01.096 18930-18930 IC705-权限                com.bh6aap.ic705Cter                 D  【蓝牙】设备: BH6AAP, ICOM: false
2026-03-14 20:22:01.096 18930-18930 IC705-权限                com.bh6aap.ic705Cter                 D  【蓝牙】设备: ILCE-7M4, ICOM: false
2026-03-14 20:22:01.097 18930-18930 IC705-权限                com.bh6aap.ic705Cter                 D  【蓝牙】设备: ILCE-7M4, ICOM: false
2026-03-14 20:22:01.097 18930-18930 IC705-权限                com.bh6aap.ic705Cter                 D  【蓝牙】设备: ILCE-7M5, ICOM: false
2026-03-14 20:22:01.098 18930-18930 IC705-权限                com.bh6aap.ic705Cter                 D  【蓝牙】设备: M1-ee46, ICOM: false
2026-03-14 20:22:01.099 18930-18930 IC705-权限                com.bh6aap.ic705Cter                 D  【蓝牙】设备: Mazda, ICOM: false
2026-03-14 20:22:01.099 18930-18930 IC705-权限                com.bh6aap.ic705Cter                 D  【蓝牙】设备: MI Portable Speaker​, ICOM: false
2026-03-14 20:22:01.100 18930-18930 IC705-权限                com.bh6aap.ic705Cter                 D  【蓝牙】设备: MORRORART T2, ICOM: false
2026-03-14 20:22:01.100 18930-18930 IC705-权限                com.bh6aap.ic705Cter                 D  【蓝牙】设备: Pisen P1 Plus, ICOM: false
2026-03-14 20:22:01.101 18930-18930 IC705-权限                com.bh6aap.ic705Cter                 D  【蓝牙】设备: Redmi Buds 6S, ICOM: false
2026-03-14 20:22:01.101 18930-18930 IC705-权限                com.bh6aap.ic705Cter                 D  【蓝牙】设备: S518, ICOM: false
2026-03-14 20:22:01.102 18930-18930 IC705-权限                com.bh6aap.ic705Cter                 D  【蓝牙】设备: SANSUI, ICOM: false
2026-03-14 20:22:01.103 18930-18930 IC705-权限                com.bh6aap.ic705Cter                 D  【蓝牙】设备: SGMW_MINIEV_01F248, ICOM: false
2026-03-14 20:22:01.103 18930-18930 IC705-权限                com.bh6aap.ic705Cter                 D  【蓝牙】设备: SOONTRAN SA5, ICOM: false
2026-03-14 20:22:01.104 18930-18930 IC705-权限                com.bh6aap.ic705Cter                 D  【蓝牙】设备: VR-N76, ICOM: false
2026-03-14 20:22:01.104 18930-18930 IC705-权限                com.bh6aap.ic705Cter                 D  【蓝牙】设备: WAVEL-A1, ICOM: false
2026-03-14 20:22:01.105 18930-18930 IC705-权限                com.bh6aap.ic705Cter                 D  【蓝牙】设备: Xiaomi Smart Band 8 Pro 7CAB, ICOM: false
2026-03-14 20:22:01.105 18930-18930 IC705-权限                com.bh6aap.ic705Cter                 D  【蓝牙】设备: Xperia XZ1 Compact, ICOM: false
2026-03-14 20:22:01.106 18930-18930 IC705-权限                com.bh6aap.ic705Cter                 D  【蓝牙】设备: YT 750, ICOM: false
2026-03-14 20:22:01.106 18930-18930 IC705-权限                com.bh6aap.ic705Cter                 D  【蓝牙】设备: ZMAX 885, ICOM: false
2026-03-14 20:22:01.107 18930-18930 IC705-权限                com.bh6aap.ic705Cter                 D  【蓝牙】设备: 宝骏360_015EB2, ICOM: false
2026-03-14 20:22:01.108 18930-18930 IC705-权限                com.bh6aap.ic705Cter                 D  【蓝牙】设备: 小爱音箱-1126, ICOM: false
2026-03-14 20:22:01.108 18930-18930 IC705-权限                com.bh6aap.ic705Cter                 D  【蓝牙】设备: 小米 Air4 SE, ICOM: false
2026-03-14 20:22:01.109 18930-18930 IC705-权限                com.bh6aap.ic705Cter                 D  【蓝牙】设备: 我家电视, ICOM: false
2026-03-14 20:22:01.109 18930-18930 IC705-权限                com.bh6aap.ic705Cter                 D  【蓝牙】设备: 探索老六, ICOM: false
2026-03-14 20:22:01.110 18930-18930 IC705-权限                com.bh6aap.ic705Cter                 D  【蓝牙】设备: 麦拉森, ICOM: false
2026-03-14 20:22:01.110 18930-18930 IC705-权限                com.bh6aap.ic705Cter                 I  【主界面】单击连接默认设备: ICOM BT(IC-705)
2026-03-14 20:22:01.111 18930-18930 IC705-Blue...ionManager com.bh6aap.ic705Cter                 I  【蓝牙连接】开始连接到设备: ICOM BT(IC-705) (30:31:7D:FE:E9:47)
2026-03-14 20:22:01.111 18930-18930 IC705-Blue...ionManager com.bh6aap.ic705Cter                 I  【蓝牙连接】开始断开连接流程
2026-03-14 20:22:01.111 18930-18930 IC705-Blue...ionManager com.bh6aap.ic705Cter                 I  【蓝牙连接】清理连接资源
2026-03-14 20:22:01.111 18930-18930 IC705-Blue...ionManager com.bh6aap.ic705Cter                 I  【蓝牙连接】资源清理完成
2026-03-14 20:22:01.111 18930-18930 IC705-Blue...ionManager com.bh6aap.ic705Cter                 I  【蓝牙连接】断开成功
2026-03-14 20:22:01.112 18930-19044 IC705-Blue...ionManager com.bh6aap.ic705Cter                 I  【蓝牙连接】连接状态变化: CONNECTING
2026-03-14 20:22:01.113 18930-19044 IC705-Blue...pConnector com.bh6aap.ic705Cter                 I  【蓝牙SPP】开始连接到设备: ICOM BT(IC-705) (30:31:7D:FE:E9:47)
2026-03-14 20:22:01.113 18930-19044 IC705-Blue...pConnector com.bh6aap.ic705Cter                 I  【蓝牙SPP】SPP UUID: 00001101-0000-1000-8000-00805F9B34FB
2026-03-14 20:22:01.113 18930-19044 IC705-Blue...pConnector com.bh6aap.ic705Cter                 I  【蓝牙SPP】静默关闭旧连接
2026-03-14 20:22:01.113 18930-19044 IC705-Blue...pConnector com.bh6aap.ic705Cter                 I  【蓝牙SPP】旧连接已关闭
2026-03-14 20:22:01.113 18930-19044 IC705-Blue...pConnector com.bh6aap.ic705Cter                 D  【蓝牙SPP】正在连接到RFCOMM服务...
2026-03-14 20:22:01.119 18930-19044 BluetoothSocket         com.bh6aap.ic705Cter                 I  connect(), SocketState: INIT, mPfd: {ParcelFileDescriptor: java.io.FileDescriptor@ebc104}
2026-03-14 20:22:01.119 18930-19044 BluetoothSocket         com.bh6aap.ic705Cter                 D  mRstricteState = false
2026-03-14 20:22:02.103 18930-19044 BluetoothSocket         com.bh6aap.ic705Cter                 I  connect(), socket connected. mPort=3
2026-03-14 20:22:02.105 18930-19044 IC705-Blue...pConnector com.bh6aap.ic705Cter                 D  【蓝牙SPP】连接成功，获取输入输出流
2026-03-14 20:22:02.105 18930-19044 IC705-Blue...ionManager com.bh6aap.ic705Cter                 I  【蓝牙连接】连接状态变化: CONNECTED
2026-03-14 20:22:02.106 18930-19044 IC705-Blue...pConnector com.bh6aap.ic705Cter                 I  【蓝牙SPP】连接成功，已启动接收线程
2026-03-14 20:22:02.107 18930-20657 IC705-Blue...pConnector com.bh6aap.ic705Cter                 I  【蓝牙SPP】接收线程已启动
2026-03-14 20:22:02.108 18930-18930 IC705-Blue...ionManager com.bh6aap.ic705Cter                 I  【蓝牙连接】连接成功
2026-03-14 20:22:02.620 18930-18930 IC705-Blue...ionManager com.bh6aap.ic705Cter                 I  【蓝牙连接】检查并确保Split模式开启
2026-03-14 20:22:02.620 18930-18930 IC705-CivController     com.bh6aap.ic705Cter                 I  【CIV】确保Split模式开启
2026-03-14 20:22:02.620 18930-18930 IC705-CivController     com.bh6aap.ic705Cter                 I  【CIV】读取 Split 模式状态
2026-03-14 20:22:02.621 18930-18930 IC705-CivController     com.bh6aap.ic705Cter                 I  【CIV】发送指令 0x0F 并等待响应
2026-03-14 20:22:02.622 18930-19044 IC705-Blue...pConnector com.bh6aap.ic705Cter                 D  【蓝牙SPP】发送数据: FEFEA4E00F01FD
2026-03-14 20:22:02.623 18930-19044 IC705-Blue...pConnector com.bh6aap.ic705Cter                 D  【蓝牙SPP】数据发送成功
2026-03-14 20:22:02.660 18930-20657 IC705-Blue...pConnector com.bh6aap.ic705Cter                 D  【蓝牙SPP】读取到 6 字节数据
2026-03-14 20:22:02.660 18930-20657 IC705-Blue...pConnector com.bh6aap.ic705Cter                 I  【蓝牙SPP】收到数据，长度: 6 字节
2026-03-14 20:22:02.660 18930-20657 IC705-Blue...pConnector com.bh6aap.ic705Cter                 D  【蓝牙SPP】接收到的数据: FEFEE0A4FBFD
2026-03-14 20:22:02.660 18930-20657 IC705-Blue...ionManager com.bh6aap.ic705Cter                 D  【蓝牙连接】收到数据: FEFEE0A4FBFD
2026-03-14 20:22:02.660 18930-20657 IC705-Blue...pConnector com.bh6aap.ic705Cter                 I  【蓝牙SPP】提取CIV指令，长度: 6 字节
2026-03-14 20:22:02.660 18930-20657 IC705-Blue...pConnector com.bh6aap.ic705Cter                 D  【蓝牙SPP】提取的CIV指令: FEFEE0A4FBFD
2026-03-14 20:22:02.660 18930-20657 IC705-Blue...pConnector com.bh6aap.ic705Cter                 I  【CIV指令】处理CIV指令
2026-03-14 20:22:02.661 18930-20657 IC705-Blue...pConnector com.bh6aap.ic705Cter                 D  【CIV指令】目标地址: 0xE0
2026-03-14 20:22:02.661 18930-20657 IC705-Blue...pConnector com.bh6aap.ic705Cter                 D  【CIV指令】源地址: 0xA4
2026-03-14 20:22:02.661 18930-20657 IC705-Blue...pConnector com.bh6aap.ic705Cter                 D  【CIV指令】命令代码: 0xFB
2026-03-14 20:22:02.661 18930-20657 IC705-Blue...pConnector com.bh6aap.ic705Cter                 I  【CIV指令】指令来自IC-705电台
2026-03-14 20:22:02.661 18930-20657 IC705-Blue...ionManager com.bh6aap.ic705Cter                 D  【蓝牙连接】收到CIV指令: FEFEE0A4FBFD
2026-03-14 20:22:02.661 18930-20657 IC705-CivController     com.bh6aap.ic705Cter                 I  【CIV解码】成功响应 | 源: IC-705 -> 目标: 控制器 | 数据: FEFEE0A4FBFD
2026-03-14 20:22:02.662 18930-18930 IC705-CivController     com.bh6aap.ic705Cter                 I  【CIV】收到响应
2026-03-14 20:22:02.662 18930-18930 IC705-CivController     com.bh6aap.ic705Cter                 I  【CIV】发送指令 0x0F 并等待响应
2026-03-14 20:22:02.663 18930-19044 IC705-Blue...pConnector com.bh6aap.ic705Cter                 D  【蓝牙SPP】发送数据: FEFEA4E00F00FD
2026-03-14 20:22:02.663 18930-19044 IC705-Blue...pConnector com.bh6aap.ic705Cter                 D  【蓝牙SPP】数据发送成功
2026-03-14 20:22:02.682 18930-20657 IC705-Blue...pConnector com.bh6aap.ic705Cter                 D  【蓝牙SPP】读取到 6 字节数据
2026-03-14 20:22:02.683 18930-20657 IC705-Blue...pConnector com.bh6aap.ic705Cter                 I  【蓝牙SPP】收到数据，长度: 6 字节
2026-03-14 20:22:02.683 18930-20657 IC705-Blue...pConnector com.bh6aap.ic705Cter                 D  【蓝牙SPP】接收到的数据: FEFEE0A4FBFD
2026-03-14 20:22:02.683 18930-20657 IC705-Blue...ionManager com.bh6aap.ic705Cter                 D  【蓝牙连接】收到数据: FEFEE0A4FBFD
2026-03-14 20:22:02.683 18930-20657 IC705-Blue...pConnector com.bh6aap.ic705Cter                 I  【蓝牙SPP】提取CIV指令，长度: 6 字节
2026-03-14 20:22:02.683 18930-20657 IC705-Blue...pConnector com.bh6aap.ic705Cter                 D  【蓝牙SPP】提取的CIV指令: FEFEE0A4FBFD
2026-03-14 20:22:02.683 18930-20657 IC705-Blue...pConnector com.bh6aap.ic705Cter                 I  【CIV指令】处理CIV指令
2026-03-14 20:22:02.683 18930-20657 IC705-Blue...pConnector com.bh6aap.ic705Cter                 D  【CIV指令】目标地址: 0xE0
2026-03-14 20:22:02.683 18930-20657 IC705-Blue...pConnector com.bh6aap.ic705Cter                 D  【CIV指令】源地址: 0xA4
2026-03-14 20:22:02.684 18930-20657 IC705-Blue...pConnector com.bh6aap.ic705Cter                 D  【CIV指令】命令代码: 0xFB
2026-03-14 20:22:02.684 18930-20657 IC705-Blue...pConnector com.bh6aap.ic705Cter                 I  【CIV指令】指令来自IC-705电台
2026-03-14 20:22:02.684 18930-20657 IC705-Blue...ionManager com.bh6aap.ic705Cter                 D  【蓝牙连接】收到CIV指令: FEFEE0A4FBFD
2026-03-14 20:22:02.684 18930-20657 IC705-CivController     com.bh6aap.ic705Cter                 I  【CIV解码】成功响应 | 源: IC-705 -> 目标: 控制器 | 数据: FEFEE0A4FBFD
2026-03-14 20:22:02.685 18930-18930 IC705-CivController     com.bh6aap.ic705Cter                 I  【CIV】收到响应
2026-03-14 20:22:02.685 18930-18930 IC705-CivController     com.bh6aap.ic705Cter                 W  【CIV】无法确定Split状态，返回null
2026-03-14 20:22:02.686 18930-18930 IC705-CivController     com.bh6aap.ic705Cter                 W  【CIV】无法读取Split状态，尝试直接开启...
2026-03-14 20:22:02.686 18930-18930 IC705-CivController     com.bh6aap.ic705Cter                 I  【CIV】设置 Split 模式: 开启
2026-03-14 20:22:02.686 18930-18930 IC705-CivController     com.bh6aap.ic705Cter                 I  【CIV】发送指令 0x0F 并等待响应
2026-03-14 20:22:02.687 18930-19044 IC705-Blue...pConnector com.bh6aap.ic705Cter                 D  【蓝牙SPP】发送数据: FEFEA4E00F01FD
2026-03-14 20:22:02.688 18930-19044 IC705-Blue...pConnector com.bh6aap.ic705Cter                 D  【蓝牙SPP】数据发送成功
2026-03-14 20:22:02.705 18930-20657 IC705-Blue...pConnector com.bh6aap.ic705Cter                 D  【蓝牙SPP】读取到 6 字节数据
2026-03-14 20:22:02.705 18930-20657 IC705-Blue...pConnector com.bh6aap.ic705Cter                 I  【蓝牙SPP】收到数据，长度: 6 字节
2026-03-14 20:22:02.705 18930-20657 IC705-Blue...pConnector com.bh6aap.ic705Cter                 D  【蓝牙SPP】接收到的数据: FEFEE0A4FBFD
2026-03-14 20:22:02.705 18930-20657 IC705-Blue...ionManager com.bh6aap.ic705Cter                 D  【蓝牙连接】收到数据: FEFEE0A4FBFD
2026-03-14 20:22:02.705 18930-20657 IC705-Blue...pConnector com.bh6aap.ic705Cter                 I  【蓝牙SPP】提取CIV指令，长度: 6 字节
2026-03-14 20:22:02.705 18930-20657 IC705-Blue...pConnector com.bh6aap.ic705Cter                 D  【蓝牙SPP】提取的CIV指令: FEFEE0A4FBFD
2026-03-14 20:22:02.705 18930-20657 IC705-Blue...pConnector com.bh6aap.ic705Cter                 I  【CIV指令】处理CIV指令
2026-03-14 20:22:02.705 18930-20657 IC705-Blue...pConnector com.bh6aap.ic705Cter                 D  【CIV指令】目标地址: 0xE0
2026-03-14 20:22:02.705 18930-20657 IC705-Blue...pConnector com.bh6aap.ic705Cter                 D  【CIV指令】源地址: 0xA4
2026-03-14 20:22:02.705 18930-20657 IC705-Blue...pConnector com.bh6aap.ic705Cter                 D  【CIV指令】命令代码: 0xFB
2026-03-14 20:22:02.705 18930-20657 IC705-Blue...pConnector com.bh6aap.ic705Cter                 I  【CIV指令】指令来自IC-705电台
2026-03-14 20:22:02.706 18930-20657 IC705-Blue...ionManager com.bh6aap.ic705Cter                 D  【蓝牙连接】收到CIV指令: FEFEE0A4FBFD
2026-03-14 20:22:02.706 18930-20657 IC705-CivController     com.bh6aap.ic705Cter                 I  【CIV解码】成功响应 | 源: IC-705 -> 目标: 控制器 | 数据: FEFEE0A4FBFD
2026-03-14 20:22:02.707 18930-18930 IC705-CivController     com.bh6aap.ic705Cter                 I  【CIV】收到响应
2026-03-14 20:22:02.707 18930-18930 IC705-CivController     com.bh6aap.ic705Cter                 I  【CIV】Split模式开启命令已发送
2026-03-14 20:22:04.197 18930-18930 MIUIInput               com.bh6aap.ic705Cter                 I  [MotionEvent] ViewRootImpl windowName 'com.bh6aap.ic705Cter/com.bh6aap.ic705Cter.MainActivity', { action=ACTION_DOWN, id[0]=0, pointerCount=1, eventTime=108613543, downTime=108613543, phoneEventTime=20:22:04.193 } moveCount:0
2026-03-14 20:22:04.198 18930-18930 VRI[MainActivity]       com.bh6aap.ic705Cter                 D  getMiuiFreeformStackInfo mTmpFrames.miuiFreeFormStackInfo: null
2026-03-14 20:22:04.321 18930-18930 MIUIInput               com.bh6aap.ic705Cter                 I  [MotionEvent] ViewRootImpl windowName 'com.bh6aap.ic705Cter/com.bh6aap.ic705Cter.MainActivity', { action=ACTION_UP, id[0]=0, pointerCount=1, eventTime=108613659, downTime=108613543, phoneEventTime=20:22:04.309 } moveCount:1
2026-03-14 20:22:04.351 18930-19031 ContentCatcher          com.bh6aap.ic705Cter                 I  SettingTrigger : unregister status observer com.bh6aap.ic705Cter.MainActivity
2026-03-14 20:22:04.353 18930-19031 ContentCatcher          com.bh6aap.ic705Cter                 I  SettingTrigger : unregisterUIAgentListener com.bh6aap.ic705Cter.MainActivity, uid:10663
2026-03-14 20:22:04.359  2885-7199  TransitionChain         system_server                        E  Mismatch between current collecting (TransitionRecord{7ab0723 id=3273 type=OPEN flags=0x0 c=[
                                                                                                       ChangeInfo{da31738 container=ActivityRecord{10014936 u0 com.bh6aap.ic705Cter/.MainActivity t3686} flags=0x0}
                                                                                                       ChangeInfo{970224c container=Display{#0 state=ON size=1080x2400 ROTATION_0} flags=0x0}
                                                                                                       ChangeInfo{1f9f295 container=Task{53331be #3686 type=standard A=10663:com.bh6aap.ic705Cter} flags=0x0}
                                                                                                       ChangeInfo{393dfaa container=ActivityRecord{135324704 u0 com.bh6aap.ic705Cter/.SatelliteTrackingActivity t3686} flags=0x0}
                                                                                                       ChangeInfo{b98379b container=DefaultTaskDisplayArea@207641405 flags=0x0}
                                                                                                    ]
                                                                                                    }) and chain (TransitionRecord{7ab0723 id=3273 type=OPEN flags=0x0 c=[
                                                                                                       ChangeInfo{da31738 container=ActivityRecord{10014936 u0 com.bh6aap.ic705Cter/.MainActivity t3686} flags=0x0}
                                                                                                       ChangeInfo{970224c container=Display{#0 state=ON size=1080x2400 ROTATION_0} flags=0x0}
                                                                                                       ChangeInfo{1f9f295 container=Task{53331be #3686 type=standard A=10663:com.bh6aap.ic705Cter} flags=0x0}
                                                                                                       ChangeInfo{393dfaa container=ActivityRecord{135324704 u0 com.bh6aap.ic705Cter/.SatelliteTrackingActivity t3686} flags=0x0}
                                                                                                       ChangeInfo{b98379b container=DefaultTaskDisplayArea@207641405 flags=0x0}
                                                                                                    ]
                                                                                                    })
2026-03-14 20:22:04.360  2885-7199  TransitionChain         system_server                        E  Mismatch between current collecting (TransitionRecord{7ab0723 id=3273 type=OPEN flags=0x0 c=[
                                                                                                       ChangeInfo{da31738 container=ActivityRecord{10014936 u0 com.bh6aap.ic705Cter/.MainActivity t3686} flags=0x0}
                                                                                                       ChangeInfo{970224c container=Display{#0 state=ON size=1080x2400 ROTATION_0} flags=0x0}
                                                                                                       ChangeInfo{1f9f295 container=Task{53331be #3686 type=standard A=10663:com.bh6aap.ic705Cter} flags=0x0}
                                                                                                       ChangeInfo{393dfaa container=ActivityRecord{135324704 u0 com.bh6aap.ic705Cter/.SatelliteTrackingActivity t3686} flags=0x0}
                                                                                                       ChangeInfo{b98379b container=DefaultTaskDisplayArea@207641405 flags=0x0}
                                                                                                    ]
                                                                                                    }) and chain (TransitionRecord{7ab0723 id=3273 type=OPEN flags=0x0 c=[
                                                                                                       ChangeInfo{da31738 container=ActivityRecord{10014936 u0 com.bh6aap.ic705Cter/.MainActivity t3686} flags=0x0}
                                                                                                       ChangeInfo{970224c container=Display{#0 state=ON size=1080x2400 ROTATION_0} flags=0x0}
                                                                                                       ChangeInfo{1f9f295 container=Task{53331be #3686 type=standard A=10663:com.bh6aap.ic705Cter} flags=0x0}
                                                                                                       ChangeInfo{393dfaa container=ActivityRecord{135324704 u0 com.bh6aap.ic705Cter/.SatelliteTrackingActivity t3686} flags=0x0}
                                                                                                       ChangeInfo{b98379b container=DefaultTaskDisplayArea@207641405 flags=0x0}
                                                                                                    ]
                                                                                                    })
2026-03-14 20:22:04.360 18930-18965 ActivityThread          com.bh6aap.ic705Cter                 I  HardwareRenderer preload  done
2026-03-14 20:22:04.363 18930-19031 ViewContentFactory      com.bh6aap.ic705Cter                 D  initViewContentFetcherClass
2026-03-14 20:22:04.363 18930-19031 ContentCatcher          com.bh6aap.ic705Cter                 I  ViewContentFetcher : ViewContentFetcher
2026-03-14 20:22:04.363 18930-19031 ViewContentFactory      com.bh6aap.ic705Cter                 D  createInterceptor took 0ms
2026-03-14 20:22:04.363 18930-18930 DecorView               com.bh6aap.ic705Cter                 D  updateFreeformOutlineFromActivity, inFreeform=false,inFreeformWindowMode=false
2026-03-14 20:22:04.364 18930-18930 WmSystemUiDebug         com.bh6aap.ic705Cter                 D  set navigation bar color,Alpha=0.0, RGB:0,0,0 caller:androidx.activity.EdgeToEdgeApi35.setUp:343 androidx.activity.EdgeToEdge.enable:100 androidx.activity.EdgeToEdge.enable$default:77 com.bh6aap.ic705Cter.SatelliteTrackingActivity.onCreate:92 android.app.Activity.performCreate:9380 android.app.Activity.performCreate:9323 android.app.Instrumentation.callActivityOnCreate:1537 android.app.ActivityThread.performLaunchActivity:4685 android.app.ActivityThread.handleLaunchActivity:4932 android.app.servertransaction.LaunchActivityItem.execute:222 
2026-03-14 20:22:04.364 18930-19031 ContentCatcherManager   com.bh6aap.ic705Cter                 E  failed to get ContentCatcherService.
2026-03-14 20:22:04.364 18930-19031 ContentCatcherManager   com.bh6aap.ic705Cter                 E  failed to get ContentCatcherService.
2026-03-14 20:22:04.366 18930-18930 Activity                com.bh6aap.ic705Cter                 D  Activity = ActivityInfo{a724c18 com.bh6aap.ic705Cter.SatelliteTrackingActivity}, Resume onConfigurationChanged = {1.0 460mcc7mnc [zh_CN] ldltr sw431dp w431dp h958dp 401dpi nrml long hdr widecg port finger -keyb/v/h -nav/h winConfig={ mBounds=Rect(0, 0 - 1080, 2400) mAppBounds=Rect(0, 0 - 1080, 2400) mMaxBounds=Rect(0, 0 - 1080, 2400) mDisplayRotation=ROTATION_0 mWindowingMode=fullscreen mActivityType=standard mAlwaysOnTop=undefined mRotation=ROTATION_0 mInSplitScreen=false letterBoxed=false foScaled=false isSpecificEmbedded=false embeddingScale=1.0} s.2 fontWeightAdjustment=0/d/o themeChanged=0 themeChangedFlags=0 display=0 extraData = Bundle[{}] screenType=0/o}
2026-03-14 20:22:04.368 18930-19031 ContentCatcher          com.bh6aap.ic705Cter                 I  SettingTrigger : register screen QA status observer com.bh6aap.ic705Cter.SatelliteTrackingActivity
2026-03-14 20:22:04.372 18930-19031 ContentCatcher          com.bh6aap.ic705Cter                 I  SettingTrigger : register global collect status observer com.bh6aap.ic705Cter.SatelliteTrackingActivity
2026-03-14 20:22:04.372 18930-19031 ContentCatcher          com.bh6aap.ic705Cter                 I  SettingTrigger : registerUIAgentListener com.bh6aap.ic705Cter.SatelliteTrackingActivity, uid:10663
2026-03-14 20:22:04.372 18930-18930 IC705-Sens...ionManager com.bh6aap.ic705Cter                 I  传感器融合已启动
2026-03-14 20:22:04.374 18930-19025 HWUI                    com.bh6aap.ic705Cter                 D  TAG_DDRE, CanvasContext::setDdreActivities: 
2026-03-14 20:22:04.374 18930-18930 ViewRootImpl            com.bh6aap.ic705Cter                 I  com.bh6aap.ic705Cter/com.bh6aap.ic705Cter.SatelliteTrackingActivity use first frame acceleration
2026-03-14 20:22:04.377 18930-18930 Choreographer           com.bh6aap.ic705Cter                 I  first vsync insert message into MessageQueue Head
2026-03-14 20:22:04.379 18930-18930 ComputilityLevel        com.bh6aap.ic705Cter                 I  getComputilityLevel(): 5
2026-03-14 20:22:04.409  2885-6907  TransitionChain         system_server                        E  Mismatch between current collecting (TransitionRecord{7ab0723 id=3273 type=OPEN flags=0x0 c=[
                                                                                                       ChangeInfo{da31738 container=ActivityRecord{10014936 u0 com.bh6aap.ic705Cter/.MainActivity t3686} flags=0x0}
                                                                                                       ChangeInfo{970224c container=Display{#0 state=ON size=1080x2400 ROTATION_0} flags=0x0}
                                                                                                       ChangeInfo{1f9f295 container=Task{53331be #3686 type=standard A=10663:com.bh6aap.ic705Cter} flags=0x0}
                                                                                                       ChangeInfo{393dfaa container=ActivityRecord{135324704 u0 com.bh6aap.ic705Cter/.SatelliteTrackingActivity t3686} flags=0x0}
                                                                                                       ChangeInfo{b98379b container=DefaultTaskDisplayArea@207641405 flags=0x0}
                                                                                                    ]
                                                                                                    }) and chain (TransitionRecord{7ab0723 id=3273 type=OPEN flags=0x0 c=[
                                                                                                       ChangeInfo{da31738 container=ActivityRecord{10014936 u0 com.bh6aap.ic705Cter/.MainActivity t3686} flags=0x0}
                                                                                                       ChangeInfo{970224c container=Display{#0 state=ON size=1080x2400 ROTATION_0} flags=0x0}
                                                                                                       ChangeInfo{1f9f295 container=Task{53331be #3686 type=standard A=10663:com.bh6aap.ic705Cter} flags=0x0}
                                                                                                       ChangeInfo{393dfaa container=ActivityRecord{135324704 u0 com.bh6aap.ic705Cter/.SatelliteTrackingActivity t3686} flags=0x0}
                                                                                                       ChangeInfo{b98379b container=DefaultTaskDisplayArea@207641405 flags=0x0}
                                                                                                    ]
                                                                                                    })
2026-03-14 20:22:04.411 18930-18930 libc                    com.bh6aap.ic705Cter                 W  Access denied finding property "vendor.display.enable_optimal_refresh_rate"
2026-03-14 20:22:04.412 18930-18930 libc                    com.bh6aap.ic705Cter                 W  Access denied finding property "vendor.display.enable_optimal_refresh_rate"
2026-03-14 20:22:04.424 18930-18930 VRI[Satell...gActivity] com.bh6aap.ic705Cter                 D  vri.reportNextDraw 0 Rect(0, 0 - 1080, 2400) android.view.ViewRootImpl.performTraversals:5618 android.view.ViewRootImpl.doTraversal:4165 android.view.ViewRootImpl$TraversalRunnable.run:12567 android.view.Choreographer$CallbackRecord.run:2040 android.view.Choreographer$CallbackRecord.run:2049 
2026-03-14 20:22:04.424 18930-18930 VRI[Satell...gActivity] com.bh6aap.ic705Cter                 D  vri.Setup new sync=wmsSync-VRI[SatelliteTrackingActivity]#16
2026-03-14 20:22:04.430 18930-18930 VRI[Satell...gActivity] com.bh6aap.ic705Cter                 D  vri.reportDrawFinished 0 0 Rect(0, 0 - 1080, 2400)
2026-03-14 20:22:04.431 18930-19025 HWUI                    com.bh6aap.ic705Cter                 D  [HWUI] Flag vulkan_enhance_pipeline_cache enabled
2026-03-14 20:22:04.431 18930-19025 HWUI                    com.bh6aap.ic705Cter                 D  [HWUI] EnhanceVkPipelineCache is disabled
2026-03-14 20:22:04.431 18930-19025 HWUI                    com.bh6aap.ic705Cter                 D  [HWUI] Flag ddre enabled
2026-03-14 20:22:04.433 18930-19046 IC705-SatelliteTracker  com.bh6aap.ic705Cter                 D  缓存检查: cachedEarth=true, cachedFrame=true, cachedLocation=(33.904346, 115.786556, 0.0), currentLocation=(33.904346, 115.786556, 0.0)
2026-03-14 20:22:04.433 18930-19046 IC705-SatelliteTracker  com.bh6aap.ic705Cter                 I  地面站使用缓存: 当前位置, 实例=246892469
2026-03-14 20:22:04.433 18930-18930 IC705-GPS定位             com.bh6aap.ic705Cter                 I  【梅登海德】转换成功: 纬度=33.904346, 经度=115.786556 -> OM73VV47
2026-03-14 20:22:04.436 18930-18930 IC705-Sens...ionManager com.bh6aap.ic705Cter                 D  地磁偏角更新: -6.2495217°
2026-03-14 20:22:04.436 18930-18930 IC705-SatelliteTracking com.bh6aap.ic705Cter                 I  地磁偏角已更新: -6.2495217°
2026-03-14 20:22:04.439  2885-2920  WindowManager           system_server                        E   source = ActivityRecord{10014936 u0 com.bh6aap.ic705Cter/.MainActivity t3686} excludeMiuiNavBar = false excludeMiuiStatusBar = false excludeIme = false excludeNavBar = true miuiNavSurfaceControl = null miuiStatusSurfaceControl = null
2026-03-14 20:22:04.439 18930-19352 IC705-SatelliteTracker  com.bh6aap.ic705Cter                 D  轨迹点: JY1SAT (JO-97), 时间=Sat Mar 14 20:40:18 GMT+08:00 2026, 方位=134°, 仰角=0°, 多普勒=-6390 m/s
2026-03-14 20:22:04.440 18930-19352 IC705-SatelliteTracker  com.bh6aap.ic705Cter                 D  轨迹点: JY1SAT (JO-97), 时间=Sat Mar 14 20:40:48 GMT+08:00 2026, 方位=132°, 仰角=1°, 多普勒=-6239 m/s
2026-03-14 20:22:04.440 18930-19352 IC705-SatelliteTracker  com.bh6aap.ic705Cter                 D  轨迹点: JY1SAT (JO-97), 时间=Sat Mar 14 20:41:18 GMT+08:00 2026, 方位=129°, 仰角=3°, 多普勒=-6040 m/s
2026-03-14 20:22:04.441 18930-19352 IC705-SatelliteTracker  com.bh6aap.ic705Cter                 D  轨迹点: JY1SAT (JO-97), 时间=Sat Mar 14 20:41:48 GMT+08:00 2026, 方位=125°, 仰角=5°, 多普勒=-5774 m/s
2026-03-14 20:22:04.441 18930-19352 IC705-SatelliteTracker  com.bh6aap.ic705Cter                 D  轨迹点: JY1SAT (JO-97), 时间=Sat Mar 14 20:42:18 GMT+08:00 2026, 方位=121°, 仰角=7°, 多普勒=-5420 m/s
2026-03-14 20:22:04.442 18930-19352 IC705-SatelliteTracker  com.bh6aap.ic705Cter                 D  轨迹点: JY1SAT (JO-97), 时间=Sat Mar 14 20:42:48 GMT+08:00 2026, 方位=115°, 仰角=10°, 多普勒=-4948 m/s
2026-03-14 20:22:04.443 18930-19352 IC705-SatelliteTracker  com.bh6aap.ic705Cter                 D  轨迹点: JY1SAT (JO-97), 时间=Sat Mar 14 20:43:18 GMT+08:00 2026, 方位=109°, 仰角=12°, 多普勒=-4322 m/s
2026-03-14 20:22:04.443 18930-19352 IC705-SatelliteTracker  com.bh6aap.ic705Cter                 D  轨迹点: JY1SAT (JO-97), 时间=Sat Mar 14 20:43:48 GMT+08:00 2026, 方位=101°, 仰角=14°, 多普勒=-3507 m/s
2026-03-14 20:22:04.443 18930-19352 IC705-SatelliteTracker  com.bh6aap.ic705Cter                 D  轨迹点: JY1SAT (JO-97), 时间=Sat Mar 14 20:44:18 GMT+08:00 2026, 方位=92°, 仰角=16°, 多普勒=-2481 m/s
2026-03-14 20:22:04.444 18930-19352 IC705-SatelliteTracker  com.bh6aap.ic705Cter                 D  轨迹点: JY1SAT (JO-97), 时间=Sat Mar 14 20:44:48 GMT+08:00 2026, 方位=81°, 仰角=17°, 多普勒=-1262 m/s
2026-03-14 20:22:04.444 18930-19352 IC705-SatelliteTracker  com.bh6aap.ic705Cter                 D  轨迹点: JY1SAT (JO-97), 时间=Sat Mar 14 20:45:18 GMT+08:00 2026, 方位=70°, 仰角=18°, 多普勒=73 m/s
2026-03-14 20:22:04.444 18930-19352 IC705-SatelliteTracker  com.bh6aap.ic705Cter                 D  轨迹点: JY1SAT (JO-97), 时间=Sat Mar 14 20:45:48 GMT+08:00 2026, 方位=59°, 仰角=17°, 多普勒=1402 m/s
2026-03-14 20:22:04.445 18930-19352 IC705-SatelliteTracker  com.bh6aap.ic705Cter                 D  轨迹点: JY1SAT (JO-97), 时间=Sat Mar 14 20:46:18 GMT+08:00 2026, 方位=48°, 仰角=16°, 多普勒=2604 m/s
2026-03-14 20:22:04.446 18930-19352 IC705-SatelliteTracker  com.bh6aap.ic705Cter                 D  轨迹点: JY1SAT (JO-97), 时间=Sat Mar 14 20:46:48 GMT+08:00 2026, 方位=39°, 仰角=14°, 多普勒=3609 m/s
2026-03-14 20:22:04.447 18930-19352 IC705-SatelliteTracker  com.bh6aap.ic705Cter                 D  轨迹点: JY1SAT (JO-97), 时间=Sat Mar 14 20:47:18 GMT+08:00 2026, 方位=32°, 仰角=12°, 多普勒=4405 m/s
2026-03-14 20:22:04.448 18930-19352 IC705-SatelliteTracker  com.bh6aap.ic705Cter                 D  轨迹点: JY1SAT (JO-97), 时间=Sat Mar 14 20:47:48 GMT+08:00 2026, 方位=25°, 仰角=9°, 多普勒=5014 m/s
2026-03-14 20:22:04.448 18930-19352 IC705-SatelliteTracker  com.bh6aap.ic705Cter                 D  轨迹点: JY1SAT (JO-97), 时间=Sat Mar 14 20:48:18 GMT+08:00 2026, 方位=20°, 仰角=7°, 多普勒=5473 m/s
2026-03-14 20:22:04.449 18930-19352 IC705-SatelliteTracker  com.bh6aap.ic705Cter                 D  轨迹点: JY1SAT (JO-97), 时间=Sat Mar 14 20:48:48 GMT+08:00 2026, 方位=16°, 仰角=5°, 多普勒=5819 m/s
2026-03-14 20:22:04.450 18930-19352 IC705-SatelliteTracker  com.bh6aap.ic705Cter                 D  轨迹点: JY1SAT (JO-97), 时间=Sat Mar 14 20:49:18 GMT+08:00 2026, 方位=12°, 仰角=3°, 多普勒=6078 m/s
2026-03-14 20:22:04.450 18930-19352 IC705-SatelliteTracker  com.bh6aap.ic705Cter                 D  轨迹点: JY1SAT (JO-97), 时间=Sat Mar 14 20:49:48 GMT+08:00 2026, 方位=9°, 仰角=1°, 多普勒=6274 m/s
2026-03-14 20:22:04.450 18930-19352 IC705-SatelliteTracker  com.bh6aap.ic705Cter                 D  轨迹点: JY1SAT (JO-97), 时间=Sat Mar 14 20:50:18 GMT+08:00 2026, 方位=7°, 仰角=0°, 多普勒=6421 m/s
2026-03-14 20:22:04.451 18930-19352 IC705-SatelliteTracker  com.bh6aap.ic705Cter                 D  轨迹点: JY1SAT (JO-97), 时间=Sat Mar 14 20:50:48 GMT+08:00 2026, 方位=5°, 仰角=-1°, 多普勒=6532 m/s
2026-03-14 20:22:04.451 18930-19352 IC705-SatelliteTracker  com.bh6aap.ic705Cter                 D  轨迹点: JY1SAT (JO-97), 时间=Sat Mar 14 20:51:18 GMT+08:00 2026, 方位=3°, 仰角=-3°, 多普勒=6615 m/s
2026-03-14 20:22:04.451 18930-19352 IC705-SatelliteTracker  com.bh6aap.ic705Cter                 D  轨迹点: JY1SAT (JO-97), 时间=Sat Mar 14 20:51:48 GMT+08:00 2026, 方位=1°, 仰角=-4°, 多普勒=6676 m/s
2026-03-14 20:22:04.452 18930-19352 IC705-SatelliteTracker  com.bh6aap.ic705Cter                 D  轨迹点: JY1SAT (JO-97), 时间=Sat Mar 14 20:52:18 GMT+08:00 2026, 方位=0°, 仰角=-6°, 多普勒=6719 m/s
2026-03-14 20:22:04.452 18930-19352 IC705-SatelliteTracker  com.bh6aap.ic705Cter                 D  轨迹点: JY1SAT (JO-97), 时间=Sat Mar 14 20:52:48 GMT+08:00 2026, 方位=359°, 仰角=-7°, 多普勒=6748 m/s
2026-03-14 20:22:04.452 18930-19352 IC705-SatelliteTracker  com.bh6aap.ic705Cter                 D  轨迹点: JY1SAT (JO-97), 时间=Sat Mar 14 20:53:18 GMT+08:00 2026, 方位=358°, 仰角=-9°, 多普勒=6766 m/s
2026-03-14 20:22:04.453 18930-19352 IC705-SatelliteTracker  com.bh6aap.ic705Cter                 D  轨迹点: JY1SAT (JO-97), 时间=Sat Mar 14 20:53:48 GMT+08:00 2026, 方位=357°, 仰角=-10°, 多普勒=6774 m/s
2026-03-14 20:22:04.453 18930-19352 IC705-SatelliteTracker  com.bh6aap.ic705Cter                 D  轨迹点: JY1SAT (JO-97), 时间=Sat Mar 14 20:54:18 GMT+08:00 2026, 方位=356°, 仰角=-11°, 多普勒=6773 m/s
2026-03-14 20:22:04.453 18930-19352 IC705-SatelliteTracker  com.bh6aap.ic705Cter                 D  轨迹点: JY1SAT (JO-97), 时间=Sat Mar 14 20:54:48 GMT+08:00 2026, 方位=355°, 仰角=-12°, 多普勒=6765 m/s
2026-03-14 20:22:04.454 18930-19352 IC705-SatelliteTracker  com.bh6aap.ic705Cter                 D  轨迹点: JY1SAT (JO-97), 时间=Sat Mar 14 20:55:18 GMT+08:00 2026, 方位=354°, 仰角=-14°, 多普勒=6752 m/s
2026-03-14 20:22:04.454 18930-18930 IC705-SatelliteTracking com.bh6aap.ic705Cter                 I  计算轨迹: JY1SAT (JO-97), AOS=Sat Mar 14 20:40:18 GMT+08:00 2026, LOS=Sat Mar 14 20:50:18 GMT+08:00 2026, 时长=15分钟, 31个点
2026-03-14 20:22:04.455 18930-18930 IC705-Sate...Controller com.bh6aap.ic705Cter                 I  设置目标转发器: U/V SSB Transponder, 类型: LINEAR
2026-03-14 20:22:04.455 18930-18930 IC705-SatelliteTracking com.bh6aap.ic705Cter                 I  卫星类型: 线性, 加载了 3 个转发器，默认选择线性 转发器: U/V SSB Transponder
2026-03-14 20:22:04.466  6911-8214  ActivityManagerWrapper  com.miui.home                        E  getRecentTasksForceIncludingTaskIdIfValid: getRecentTasks: size=12
                                                                                                     mainTaskId=3686   userId=0   windowMode=1   isExcludedFromRecents=false   baseIntent=Intent { act=android.intent.action.MAIN flag=268435456 cmp=ComponentInfo{com.bh6aap.ic705Cter/com.bh6aap.ic705Cter.SplashActivity} }
                                                                                                     mainTaskId=3684   userId=0   windowMode=1   isExcludedFromRecents=false   baseIntent=Intent { act=android.settings.SETTINGS flag=335544320 cmp=ComponentInfo{com.android.settings/com.android.settings.MiuiSettings} }
                                                                                                     mainTaskId=3682   userId=0   windowMode=1   isExcludedFromRecents=false   baseIntent=Intent { act=android.intent.action.MAIN flag=270532608 cmp=ComponentInfo{com.android.contacts/com.android.contacts.activities.TwelveKeyDialer} }
                                                                                                     mainTaskId=3678   userId=0   windowMode=1   isExcludedFromRecents=false   baseIntent=Intent { act=null flag=469762048 cmp=ComponentInfo{com.tencent.mm/com.tencent.mm.ui.chatting.variants.ChattingMainUI} }
                                                                                                     mainTaskId=3422   userId=0   windowMode=1   isExcludedFromRecents=false   baseIntent=Intent { act=android.intent.action.MAIN flag=270532608 cmp=ComponentInfo{com.dragon.read/com.dragon.read.pages.splash.SplashActivity} }
                                                                                                     mainTaskId=3668   userId=0   windowMode=1   isExcludedFromRecents=false   baseIntent=Intent { act=com.tencent.mobileqq.action.MAINACTIVITY flag=335544320 cmp=ComponentInfo{com.tencent.mobileqq/com.tencent.mobileqq.activity.SplashActivity} }
                                                                                                     mainTaskId=3679   userId=0   windowMode=1   isExcludedFromRecents=false   baseIntent=Intent { act=android.intent.action.MAIN flag=270532608 cmp=ComponentInfo{com.android.browser/com.android.browser.launch.SplashActivity} }
                                                                                                     mainTaskId=3672   userId=0   windowMode=1   isExcludedFromRecents=false   baseIntent=Intent { act=android.intent.action.MAIN flag=270532608 cmp=ComponentInfo{com.BH6AAP.Aapsctror/com.BH6AAP.Aapsctror.SplashActivity} }
                                                                                                     mainTaskId=3608   userId=999   windowMode=1   isExcludedFromRecents=false   baseIntent=Intent { act=android.intent.action.MAIN flag=270532608 cmp=ComponentInfo{com.ss.android.ugc.aweme/com.ss.android.ugc.aweme.splash.SplashActivity} }
                                                                                                     mainTaskId=3677   userId=0   windowMode=1   isExcludedFromRecents=false   baseIntent=Intent { act=android.intent.action.MAIN flag=270532608 cmp=ComponentInfo{com.benshikj.ht/com.dw.ht.activitys.SplashActivity} }
                                                                                                     mainTaskId=3655   userId=0   windowMode=1   isExcludedFromRecents=false   baseIntent=Intent { act=android.intent.action.MAIN flag=270532608 cmp=ComponentInfo{cn.com.spdb.mobilebank.per/cn.com.spdb.mobilebank.per.activity.SplashActivity} }
                                                                                                     mainTaskId=3594   userId=0   windowMode=1   isExcludedFromRecents=false   baseIntent=Intent { act=android.intent.action.MAIN flag=270532608 cmp=ComponentInfo{com.netease.cloudmusic/com.netease.cloudmusic.activity.IconChangeDefaultAlias} }
2026-03-14 20:22:04.527 18930-18930 HandWritingStubImpl     com.bh6aap.ic705Cter                 I  refreshLastKeyboardType: 1
2026-03-14 20:22:04.527 18930-18930 HandWritingStubImpl     com.bh6aap.ic705Cter                 I  getCurrentKeyboardType: 1
2026-03-14 20:22:04.529 18930-18930 InsetsController        com.bh6aap.ic705Cter                 D  hide(ime(), fromIme=false)
2026-03-14 20:22:04.529 18930-18930 ImeTracker              com.bh6aap.ic705Cter                 I  com.bh6aap.ic705Cter:3f68ca64: onCancelled at PHASE_CLIENT_ALREADY_HIDDEN
2026-03-14 20:22:04.629 18930-18930 IC705-Sens...ionManager com.bh6aap.ic705Cter                 D  传感器精度变化: 3
2026-03-14 20:22:04.957 18930-18930 VRI[MainActivity]       com.bh6aap.ic705Cter                 D  visibilityChanged oldVisibility=true newVisibility=false
2026-03-14 20:22:04.962 18930-19025 HWUI                    com.bh6aap.ic705Cter                 D  endAllActiveAnimators on 0xb4000076677cce10 (UnprojectedRipple) with handle 0xb4000076477bda40
2026-03-14 20:22:04.970 18930-18930 h6aap.ic705Cter         com.bh6aap.ic705Cter                 W  Binder 0xb4000077e773a7c0 destroyed after setInheritRt before being parceled.
2026-03-14 20:22:04.974 18930-18930 WindowOnBackDispatcher  com.bh6aap.ic705Cter                 W  sendCancelIfRunning: isInProgress=false callback=androidx.navigationevent.OnBackInvokedInput$createOnBackAnimationCallback$1@60384e0
2026-03-14 20:22:05.022 18930-19072 IC705-PredictiveDoppler com.bh6aap.ic705Cter                 D  多普勒预测: 当前=2496Hz, 变化率=-8816Hz/s, 预测=-148Hz (提前300ms)
2026-03-14 20:22:05.546 18930-19072 IC705-PredictiveDoppler com.bh6aap.ic705Cter                 D  多普勒预测: 当前=2496Hz, 变化率=-4553Hz/s, 预测=1130Hz (提前300ms)
2026-03-14 20:22:06.080 18930-19072 IC705-PredictiveDoppler com.bh6aap.ic705Cter                 D  多普勒预测: 当前=2497Hz, 变化率=1Hz/s, 预测=2498Hz (提前300ms)
2026-03-14 20:22:06.589 18930-19072 IC705-PredictiveDoppler com.bh6aap.ic705Cter                 D  多普勒预测: 当前=2498Hz, 变化率=1Hz/s, 预测=2498Hz (提前300ms)
2026-03-14 20:22:06.679 18930-18930 MIUIInput               com.bh6aap.ic705Cter                 I  [MotionEvent] ViewRootImpl windowName 'com.bh6aap.ic705Cter/com.bh6aap.ic705Cter.SatelliteTrackingActivity', { action=ACTION_DOWN, id[0]=0, pointerCount=1, eventTime=108616025, downTime=108616025, phoneEventTime=20:22:06.675 } moveCount:0
2026-03-14 20:22:06.679 18930-18930 VRI[Satell...gActivity] com.bh6aap.ic705Cter                 D  getMiuiFreeformStackInfo mTmpFrames.miuiFreeFormStackInfo: null
2026-03-14 20:22:06.754 18930-18930 MIUIInput               com.bh6aap.ic705Cter                 I  [MotionEvent] ViewRootImpl windowName 'com.bh6aap.ic705Cter/com.bh6aap.ic705Cter.SatelliteTrackingActivity', { action=ACTION_UP, id[0]=0, pointerCount=1, eventTime=108616101, downTime=108616025, phoneEventTime=20:22:06.751 } moveCount:0
2026-03-14 20:22:06.756 18930-18930 IC705-SatelliteTracking com.bh6aap.ic705Cter                 I  按钮点击 - isTracking: false, isConnected: true
2026-03-14 20:22:06.756 18930-18930 IC705-SatelliteTracking com.bh6aap.ic705Cter                 I  点击开始跟踪按钮
2026-03-14 20:22:06.757 18930-18930 IC705-Sate...Controller com.bh6aap.ic705Cter                 I  切换到默认模式
2026-03-14 20:22:06.757 18930-18930 IC705-SatelliteTracking com.bh6aap.ic705Cter                 I  开始跟踪，初始化为转发器上下行模式
2026-03-14 20:22:06.757 18930-18930 IC705-Sate...Controller com.bh6aap.ic705Cter                 I  开始跟踪卫星: U/V SSB Transponder, 类型: LINEAR, 跟踪ID: 1773490926757
2026-03-14 20:22:06.758 18930-18930 IC705-CivController     com.bh6aap.ic705Cter                 I  【CIV】设置 VFO A 频率: 145.867499 MHz
2026-03-14 20:22:06.758 18930-18930 IC705-CivController     com.bh6aap.ic705Cter                 I  【CIV】发送指令 0x25 并等待响应
2026-03-14 20:22:06.759 18930-19072 IC705-Blue...pConnector com.bh6aap.ic705Cter                 D  【蓝牙SPP】发送数据: FEFEA4E025009974864501FD
2026-03-14 20:22:06.759 18930-19072 IC705-Blue...pConnector com.bh6aap.ic705Cter                 D  【蓝牙SPP】数据发送成功
2026-03-14 20:22:06.809 18930-20657 IC705-Blue...pConnector com.bh6aap.ic705Cter                 D  【蓝牙SPP】读取到 6 字节数据
2026-03-14 20:22:06.809 18930-20657 IC705-Blue...pConnector com.bh6aap.ic705Cter                 I  【蓝牙SPP】收到数据，长度: 6 字节
2026-03-14 20:22:06.809 18930-20657 IC705-Blue...pConnector com.bh6aap.ic705Cter                 D  【蓝牙SPP】接收到的数据: FEFEE0A4FBFD
2026-03-14 20:22:06.810 18930-20657 IC705-Blue...ionManager com.bh6aap.ic705Cter                 D  【蓝牙连接】收到数据: FEFEE0A4FBFD
2026-03-14 20:22:06.810 18930-20657 IC705-Blue...pConnector com.bh6aap.ic705Cter                 I  【蓝牙SPP】提取CIV指令，长度: 6 字节
2026-03-14 20:22:06.810 18930-20657 IC705-Blue...pConnector com.bh6aap.ic705Cter                 D  【蓝牙SPP】提取的CIV指令: FEFEE0A4FBFD
2026-03-14 20:22:06.810 18930-20657 IC705-Blue...pConnector com.bh6aap.ic705Cter                 I  【CIV指令】处理CIV指令
2026-03-14 20:22:06.810 18930-20657 IC705-Blue...pConnector com.bh6aap.ic705Cter                 D  【CIV指令】目标地址: 0xE0
2026-03-14 20:22:06.810 18930-20657 IC705-Blue...pConnector com.bh6aap.ic705Cter                 D  【CIV指令】源地址: 0xA4
2026-03-14 20:22:06.810 18930-20657 IC705-Blue...pConnector com.bh6aap.ic705Cter                 D  【CIV指令】命令代码: 0xFB
2026-03-14 20:22:06.810 18930-20657 IC705-Blue...pConnector com.bh6aap.ic705Cter                 I  【CIV指令】指令来自IC-705电台
2026-03-14 20:22:06.810 18930-20657 IC705-Blue...ionManager com.bh6aap.ic705Cter                 D  【蓝牙连接】收到CIV指令: FEFEE0A4FBFD
2026-03-14 20:22:06.810 18930-20657 IC705-CivController     com.bh6aap.ic705Cter                 I  【CIV解码】成功响应 | 源: IC-705 -> 目标: 控制器 | 数据: FEFEE0A4FBFD
2026-03-14 20:22:06.820 18930-18930 IC705-CivController     com.bh6aap.ic705Cter                 I  【CIV】收到响应
2026-03-14 20:22:06.920 18930-18930 IC705-CivController     com.bh6aap.ic705Cter                 I  【CIV】设置 VFO B 频率: 435.102545 MHz
2026-03-14 20:22:06.921 18930-18930 IC705-CivController     com.bh6aap.ic705Cter                 I  【CIV】发送指令 0x25 并等待响应
2026-03-14 20:22:06.922 18930-19072 IC705-Blue...pConnector com.bh6aap.ic705Cter                 D  【蓝牙SPP】发送数据: FEFEA4E025014525103504FD
2026-03-14 20:22:06.922 18930-19072 IC705-Blue...pConnector com.bh6aap.ic705Cter                 D  【蓝牙SPP】数据发送成功
2026-03-14 20:22:07.079 18930-20657 IC705-Blue...pConnector com.bh6aap.ic705Cter                 D  【蓝牙SPP】读取到 6 字节数据
2026-03-14 20:22:07.079 18930-20657 IC705-Blue...pConnector com.bh6aap.ic705Cter                 I  【蓝牙SPP】收到数据，长度: 6 字节
2026-03-14 20:22:07.079 18930-20657 IC705-Blue...pConnector com.bh6aap.ic705Cter                 D  【蓝牙SPP】接收到的数据: FEFEE0A4FBFD
2026-03-14 20:22:07.079 18930-20657 IC705-Blue...ionManager com.bh6aap.ic705Cter                 D  【蓝牙连接】收到数据: FEFEE0A4FBFD
2026-03-14 20:22:07.079 18930-20657 IC705-Blue...pConnector com.bh6aap.ic705Cter                 I  【蓝牙SPP】提取CIV指令，长度: 6 字节
2026-03-14 20:22:07.079 18930-20657 IC705-Blue...pConnector com.bh6aap.ic705Cter                 D  【蓝牙SPP】提取的CIV指令: FEFEE0A4FBFD
2026-03-14 20:22:07.079 18930-20657 IC705-Blue...pConnector com.bh6aap.ic705Cter                 I  【CIV指令】处理CIV指令
2026-03-14 20:22:07.079 18930-20657 IC705-Blue...pConnector com.bh6aap.ic705Cter                 D  【CIV指令】目标地址: 0xE0
2026-03-14 20:22:07.080 18930-20657 IC705-Blue...pConnector com.bh6aap.ic705Cter                 D  【CIV指令】源地址: 0xA4
2026-03-14 20:22:07.080 18930-20657 IC705-Blue...pConnector com.bh6aap.ic705Cter                 D  【CIV指令】命令代码: 0xFB
2026-03-14 20:22:07.080 18930-20657 IC705-Blue...pConnector com.bh6aap.ic705Cter                 I  【CIV指令】指令来自IC-705电台
2026-03-14 20:22:07.080 18930-20657 IC705-Blue...ionManager com.bh6aap.ic705Cter                 D  【蓝牙连接】收到CIV指令: FEFEE0A4FBFD
2026-03-14 20:22:07.080 18930-20657 IC705-CivController     com.bh6aap.ic705Cter                 I  【CIV解码】成功响应 | 源: IC-705 -> 目标: 控制器 | 数据: FEFEE0A4FBFD
2026-03-14 20:22:07.081 18930-18930 IC705-CivController     com.bh6aap.ic705Cter                 I  【CIV】收到响应
2026-03-14 20:22:07.100 18930-19072 IC705-PredictiveDoppler com.bh6aap.ic705Cter                 D  多普勒预测: 当前=2499Hz, 变化率=1Hz/s, 预测=2499Hz (提前300ms)
2026-03-14 20:22:07.282 18930-18930 IC705-CivController     com.bh6aap.ic705Cter                 I  【CIV】设置 VFO A 模式: USB
2026-03-14 20:22:07.282 18930-18930 IC705-CivController     com.bh6aap.ic705Cter                 I  【CIV】发送指令 0x26 并等待响应
2026-03-14 20:22:07.284 18930-19072 IC705-Blue...pConnector com.bh6aap.ic705Cter                 D  【蓝牙SPP】发送数据: FEFEA4E02600010001FD
2026-03-14 20:22:07.284 18930-19072 IC705-Blue...pConnector com.bh6aap.ic705Cter                 D  【蓝牙SPP】数据发送成功
2026-03-14 20:22:07.442 18930-20657 IC705-Blue...pConnector com.bh6aap.ic705Cter                 D  【蓝牙SPP】读取到 6 字节数据
2026-03-14 20:22:07.443 18930-20657 IC705-Blue...pConnector com.bh6aap.ic705Cter                 I  【蓝牙SPP】收到数据，长度: 6 字节
2026-03-14 20:22:07.443 18930-20657 IC705-Blue...pConnector com.bh6aap.ic705Cter                 D  【蓝牙SPP】接收到的数据: FEFEE0A4FBFD
2026-03-14 20:22:07.443 18930-20657 IC705-Blue...ionManager com.bh6aap.ic705Cter                 D  【蓝牙连接】收到数据: FEFEE0A4FBFD
2026-03-14 20:22:07.443 18930-20657 IC705-Blue...pConnector com.bh6aap.ic705Cter                 I  【蓝牙SPP】提取CIV指令，长度: 6 字节
2026-03-14 20:22:07.443 18930-20657 IC705-Blue...pConnector com.bh6aap.ic705Cter                 D  【蓝牙SPP】提取的CIV指令: FEFEE0A4FBFD
2026-03-14 20:22:07.443 18930-20657 IC705-Blue...pConnector com.bh6aap.ic705Cter                 I  【CIV指令】处理CIV指令
